Archive member included to satisfy reference by file (symbol)

C:/Users/white/AppData/Roaming/xPacks/@xpack-dev-tools/arm-none-eabi-gcc/13.2.1-1.1.1/.content/bin/../lib/gcc/arm-none-eabi/13.2.1/thumb/v7e-m+fp/softfp\libgcc.a(_aeabi_uldivmod.o)
                              ./system/src/stm32f4-hal/stm32f4xx_hal_rcc.o (__aeabi_uldivmod)
C:/Users/white/AppData/Roaming/xPacks/@xpack-dev-tools/arm-none-eabi-gcc/13.2.1-1.1.1/.content/bin/../lib/gcc/arm-none-eabi/13.2.1/thumb/v7e-m+fp/softfp\libgcc.a(_udivmoddi4.o)
                              C:/Users/white/AppData/Roaming/xPacks/@xpack-dev-tools/arm-none-eabi-gcc/13.2.1-1.1.1/.content/bin/../lib/gcc/arm-none-eabi/13.2.1/thumb/v7e-m+fp/softfp\libgcc.a(_aeabi_uldivmod.o) (__udivmoddi4)
C:/Users/white/AppData/Roaming/xPacks/@xpack-dev-tools/arm-none-eabi-gcc/13.2.1-1.1.1/.content/bin/../lib/gcc/arm-none-eabi/13.2.1/thumb/v7e-m+fp/softfp\libgcc.a(_dvmd_tls.o)
                              C:/Users/white/AppData/Roaming/xPacks/@xpack-dev-tools/arm-none-eabi-gcc/13.2.1-1.1.1/.content/bin/../lib/gcc/arm-none-eabi/13.2.1/thumb/v7e-m+fp/softfp\libgcc.a(_aeabi_uldivmod.o) (__aeabi_ldiv0)
C:/Users/white/AppData/Roaming/xPacks/@xpack-dev-tools/arm-none-eabi-gcc/13.2.1-1.1.1/.content/bin/../lib/gcc/arm-none-eabi/13.2.1/../../../../arm-none-eabi/lib/thumb/v7e-m+fp/softfp\libg_nano.a(libc_a-exit.o)
                              ./src/main.o (exit)
C:/Users/white/AppData/Roaming/xPacks/@xpack-dev-tools/arm-none-eabi-gcc/13.2.1-1.1.1/.content/bin/../lib/gcc/arm-none-eabi/13.2.1/../../../../arm-none-eabi/lib/thumb/v7e-m+fp/softfp\libg_nano.a(libc_a-rand.o)
                              ./src/main.o (rand)
C:/Users/white/AppData/Roaming/xPacks/@xpack-dev-tools/arm-none-eabi-gcc/13.2.1-1.1.1/.content/bin/../lib/gcc/arm-none-eabi/13.2.1/../../../../arm-none-eabi/lib/thumb/v7e-m+fp/softfp\libg_nano.a(libc_a-ctype_.o)
                              ./system/src/newlib/syscalls.o (_ctype_)
C:/Users/white/AppData/Roaming/xPacks/@xpack-dev-tools/arm-none-eabi-gcc/13.2.1-1.1.1/.content/bin/../lib/gcc/arm-none-eabi/13.2.1/../../../../arm-none-eabi/lib/thumb/v7e-m+fp/softfp\libg_nano.a(libc_a-fclose.o)
                              ./src/main.o (fclose)
C:/Users/white/AppData/Roaming/xPacks/@xpack-dev-tools/arm-none-eabi-gcc/13.2.1-1.1.1/.content/bin/../lib/gcc/arm-none-eabi/13.2.1/../../../../arm-none-eabi/lib/thumb/v7e-m+fp/softfp\libg_nano.a(libc_a-fflush.o)
                              C:/Users/white/AppData/Roaming/xPacks/@xpack-dev-tools/arm-none-eabi-gcc/13.2.1-1.1.1/.content/bin/../lib/gcc/arm-none-eabi/13.2.1/../../../../arm-none-eabi/lib/thumb/v7e-m+fp/softfp\libg_nano.a(libc_a-fclose.o) (__sflush_r)
C:/Users/white/AppData/Roaming/xPacks/@xpack-dev-tools/arm-none-eabi-gcc/13.2.1-1.1.1/.content/bin/../lib/gcc/arm-none-eabi/13.2.1/../../../../arm-none-eabi/lib/thumb/v7e-m+fp/softfp\libg_nano.a(libc_a-findfp.o)
                              C:/Users/white/AppData/Roaming/xPacks/@xpack-dev-tools/arm-none-eabi-gcc/13.2.1-1.1.1/.content/bin/../lib/gcc/arm-none-eabi/13.2.1/../../../../arm-none-eabi/lib/thumb/v7e-m+fp/softfp\libg_nano.a(libc_a-fflush.o) (__sglue)
C:/Users/white/AppData/Roaming/xPacks/@xpack-dev-tools/arm-none-eabi-gcc/13.2.1-1.1.1/.content/bin/../lib/gcc/arm-none-eabi/13.2.1/../../../../arm-none-eabi/lib/thumb/v7e-m+fp/softfp\libg_nano.a(libc_a-fopen.o)
                              ./src/main.o (fopen)
C:/Users/white/AppData/Roaming/xPacks/@xpack-dev-tools/arm-none-eabi-gcc/13.2.1-1.1.1/.content/bin/../lib/gcc/arm-none-eabi/13.2.1/../../../../arm-none-eabi/lib/thumb/v7e-m+fp/softfp\libg_nano.a(libc_a-fprintf.o)
                              ./src/main.o (fprintf)
C:/Users/white/AppData/Roaming/xPacks/@xpack-dev-tools/arm-none-eabi-gcc/13.2.1-1.1.1/.content/bin/../lib/gcc/arm-none-eabi/13.2.1/../../../../arm-none-eabi/lib/thumb/v7e-m+fp/softfp\libg_nano.a(libc_a-fseek.o)
                              C:/Users/white/AppData/Roaming/xPacks/@xpack-dev-tools/arm-none-eabi-gcc/13.2.1-1.1.1/.content/bin/../lib/gcc/arm-none-eabi/13.2.1/../../../../arm-none-eabi/lib/thumb/v7e-m+fp/softfp\libg_nano.a(libc_a-fopen.o) (_fseek_r)
C:/Users/white/AppData/Roaming/xPacks/@xpack-dev-tools/arm-none-eabi-gcc/13.2.1-1.1.1/.content/bin/../lib/gcc/arm-none-eabi/13.2.1/../../../../arm-none-eabi/lib/thumb/v7e-m+fp/softfp\libg_nano.a(libc_a-fwalk.o)
                              C:/Users/white/AppData/Roaming/xPacks/@xpack-dev-tools/arm-none-eabi-gcc/13.2.1-1.1.1/.content/bin/../lib/gcc/arm-none-eabi/13.2.1/../../../../arm-none-eabi/lib/thumb/v7e-m+fp/softfp\libg_nano.a(libc_a-fflush.o) (_fwalk_sglue)
C:/Users/white/AppData/Roaming/xPacks/@xpack-dev-tools/arm-none-eabi-gcc/13.2.1-1.1.1/.content/bin/../lib/gcc/arm-none-eabi/13.2.1/../../../../arm-none-eabi/lib/thumb/v7e-m+fp/softfp\libg_nano.a(libc_a-fwrite.o)
                              ./src/main.o (fwrite)
[...]
Memory Configuration

Name             Origin             Length             Attributes
RAM              0x20000000         0x00020000         xrw
CCMRAM           0x10000000         0x00010000         xrw
FLASH            0x08000000         0x00100000         xr
FLASHB1          0x00000000         0x00000000         xr
EXTMEMB0         0x00000000         0x00000000         xr
EXTMEMB1         0x00000000         0x00000000         xr
EXTMEMB2         0x00000000         0x00000000         xr
EXTMEMB3         0x00000000         0x00000000         xr
MEMORY_ARRAY     0x20002000         0x00000020         xrw
*default*        0x00000000         0xffffffff

Linker script and memory map

LOAD ./system/src/stm32f4-hal/stm32f4xx_hal.o
LOAD ./system/src/stm32f4-hal/stm32f4xx_hal_cortex.o
LOAD ./system/src/stm32f4-hal/stm32f4xx_hal_flash.o
LOAD ./system/src/stm32f4-hal/stm32f4xx_hal_flash_ex.o
LOAD ./system/src/stm32f4-hal/stm32f4xx_hal_flash_ramfunc.o
LOAD ./system/src/stm32f4-hal/stm32f4xx_hal_gpio.o
LOAD ./system/src/stm32f4-hal/stm32f4xx_hal_iwdg.o
LOAD ./system/src/stm32f4-hal/stm32f4xx_hal_pwr.o
LOAD ./system/src/stm32f4-hal/stm32f4xx_hal_rcc.o
LOAD ./system/src/newlib/assert.o
LOAD ./system/src/newlib/cxx.o
LOAD ./system/src/newlib/exit.o
LOAD ./system/src/newlib/sbrk.o
LOAD ./system/src/newlib/startup.o
LOAD ./system/src/newlib/syscalls.o
LOAD ./system/src/diag/trace-impl.o
LOAD ./system/src/diag/trace.o
LOAD ./system/src/cortexm/exception-handlers.o
LOAD ./system/src/cortexm/initialize-hardware.o
LOAD ./system/src/cortexm/reset-hardware.o
LOAD ./system/src/cmsis/system_stm32f4xx.o
LOAD ./system/src/cmsis/vectors_stm32f407xx.o
LOAD ./src/initialize-hardware.o
LOAD ./src/led.o
LOAD ./src/main.o
LOAD ./src/stm32f4xx_hal_msp.o
LOAD ./src/write.o
LOAD ./FreeRTOS Source/portable/MemMang/heap_4.o
LOAD ./FreeRTOS Source/portable/GCC/ARM_CM4F/port.o
LOAD ./FreeRTOS Source/croutine.o
LOAD ./FreeRTOS Source/event_groups.o
LOAD ./FreeRTOS Source/list.o
LOAD ./FreeRTOS Source/queue.o
LOAD ./FreeRTOS Source/tasks.o
LOAD ./FreeRTOS Source/timers.o
LOAD C:/Users/white/AppData/Roaming/xPacks/@xpack-dev-tools/arm-none-eabi-gcc/13.2.1-1.1.1/.content/bin/../lib/gcc/arm-none-eabi/13.2.1/../../../../arm-none-eabi/lib/thumb/v7e-m+fp/softfp\libstdc++_nano.a
LOAD C:/Users/white/AppData/Roaming/xPacks/@xpack-dev-tools/arm-none-eabi-gcc/13.2.1-1.1.1/.content/bin/../lib/gcc/arm-none-eabi/13.2.1/../../../../arm-none-eabi/lib/thumb/v7e-m+fp/softfp\libm.a
START GROUP
LOAD C:/Users/white/AppData/Roaming/xPacks/@xpack-dev-tools/arm-none-eabi-gcc/13.2.1-1.1.1/.content/bin/../lib/gcc/arm-none-eabi/13.2.1/thumb/v7e-m+fp/softfp\libgcc.a
LOAD C:/Users/white/AppData/Roaming/xPacks/@xpack-dev-tools/arm-none-eabi-gcc/13.2.1-1.1.1/.content/bin/../lib/gcc/arm-none-eabi/13.2.1/../../../../arm-none-eabi/lib/thumb/v7e-m+fp/softfp\libg_nano.a
LOAD C:/Users/white/AppData/Roaming/xPacks/@xpack-dev-tools/arm-none-eabi-gcc/13.2.1-1.1.1/.content/bin/../lib/gcc/arm-none-eabi/13.2.1/../../../../arm-none-eabi/lib/thumb/v7e-m+fp/softfp\libc_nano.a
END GROUP
START GROUP
LOAD C:/Users/white/AppData/Roaming/xPacks/@xpack-dev-tools/arm-none-eabi-gcc/13.2.1-1.1.1/.content/bin/../lib/gcc/arm-none-eabi/13.2.1/thumb/v7e-m+fp/softfp\libgcc.a
LOAD C:/Users/white/AppData/Roaming/xPacks/@xpack-dev-tools/arm-none-eabi-gcc/13.2.1-1.1.1/.content/bin/../lib/gcc/arm-none-eabi/13.2.1/../../../../arm-none-eabi/lib/thumb/v7e-m+fp/softfp\libc_nano.a
END GROUP
                0x20020000                        __stack = (ORIGIN (RAM) + LENGTH (RAM))
                0x20020000                        _estack = __stack
                0x00000400                        __Main_Stack_Size = 0x400
                [!provide]                        PROVIDE (_Main_Stack_Size = __Main_Stack_Size)
                0x2001fc00                        __Main_Stack_Limit = (__stack - __Main_Stack_Size)
                [!provide]                        PROVIDE (_Main_Stack_Limit = __Main_Stack_Limit)
                0x00000100                        _Minimum_Stack_Size = 0x100
                0x200131f8                        PROVIDE (_Heap_Begin = _end_noinit)
                0x2001fc00                        PROVIDE (_Heap_Limit = (__stack - __Main_Stack_Size))

.isr_vector     0x08000000      0x3e8
 FILL mask 0xff
                0x08000000                        __vectors_start = ABSOLUTE (.)
                0x08000000                        __vectors_start__ = ABSOLUTE (.)
 *(.isr_vector)
 .isr_vector    0x08000000      0x188 ./system/src/cmsis/vectors_stm32f407xx.o
                0x08000000                __isr_vectors
 *(.cfmconfig)
 *(.after_vectors .after_vectors.*)
 .after_vectors
                0x08000188      0x130 ./system/src/newlib/startup.o
                0x08000188                _start
 .after_vectors
                0x080002b8      0x12c ./system/src/cortexm/exception-handlers.o
                0x080002b8                Reset_Handler
                0x080002be                NMI_Handler
                0x080002c2                HardFault_Handler
                0x080002d6                HardFault_Handler_C
                0x08000334                MemManage_Handler
                0x08000338                BusFault_Handler
                0x0800034c                BusFault_Handler_C
                0x08000380                UsageFault_Handler
                0x08000394                UsageFault_Handler_C
                0x080003cc                DebugMon_Handler
 .after_vectors
                0x080003e4        0x4 ./system/src/cmsis/vectors_stm32f407xx.o
                0x080003e4                RTC_Alarm_IRQHandler
                0x080003e4                HASH_RNG_IRQHandler
                0x080003e4                EXTI2_IRQHandler
                0x080003e4                TIM8_CC_IRQHandler
                0x080003e4                TIM1_CC_IRQHandler
                0x080003e4                DMA2_Stream5_IRQHandler
                0x080003e4                DMA1_Stream5_IRQHandler
                0x080003e4                PVD_IRQHandler
                0x080003e4                SDIO_IRQHandler
                0x080003e4                TAMP_STAMP_IRQHandler
                0x080003e4                CAN2_RX1_IRQHandler
                0x080003e4                EXTI3_IRQHandler
                0x080003e4                TIM8_TRG_COM_TIM14_IRQHandler
                0x080003e4                TIM1_UP_TIM10_IRQHandler
                0x080003e4                TIM8_UP_TIM13_IRQHandler
                0x080003e4                I2C3_ER_IRQHandler
                0x080003e4                EXTI0_IRQHandler
                0x080003e4                I2C2_EV_IRQHandler
                0x080003e4                DMA1_Stream2_IRQHandler
                0x080003e4                CAN1_RX0_IRQHandler
                0x080003e4                FPU_IRQHandler
                0x080003e4                OTG_HS_WKUP_IRQHandler
                0x080003e4                CAN2_SCE_IRQHandler
                0x080003e4                DMA2_Stream2_IRQHandler
                0x080003e4                SPI1_IRQHandler
                0x080003e4                TIM6_DAC_IRQHandler
                0x080003e4                TIM1_BRK_TIM9_IRQHandler
                0x080003e4                DCMI_IRQHandler
                0x080003e4                CAN2_RX0_IRQHandler
                0x080003e4                DMA2_Stream3_IRQHandler
                0x080003e4                USART6_IRQHandler
                0x080003e4                USART3_IRQHandler
                0x080003e4                CAN1_RX1_IRQHandler
                0x080003e4                UART5_IRQHandler
                0x080003e4                DMA2_Stream0_IRQHandler
                0x080003e4                TIM4_IRQHandler
                0x080003e4                I2C1_EV_IRQHandler
                0x080003e4                DMA1_Stream6_IRQHandler
                0x080003e4                DMA1_Stream1_IRQHandler
                0x080003e4                UART4_IRQHandler
                0x080003e4                TIM3_IRQHandler
                0x080003e4                RCC_IRQHandler
                0x080003e4                TIM8_BRK_TIM12_IRQHandler
                0x080003e4                Default_Handler
                0x080003e4                EXTI15_10_IRQHandler
                0x080003e4                ADC_IRQHandler
                0x080003e4                DMA1_Stream7_IRQHandler
                0x080003e4                TIM7_IRQHandler
                0x080003e4                CAN2_TX_IRQHandler
                0x080003e4                TIM5_IRQHandler
                0x080003e4                DMA2_Stream7_IRQHandler
                0x080003e4                I2C3_EV_IRQHandler
                0x080003e4                EXTI9_5_IRQHandler
                0x080003e4                RTC_WKUP_IRQHandler
                0x080003e4                ETH_WKUP_IRQHandler
                0x080003e4                SPI2_IRQHandler
                0x080003e4                OTG_HS_EP1_IN_IRQHandler
                0x080003e4                DMA1_Stream0_IRQHandler
                0x080003e4                CAN1_TX_IRQHandler
                0x080003e4                EXTI4_IRQHandler
                0x080003e4                ETH_IRQHandler
                0x080003e4                OTG_HS_EP1_OUT_IRQHandler
                0x080003e4                WWDG_IRQHandler
                0x080003e4                TIM2_IRQHandler
                0x080003e4                OTG_FS_WKUP_IRQHandler
                0x080003e4                TIM1_TRG_COM_TIM11_IRQHandler
                0x080003e4                OTG_HS_IRQHandler
                0x080003e4                EXTI1_IRQHandler
                0x080003e4                USART2_IRQHandler
                0x080003e4                I2C2_ER_IRQHandler
                0x080003e4                DMA2_Stream1_IRQHandler
                0x080003e4                CAN1_SCE_IRQHandler
                0x080003e4                FLASH_IRQHandler
                0x080003e4                DMA2_Stream4_IRQHandler
                0x080003e4                USART1_IRQHandler
                0x080003e4                OTG_FS_IRQHandler
                0x080003e4                SPI3_IRQHandler
                0x080003e4                DMA1_Stream4_IRQHandler
                0x080003e4                I2C1_ER_IRQHandler
                0x080003e4                FMC_IRQHandler
                0x080003e4                DMA2_Stream6_IRQHandler
                0x080003e4                DMA1_Stream3_IRQHandler

.inits          0x080003e8       0x28
                0x080003e8                        __data_regions_array_start = .
                0x080003e8        0x4 LONG 0x8006508 LOADADDR (.data)
                0x080003ec        0x4 LONG 0x20000000 ADDR (.data)
                0x080003f0        0x4 LONG 0x200000ac (ADDR (.data) + SIZEOF (.data))
                0x080003f4        0x4 LONG 0x8006508 LOADADDR (.data_CCMRAM)
                0x080003f8        0x4 LONG 0x10000000 ADDR (.data_CCMRAM)
                0x080003fc        0x4 LONG 0x10000000 (ADDR (.data_CCMRAM) + SIZEOF (.data_CCMRAM))
                0x08000400                        __data_regions_array_end = .
                0x08000400                        __bss_regions_array_start = .
                0x08000400        0x4 LONG 0x200000ac ADDR (.bss)
                0x08000404        0x4 LONG 0x200131f8 (ADDR (.bss) + SIZEOF (.bss))
                0x08000408        0x4 LONG 0x10000000 ADDR (.bss_CCMRAM)
                0x0800040c        0x4 LONG 0x10000000 (ADDR (.bss_CCMRAM) + SIZEOF (.bss_CCMRAM))
                0x08000410                        __bss_regions_array_end = .
 *(.init)
 *(.fini)
                0x08000410                        . = ALIGN (0x4)
                0x08000410                        PROVIDE (__preinit_array_start = .)
 *(.preinit_array_sysinit .preinit_array_sysinit.*)
 *(.preinit_array_platform .preinit_array_platform.*)
 *(.preinit_array .preinit_array.*)
                0x08000410                        PROVIDE (__preinit_array_end = .)
                0x08000410                        . = ALIGN (0x4)
                0x08000410                        PROVIDE (__init_array_start = .)
 *(SORT_BY_NAME(.init_array.*))
 *(.init_array)
                0x08000410                        PROVIDE (__init_array_end = .)
                0x08000410                        . = ALIGN (0x4)
                0x08000410                        PROVIDE (__fini_array_start = .)
 *(SORT_BY_NAME(.fini_array.*))
 *(.fini_array)
                0x08000410                        PROVIDE (__fini_array_end = .)

.flashtext
 *(.flashtext .flashtext.*)

.text           0x08000410     0x60f0
 *(.text .text.*)
 .text.HAL_InitTick
                0x08000410       0x4c ./system/src/stm32f4-hal/stm32f4xx_hal.o
                0x08000410                HAL_InitTick
 .text.HAL_Init
                0x0800045c       0x34 ./system/src/stm32f4-hal/stm32f4xx_hal.o
                0x0800045c                HAL_Init
 .text.HAL_GetTick
                0x08000490        0xc ./system/src/stm32f4-hal/stm32f4xx_hal.o
                0x08000490                HAL_GetTick
 .text.__NVIC_SetPriority
                0x0800049c       0x28 ./system/src/stm32f4-hal/stm32f4xx_hal_cortex.o
 .text.NVIC_EncodePriority
                0x080004c4       0x3e ./system/src/stm32f4-hal/stm32f4xx_hal_cortex.o
 *fill*         0x08000502        0x2 
 .text.HAL_NVIC_SetPriorityGrouping
                0x08000504       0x3c ./system/src/stm32f4-hal/stm32f4xx_hal_cortex.o
                0x08000504                HAL_NVIC_SetPriorityGrouping
 .text.HAL_NVIC_SetPriority
                0x08000540       0x48 ./system/src/stm32f4-hal/stm32f4xx_hal_cortex.o
                0x08000540                HAL_NVIC_SetPriority
 .text.HAL_SYSTICK_Config
                0x08000588       0x28 ./system/src/stm32f4-hal/stm32f4xx_hal_cortex.o
                0x08000588                HAL_SYSTICK_Config
 .text.HAL_SYSTICK_CLKSourceConfig
                0x080005b0       0x34 ./system/src/stm32f4-hal/stm32f4xx_hal_cortex.o
                0x080005b0                HAL_SYSTICK_CLKSourceConfig
 .text.HAL_GPIO_Init
                0x080005e4      0x2c0 ./system/src/stm32f4-hal/stm32f4xx_hal_gpio.o
                0x080005e4                HAL_GPIO_Init
 .text.HAL_RCC_OscConfig
                0x080008a4      0x4f0 ./system/src/stm32f4-hal/stm32f4xx_hal_rcc.o
                0x080008a4                HAL_RCC_OscConfig
 .text.HAL_RCC_GetSysClockFreq
                0x08000d94       0xdc ./system/src/stm32f4-hal/stm32f4xx_hal_rcc.o
                0x08000d94                HAL_RCC_GetSysClockFreq
 .text.HAL_RCC_ClockConfig
                0x08000e70      0x224 ./system/src/stm32f4-hal/stm32f4xx_hal_rcc.o
                0x08000e70                HAL_RCC_ClockConfig
 .text.HAL_RCC_GetHCLKFreq
                0x08001094        0xc ./system/src/stm32f4-hal/stm32f4xx_hal_rcc.o
                0x08001094                HAL_RCC_GetHCLKFreq
 .text.__assert_func
                0x080010a0       0x34 ./system/src/newlib/assert.o
                0x080010a0                __assert_func
 .text.abort    0x080010d4       0x14 ./system/src/newlib/exit.o
                0x080010d4                abort
 .text._sbrk    0x080010e8       0x44 ./system/src/newlib/sbrk.o
                0x080010e8                _sbrk
 .text.newslot  0x0800112c       0x28 ./system/src/newlib/syscalls.o
 .text.get_errno
                0x08001154       0x12 ./system/src/newlib/syscalls.o
 .text.error    0x08001166       0x14 ./system/src/newlib/syscalls.o
 .text.checkerror
                0x0800117a       0x10 ./system/src/newlib/syscalls.o
 *fill*         0x0800118a        0x2 
 .text.findslot
                0x0800118c       0x3c ./system/src/newlib/syscalls.o
 .text._exit    0x080011c8       0x20 ./system/src/newlib/syscalls.o
                0x080011c8                _exit
 .text.initialise_monitor_handles
                0x080011e8       0xa8 ./system/src/newlib/syscalls.o
                0x080011e8                initialise_monitor_handles
 .text.__initialize_args
                0x08001290       0xc0 ./system/src/newlib/syscalls.o
                0x08001290                __initialize_args
 .text._swiread
                0x08001350       0x20 ./system/src/newlib/syscalls.o
                0x08001350                _swiread
 .text._read    0x08001370       0x36 ./system/src/newlib/syscalls.o
                0x08001370                _read
 .text._swilseek
                0x080013a6       0x96 ./system/src/newlib/syscalls.o
                0x080013a6                _swilseek
 .text._lseek   0x0800143c        0x8 ./system/src/newlib/syscalls.o
                0x0800143c                _lseek
 .text._swiwrite
                0x08001444       0x20 ./system/src/newlib/syscalls.o
                0x08001444                _swiwrite
 .text._write   0x08001464       0x46 ./system/src/newlib/syscalls.o
                0x08001464                _write
 .text._swiclose
                0x080014aa       0x1c ./system/src/newlib/syscalls.o
                0x080014aa                _swiclose
 *fill*         0x080014c6        0x2 
 .text._close   0x080014c8       0x48 ./system/src/newlib/syscalls.o
                0x080014c8                _close
 .text._swistat
                0x08001510       0x44 ./system/src/newlib/syscalls.o
                0x08001510                _swistat
 .text._fstat   0x08001554       0x1a ./system/src/newlib/syscalls.o
                0x08001554                _fstat
 .text._stat    0x0800156e       0x3e ./system/src/newlib/syscalls.o
                0x0800156e                _stat
 .text._swiopen
                0x080015ac       0xb0 ./system/src/newlib/syscalls.o
                0x080015ac                _swiopen
 .text._open    0x0800165c       0x12 ./system/src/newlib/syscalls.o
                0x0800165c                _open
 .text._isatty  0x0800166e       0x36 ./system/src/newlib/syscalls.o
                0x0800166e                _isatty
 .text._trace_write_semihosting_debug
                0x080016a4       0x62 ./system/src/diag/trace-impl.o
 .text.trace_write
                0x08001706        0x8 ./system/src/diag/trace-impl.o
                0x08001706                trace_write
 *fill*         0x0800170e        0x2 
 .text.trace_printf
                0x08001710       0x34 ./system/src/diag/trace.o
                0x08001710                trace_printf
 .text.trace_puts
                0x08001744       0x20 ./system/src/diag/trace.o
                0x08001744                trace_puts
 .text.__NVIC_SystemReset
                0x08001764       0x24 ./system/src/cortexm/exception-handlers.o
 .text.dumpExceptionStack
                0x08001788       0xf4 ./system/src/cortexm/exception-handlers.o
                0x08001788                dumpExceptionStack
 .text.isSemihosting
                0x0800187c       0xe0 ./system/src/cortexm/exception-handlers.o
                0x0800187c                isSemihosting
 .text.__initialize_hardware_early
                0x0800195c       0x18 ./system/src/cortexm/initialize-hardware.o
                0x0800195c                __initialize_hardware_early
 .text.SystemInit
                0x08001974       0x10 ./system/src/cmsis/system_stm32f4xx.o
                0x08001974                SystemInit
 .text.SystemCoreClockUpdate
                0x08001984       0xa0 ./system/src/cmsis/system_stm32f4xx.o
                0x08001984                SystemCoreClockUpdate
 .text.SystemClock_Config
                0x08001a24       0xa0 ./src/initialize-hardware.o
                0x08001a24                SystemClock_Config
 .text.__initialize_hardware
                0x08001ac4       0x10 ./src/initialize-hardware.o
                0x08001ac4                __initialize_hardware
 .text.assert_failed
                0x08001ad4       0x14 ./src/initialize-hardware.o
                0x08001ad4                assert_failed
 .text.createLed
                0x08001ae8       0x10 ./src/led.o
                0x08001ae8                createLed
 .text.turn_on  0x08001af8       0x2c ./src/led.o
                0x08001af8                turn_on
 .text.turn_off
                0x08001b24       0x2c ./src/led.o
                0x08001b24                turn_off
 .text.power_up
                0x08001b50       0x40 ./src/led.o
                0x08001b50                power_up
 .text.isOn     0x08001b90       0x40 ./src/led.o
                0x08001b90                isOn
 .text.prvAutoReloadTimerCallback
                0x08001bd0       0x2c ./src/main.o
 .text.prvOneShotTimerCallback
                0x08001bfc       0x18 ./src/main.o
 .text.vReceiverTimerCallback
                0x08001c14       0x20 ./src/main.o
 .text.vSender3TimerCallback
                0x08001c34       0x20 ./src/main.o
 .text.vSender2TimerCallback
                0x08001c54       0x18 ./src/main.o
 .text.vSender1TimerCallback
                0x08001c6c       0x24 ./src/main.o
 .text.Sender3  0x08001c90       0xb4 ./src/main.o
 .text.Sender2  0x08001d44       0x8c ./src/main.o
 .text.Sender1  0x08001dd0       0x8c ./src/main.o
 .text.uniform_dist
                0x08001e5c       0x28 ./src/main.o
                0x08001e5c                uniform_dist
 .text.Reset    0x08001e84      0x278 ./src/main.o
                0x08001e84                Reset
 .text.Receiver
                0x080020fc       0x70 ./src/main.o
 .text.main     0x0800216c      0x318 ./src/main.o
                0x0800216c                main
 .text.vApplicationMallocFailedHook
                0x08002484        0x2 ./src/main.o
                0x08002484                vApplicationMallocFailedHook
 .text.vApplicationStackOverflowHook
                0x08002486        0x2 ./src/main.o
                0x08002486                vApplicationStackOverflowHook
 .text.vApplicationIdleHook
                0x08002488       0x12 ./src/main.o
                0x08002488                vApplicationIdleHook
 .text.vApplicationTickHook
                0x0800249a        0x2 ./src/main.o
                0x0800249a                vApplicationTickHook
 .text.HAL_MspInit
                0x0800249c        0x2 ./src/stm32f4xx_hal_msp.o
                0x0800249c                HAL_MspInit
 *fill*         0x0800249e        0x2 
 .text.prvHeapInit
                0x080024a0       0x64 ./FreeRTOS Source/portable/MemMang/heap_4.o
 .text.prvInsertBlockIntoFreeList
                0x08002504       0x64 ./FreeRTOS Source/portable/MemMang/heap_4.o
 .text.pvPortMalloc
                0x08002568      0x10c ./FreeRTOS Source/portable/MemMang/heap_4.o
                0x08002568                pvPortMalloc
 .text.vPortFree
                0x08002674       0x70 ./FreeRTOS Source/portable/MemMang/heap_4.o
                0x08002674                vPortFree
 .text.xPortGetFreeHeapSize
                0x080026e4        0xc ./FreeRTOS Source/portable/MemMang/heap_4.o
                0x080026e4                xPortGetFreeHeapSize
 .text.prvTaskExitError
                0x080026f0       0x34 ./FreeRTOS Source/portable/GCC/ARM_CM4F/port.o
 .text.prvPortStartFirstTask
                0x08002724       0x20 ./FreeRTOS Source/portable/GCC/ARM_CM4F/port.o
 .text.pxPortInitialiseStack
                0x08002744       0x2c ./FreeRTOS Source/portable/GCC/ARM_CM4F/port.o
                0x08002744                pxPortInitialiseStack
 .text.SVC_Handler
                0x08002770       0x24 ./FreeRTOS Source/portable/GCC/ARM_CM4F/port.o
                0x08002770                SVC_Handler
 .text.vPortEnterCritical
                0x08002794       0x44 ./FreeRTOS Source/portable/GCC/ARM_CM4F/port.o
                0x08002794                vPortEnterCritical
 .text.vPortExitCritical
                0x080027d8       0x2c ./FreeRTOS Source/portable/GCC/ARM_CM4F/port.o
                0x080027d8                vPortExitCritical
 *fill*         0x08002804        0xc 
 .text.PendSV_Handler
                0x08002810       0x64 ./FreeRTOS Source/portable/GCC/ARM_CM4F/port.o
                0x08002810                PendSV_Handler
 .text.SysTick_Handler
                0x08002874       0x2c ./FreeRTOS Source/portable/GCC/ARM_CM4F/port.o
                0x08002874                SysTick_Handler
 .text.vPortSetupTimerInterrupt
                0x080028a0       0x24 ./FreeRTOS Source/portable/GCC/ARM_CM4F/port.o
                0x080028a0                vPortSetupTimerInterrupt
 .text.xPortStartScheduler
                0x080028c4       0xf4 ./FreeRTOS Source/portable/GCC/ARM_CM4F/port.o
                0x080028c4                xPortStartScheduler
 .text.vPortValidateInterruptPriority
                0x080029b8       0x5c ./FreeRTOS Source/portable/GCC/ARM_CM4F/port.o
                0x080029b8                vPortValidateInterruptPriority
 .text.vListInitialise
                0x08002a14       0x16 ./FreeRTOS Source/list.o
                0x08002a14                vListInitialise
 .text.vListInitialiseItem
                0x08002a2a        0x6 ./FreeRTOS Source/list.o
                0x08002a2a                vListInitialiseItem
 .text.vListInsertEnd
                0x08002a30       0x16 ./FreeRTOS Source/list.o
                0x08002a30                vListInsertEnd
 .text.vListInsert
                0x08002a46       0x32 ./FreeRTOS Source/list.o
                0x08002a46                vListInsert
 .text.uxListRemove
                0x08002a78       0x24 ./FreeRTOS Source/list.o
                0x08002a78                uxListRemove
 .text.prvIsQueueFull
                0x08002a9c       0x1e ./FreeRTOS Source/queue.o
 .text.prvIsQueueEmpty
                0x08002aba       0x1a ./FreeRTOS Source/queue.o
 .text.prvCopyDataToQueue
                0x08002ad4       0x76 ./FreeRTOS Source/queue.o
 .text.prvCopyDataFromQueue
                0x08002b4a       0x24 ./FreeRTOS Source/queue.o
 .text.prvUnlockQueue
                0x08002b6e       0x6e ./FreeRTOS Source/queue.o
 .text.xQueueGenericReset
                0x08002bdc       0x84 ./FreeRTOS Source/queue.o
                0x08002bdc                xQueueGenericReset
 .text.prvInitialiseNewQueue
                0x08002c60       0x22 ./FreeRTOS Source/queue.o
 .text.xQueueGenericCreate
                0x08002c82       0x48 ./FreeRTOS Source/queue.o
                0x08002c82                xQueueGenericCreate
 .text.xQueueGenericSend
                0x08002cca      0x188 ./FreeRTOS Source/queue.o
                0x08002cca                xQueueGenericSend
 .text.xQueueGenericSendFromISR
                0x08002e52       0xcc ./FreeRTOS Source/queue.o
                0x08002e52                xQueueGenericSendFromISR
 .text.xQueueGenericReceive
                0x08002f1e      0x1ba ./FreeRTOS Source/queue.o
                0x08002f1e                xQueueGenericReceive
 .text.vQueueAddToRegistry
                0x080030d8       0x28 ./FreeRTOS Source/queue.o
                0x080030d8                vQueueAddToRegistry
 .text.vQueueWaitForMessageRestricted
                0x08003100       0x52 ./FreeRTOS Source/queue.o
                0x08003100                vQueueWaitForMessageRestricted
 *fill*         0x08003152        0x2 
 .text.prvResetNextTaskUnblockTime
                0x08003154       0x2c ./FreeRTOS Source/tasks.o
 .text.prvDeleteTCB
                0x08003180       0x12 ./FreeRTOS Source/tasks.o
 .text.prvInitialiseNewTask
                0x08003192       0x98 ./FreeRTOS Source/tasks.o
 *fill*         0x0800322a        0x2 
 .text.prvInitialiseTaskLists
                0x0800322c       0x68 ./FreeRTOS Source/tasks.o
 .text.prvAddNewTaskToReadyList
                0x08003294       0xac ./FreeRTOS Source/tasks.o
 .text.prvAddCurrentTaskToDelayedList
                0x08003340       0x98 ./FreeRTOS Source/tasks.o
 .text.xTaskCreate
                0x080033d8       0x60 ./FreeRTOS Source/tasks.o
                0x080033d8                xTaskCreate
 .text.vTaskStartScheduler
                0x08003438       0x84 ./FreeRTOS Source/tasks.o
                0x08003438                vTaskStartScheduler
 .text.vTaskSuspendAll
                0x080034bc       0x10 ./FreeRTOS Source/tasks.o
                0x080034bc                vTaskSuspendAll
 .text.xTaskGetTickCount
                0x080034cc        0xc ./FreeRTOS Source/tasks.o
                0x080034cc                xTaskGetTickCount
 .text.xTaskIncrementTick
                0x080034d8      0x128 ./FreeRTOS Source/tasks.o
                0x080034d8                xTaskIncrementTick
 .text.xTaskResumeAll
                0x08003600       0xf8 ./FreeRTOS Source/tasks.o
                0x08003600                xTaskResumeAll
 .text.prvCheckTasksWaitingTermination
                0x080036f8       0x5c ./FreeRTOS Source/tasks.o
 .text.prvIdleTask
                0x08003754       0x30 ./FreeRTOS Source/tasks.o
 .text.vTaskSwitchContext
                0x08003784       0xcc ./FreeRTOS Source/tasks.o
                0x08003784                vTaskSwitchContext
 .text.vTaskPlaceOnEventList
                0x08003850       0x30 ./FreeRTOS Source/tasks.o
                0x08003850                vTaskPlaceOnEventList
 .text.vTaskPlaceOnEventListRestricted
                0x08003880       0x38 ./FreeRTOS Source/tasks.o
                0x08003880                vTaskPlaceOnEventListRestricted
 .text.xTaskRemoveFromEventList
                0x080038b8       0x8c ./FreeRTOS Source/tasks.o
                0x080038b8                xTaskRemoveFromEventList
 .text.vTaskSetTimeOutState
                0x08003944       0x2c ./FreeRTOS Source/tasks.o
                0x08003944                vTaskSetTimeOutState
 .text.xTaskCheckForTimeOut
                0x08003970       0x80 ./FreeRTOS Source/tasks.o
                0x08003970                xTaskCheckForTimeOut
 .text.vTaskMissedYield
                0x080039f0        0xc ./FreeRTOS Source/tasks.o
                0x080039f0                vTaskMissedYield
 .text.xTaskGetSchedulerState
                0x080039fc       0x20 ./FreeRTOS Source/tasks.o
                0x080039fc                xTaskGetSchedulerState
 .text.vTaskPriorityInherit
                0x08003a1c       0xa0 ./FreeRTOS Source/tasks.o
                0x08003a1c                vTaskPriorityInherit
 .text.xTaskPriorityDisinherit
                0x08003abc       0xb0 ./FreeRTOS Source/tasks.o
                0x08003abc                xTaskPriorityDisinherit
 .text.pvTaskIncrementMutexHeldCount
                0x08003b6c       0x1c ./FreeRTOS Source/tasks.o
                0x08003b6c                pvTaskIncrementMutexHeldCount
 .text.prvGetNextExpireTime
                0x08003b88       0x20 ./FreeRTOS Source/timers.o
 .text.prvInsertTimerInActiveList
                0x08003ba8       0x48 ./FreeRTOS Source/timers.o
 .text.prvCheckForValidListAndQueue
                0x08003bf0       0x5c ./FreeRTOS Source/timers.o
 .text.prvInitialiseNewTimer
                0x08003c4c       0x40 ./FreeRTOS Source/timers.o
 .text.xTimerCreateTimerTask
                0x08003c8c       0x50 ./FreeRTOS Source/timers.o
                0x08003c8c                xTimerCreateTimerTask
 .text.xTimerCreate
                0x08003cdc       0x32 ./FreeRTOS Source/timers.o
                0x08003cdc                xTimerCreate
 *fill*         0x08003d0e        0x2 
 .text.xTimerGenericCommand
                0x08003d10       0x6c ./FreeRTOS Source/timers.o
                0x08003d10                xTimerGenericCommand
 .text.prvSwitchTimerLists
                0x08003d7c       0x78 ./FreeRTOS Source/timers.o
 .text.prvSampleTimeNow
                0x08003df4       0x2c ./FreeRTOS Source/timers.o
 .text.prvProcessExpiredTimer
                0x08003e20       0x60 ./FreeRTOS Source/timers.o
 .text.prvProcessTimerOrBlockTask
                0x08003e80       0x70 ./FreeRTOS Source/timers.o
 .text.prvProcessReceivedCommands
                0x08003ef0       0xe0 ./FreeRTOS Source/timers.o
 .text.prvTimerTask
                0x08003fd0       0x16 ./FreeRTOS Source/timers.o
 *fill*         0x08003fe6        0x2 
 .text          0x08003fe8       0x30 C:/Users/white/AppData/Roaming/xPacks/@xpack-dev-tools/arm-none-eabi-gcc/13.2.1-1.1.1/.content/bin/../lib/gcc/arm-none-eabi/13.2.1/thumb/v7e-m+fp/softfp\libgcc.a(_aeabi_uldivmod.o)
                0x08003fe8                __aeabi_uldivmod
 .text.__udivmoddi4
                0x08004018      0x2bc C:/Users/white/AppData/Roaming/xPacks/@xpack-dev-tools/arm-none-eabi-gcc/13.2.1-1.1.1/.content/bin/../lib/gcc/arm-none-eabi/13.2.1/thumb/v7e-m+fp/softfp\libgcc.a(_udivmoddi4.o)
                0x08004018                __udivmoddi4
 .text          0x080042d4        0x4 C:/Users/white/AppData/Roaming/xPacks/@xpack-dev-tools/arm-none-eabi-gcc/13.2.1-1.1.1/.content/bin/../lib/gcc/arm-none-eabi/13.2.1/thumb/v7e-m+fp/softfp\libgcc.a(_dvmd_tls.o)
                0x080042d4                __aeabi_idiv0
                0x080042d4                __aeabi_ldiv0
 .text.exit     0x080042d8       0x24 C:/Users/white/AppData/Roaming/xPacks/@xpack-dev-tools/arm-none-eabi-gcc/13.2.1-1.1.1/.content/bin/../lib/gcc/arm-none-eabi/13.2.1/../../../../arm-none-eabi/lib/thumb/v7e-m+fp/softfp\libg_nano.a(libc_a-exit.o)
                0x080042d8                exit
 .text.rand     0x080042fc       0x7c C:/Users/white/AppData/Roaming/xPacks/@xpack-dev-tools/arm-none-eabi-gcc/13.2.1-1.1.1/.content/bin/../lib/gcc/arm-none-eabi/13.2.1/../../../../arm-none-eabi/lib/thumb/v7e-m+fp/softfp\libg_nano.a(libc_a-rand.o)
                0x080042fc                rand
 .text._fclose_r
                0x08004378       0xac C:/Users/white/AppData/Roaming/xPacks/@xpack-dev-tools/arm-none-eabi-gcc/13.2.1-1.1.1/.content/bin/../lib/gcc/arm-none-eabi/13.2.1/../../../../arm-none-eabi/lib/thumb/v7e-m+fp/softfp\libg_nano.a(libc_a-fclose.o)
                0x08004378                _fclose_r
 .text.fclose   0x08004424       0x10 C:/Users/white/AppData/Roaming/xPacks/@xpack-dev-tools/arm-none-eabi-gcc/13.2.1-1.1.1/.content/bin/../lib/gcc/arm-none-eabi/13.2.1/../../../../arm-none-eabi/lib/thumb/v7e-m+fp/softfp\libg_nano.a(libc_a-fclose.o)
                0x08004424                fclose
 .text.__sflush_r
                0x08004434      0x108 C:/Users/white/AppData/Roaming/xPacks/@xpack-dev-tools/arm-none-eabi-gcc/13.2.1-1.1.1/.content/bin/../lib/gcc/arm-none-eabi/13.2.1/../../../../arm-none-eabi/lib/thumb/v7e-m+fp/softfp\libg_nano.a(libc_a-fflush.o)
                0x08004434                __sflush_r
 .text._fflush_r
                0x0800453c       0x50 C:/Users/white/AppData/Roaming/xPacks/@xpack-dev-tools/arm-none-eabi-gcc/13.2.1-1.1.1/.content/bin/../lib/gcc/arm-none-eabi/13.2.1/../../../../arm-none-eabi/lib/thumb/v7e-m+fp/softfp\libg_nano.a(libc_a-fflush.o)
                0x0800453c                _fflush_r
 .text.std      0x0800458c       0x6c C:/Users/white/AppData/Roaming/xPacks/@xpack-dev-tools/arm-none-eabi-gcc/13.2.1-1.1.1/.content/bin/../lib/gcc/arm-none-eabi/13.2.1/../../../../arm-none-eabi/lib/thumb/v7e-m+fp/softfp\libg_nano.a(libc_a-findfp.o)
 .text.stdio_exit_handler
                0x080045f8       0x18 C:/Users/white/AppData/Roaming/xPacks/@xpack-dev-tools/arm-none-eabi-gcc/13.2.1-1.1.1/.content/bin/../lib/gcc/arm-none-eabi/13.2.1/../../../../arm-none-eabi/lib/thumb/v7e-m+fp/softfp\libg_nano.a(libc_a-findfp.o)
 .text.cleanup_stdio
                0x08004610       0x40 C:/Users/white/AppData/Roaming/xPacks/@xpack-dev-tools/arm-none-eabi-gcc/13.2.1-1.1.1/.content/bin/../lib/gcc/arm-none-eabi/13.2.1/../../../../arm-none-eabi/lib/thumb/v7e-m+fp/softfp\libg_nano.a(libc_a-findfp.o)
 .text.global_stdio_init.part.0
                0x08004650       0x3c C:/Users/white/AppData/Roaming/xPacks/@xpack-dev-tools/arm-none-eabi-gcc/13.2.1-1.1.1/.content/bin/../lib/gcc/arm-none-eabi/13.2.1/../../../../arm-none-eabi/lib/thumb/v7e-m+fp/softfp\libg_nano.a(libc_a-findfp.o)
 .text.__sfp_lock_acquire
                0x0800468c        0xc C:/Users/white/AppData/Roaming/xPacks/@xpack-dev-tools/arm-none-eabi-gcc/13.2.1-1.1.1/.content/bin/../lib/gcc/arm-none-eabi/13.2.1/../../../../arm-none-eabi/lib/thumb/v7e-m+fp/softfp\libg_nano.a(libc_a-findfp.o)
                0x0800468c                __sfp_lock_acquire
 .text.__sfp_lock_release
                0x08004698        0xc C:/Users/white/AppData/Roaming/xPacks/@xpack-dev-tools/arm-none-eabi-gcc/13.2.1-1.1.1/.content/bin/../lib/gcc/arm-none-eabi/13.2.1/../../../../arm-none-eabi/lib/thumb/v7e-m+fp/softfp\libg_nano.a(libc_a-findfp.o)
                0x08004698                __sfp_lock_release
 .text.__sfp    0x080046a4       0xa4 C:/Users/white/AppData/Roaming/xPacks/@xpack-dev-tools/arm-none-eabi-gcc/13.2.1-1.1.1/.content/bin/../lib/gcc/arm-none-eabi/13.2.1/../../../../arm-none-eabi/lib/thumb/v7e-m+fp/softfp\libg_nano.a(libc_a-findfp.o)
                0x080046a4                __sfp
 .text.__sinit  0x08004748       0x30 C:/Users/white/AppData/Roaming/xPacks/@xpack-dev-tools/arm-none-eabi-gcc/13.2.1-1.1.1/.content/bin/../lib/gcc/arm-none-eabi/13.2.1/../../../../arm-none-eabi/lib/thumb/v7e-m+fp/softfp\libg_nano.a(libc_a-findfp.o)
                0x08004748                __sinit
 .text._fopen_r
                0x08004778       0xa8 C:/Users/white/AppData/Roaming/xPacks/@xpack-dev-tools/arm-none-eabi-gcc/13.2.1-1.1.1/.content/bin/../lib/gcc/arm-none-eabi/13.2.1/../../../../arm-none-eabi/lib/thumb/v7e-m+fp/softfp\libg_nano.a(libc_a-fopen.o)
                0x08004778                _fopen_r
 .text.fopen    0x08004820       0x10 C:/Users/white/AppData/Roaming/xPacks/@xpack-dev-tools/arm-none-eabi-gcc/13.2.1-1.1.1/.content/bin/../lib/gcc/arm-none-eabi/13.2.1/../../../../arm-none-eabi/lib/thumb/v7e-m+fp/softfp\libg_nano.a(libc_a-fopen.o)
                0x08004820                fopen
 .text.fprintf  0x08004830       0x24 C:/Users/white/AppData/Roaming/xPacks/@xpack-dev-tools/arm-none-eabi-gcc/13.2.1-1.1.1/.content/bin/../lib/gcc/arm-none-eabi/13.2.1/../../../../arm-none-eabi/lib/thumb/v7e-m+fp/softfp\libg_nano.a(libc_a-fprintf.o)
                0x08004830                fiprintf
                0x08004830                fprintf
 .text._fseek_r
                0x08004854        0x4 C:/Users/white/AppData/Roaming/xPacks/@xpack-dev-tools/arm-none-eabi-gcc/13.2.1-1.1.1/.content/bin/../lib/gcc/arm-none-eabi/13.2.1/../../../../arm-none-eabi/lib/thumb/v7e-m+fp/softfp\libg_nano.a(libc_a-fseek.o)
                0x08004854                _fseek_r
 .text._fwalk_sglue
                0x08004858       0x3c C:/Users/white/AppData/Roaming/xPacks/@xpack-dev-tools/arm-none-eabi-gcc/13.2.1-1.1.1/.content/bin/../lib/gcc/arm-none-eabi/13.2.1/../../../../arm-none-eabi/lib/thumb/v7e-m+fp/softfp\libg_nano.a(libc_a-fwalk.o)
                0x08004858                _fwalk_sglue
 .text._fwrite_r
                0x08004894       0x96 C:/Users/white/AppData/Roaming/xPacks/@xpack-dev-tools/arm-none-eabi-gcc/13.2.1-1.1.1/.content/bin/../lib/gcc/arm-none-eabi/13.2.1/../../../../arm-none-eabi/lib/thumb/v7e-m+fp/softfp\libg_nano.a(libc_a-fwrite.o)
                0x08004894                _fwrite_r
 *fill*         0x0800492a        0x2 
 .text.fwrite   0x0800492c       0x1c C:/Users/white/AppData/Roaming/xPacks/@xpack-dev-tools/arm-none-eabi-gcc/13.2.1-1.1.1/.content/bin/../lib/gcc/arm-none-eabi/13.2.1/../../../../arm-none-eabi/lib/thumb/v7e-m+fp/softfp\libg_nano.a(libc_a-fwrite.o)
                0x0800492c                fwrite
 .text.printf   0x08004948       0x24 C:/Users/white/AppData/Roaming/xPacks/@xpack-dev-tools/arm-none-eabi-gcc/13.2.1-1.1.1/.content/bin/../lib/gcc/arm-none-eabi/13.2.1/../../../../arm-none-eabi/lib/thumb/v7e-m+fp/softfp\libg_nano.a(libc_a-printf.o)
                0x08004948                iprintf
                0x08004948                printf
 .text._puts_r  0x0800496c       0xaa C:/Users/white/AppData/Roaming/xPacks/@xpack-dev-tools/arm-none-eabi-gcc/13.2.1-1.1.1/.content/bin/../lib/gcc/arm-none-eabi/13.2.1/../../../../arm-none-eabi/lib/thumb/v7e-m+fp/softfp\libg_nano.a(libc_a-puts.o)
                0x0800496c                _puts_r
 *fill*         0x08004a16        0x2 
 .text.puts     0x08004a18       0x10 C:/Users/white/AppData/Roaming/xPacks/@xpack-dev-tools/arm-none-eabi-gcc/13.2.1-1.1.1/.content/bin/../lib/gcc/arm-none-eabi/13.2.1/../../../../arm-none-eabi/lib/thumb/v7e-m+fp/softfp\libg_nano.a(libc_a-puts.o)
                0x08004a18                puts
 .text.snprintf
                0x08004a28       0x68 C:/Users/white/AppData/Roaming/xPacks/@xpack-dev-tools/arm-none-eabi-gcc/13.2.1-1.1.1/.content/bin/../lib/gcc/arm-none-eabi/13.2.1/../../../../arm-none-eabi/lib/thumb/v7e-m+fp/softfp\libg_nano.a(libc_a-snprintf.o)
                0x08004a28                sniprintf
                0x08004a28                snprintf
 .text.__sread  0x08004a90       0x22 C:/Users/white/AppData/Roaming/xPacks/@xpack-dev-tools/arm-none-eabi-gcc/13.2.1-1.1.1/.content/bin/../lib/gcc/arm-none-eabi/13.2.1/../../../../arm-none-eabi/lib/thumb/v7e-m+fp/softfp\libg_nano.a(libc_a-stdio.o)
                0x08004a90                __sread
 .text.__swrite
                0x08004ab2       0x38 C:/Users/white/AppData/Roaming/xPacks/@xpack-dev-tools/arm-none-eabi-gcc/13.2.1-1.1.1/.content/bin/../lib/gcc/arm-none-eabi/13.2.1/../../../../arm-none-eabi/lib/thumb/v7e-m+fp/softfp\libg_nano.a(libc_a-stdio.o)
                0x08004ab2                __swrite
 .text.__sseek  0x08004aea       0x24 C:/Users/white/AppData/Roaming/xPacks/@xpack-dev-tools/arm-none-eabi-gcc/13.2.1-1.1.1/.content/bin/../lib/gcc/arm-none-eabi/13.2.1/../../../../arm-none-eabi/lib/thumb/v7e-m+fp/softfp\libg_nano.a(libc_a-stdio.o)
                0x08004aea                __sseek
 .text.__sclose
                0x08004b0e        0x8 C:/Users/white/AppData/Roaming/xPacks/@xpack-dev-tools/arm-none-eabi-gcc/13.2.1-1.1.1/.content/bin/../lib/gcc/arm-none-eabi/13.2.1/../../../../arm-none-eabi/lib/thumb/v7e-m+fp/softfp\libg_nano.a(libc_a-stdio.o)
                0x08004b0e                __sclose
 .text._vsnprintf_r
                0x08004b16       0x56 C:/Users/white/AppData/Roaming/xPacks/@xpack-dev-tools/arm-none-eabi-gcc/13.2.1-1.1.1/.content/bin/../lib/gcc/arm-none-eabi/13.2.1/../../../../arm-none-eabi/lib/thumb/v7e-m+fp/softfp\libg_nano.a(libc_a-vsnprintf.o)
                0x08004b16                _vsniprintf_r
                0x08004b16                _vsnprintf_r
 .text.vsnprintf
                0x08004b6c       0x1c C:/Users/white/AppData/Roaming/xPacks/@xpack-dev-tools/arm-none-eabi-gcc/13.2.1-1.1.1/.content/bin/../lib/gcc/arm-none-eabi/13.2.1/../../../../arm-none-eabi/lib/thumb/v7e-m+fp/softfp\libg_nano.a(libc_a-vsnprintf.o)
                0x08004b6c                vsniprintf
                0x08004b6c                vsnprintf
 .text.__swbuf_r
                0x08004b88       0x7c C:/Users/white/AppData/Roaming/xPacks/@xpack-dev-tools/arm-none-eabi-gcc/13.2.1-1.1.1/.content/bin/../lib/gcc/arm-none-eabi/13.2.1/../../../../arm-none-eabi/lib/thumb/v7e-m+fp/softfp\libg_nano.a(libc_a-wbuf.o)
                0x08004b88                __swbuf_r
 .text.__swsetup_r
                0x08004c04       0xac C:/Users/white/AppData/Roaming/xPacks/@xpack-dev-tools/arm-none-eabi-gcc/13.2.1-1.1.1/.content/bin/../lib/gcc/arm-none-eabi/13.2.1/../../../../arm-none-eabi/lib/thumb/v7e-m+fp/softfp\libg_nano.a(libc_a-wsetup.o)
                0x08004c04                __swsetup_r
 .text._fseeko_r
                0x08004cb0      0x12e C:/Users/white/AppData/Roaming/xPacks/@xpack-dev-tools/arm-none-eabi-gcc/13.2.1-1.1.1/.content/bin/../lib/gcc/arm-none-eabi/13.2.1/../../../../arm-none-eabi/lib/thumb/v7e-m+fp/softfp\libg_nano.a(libc_a-fseeko.o)
                0x08004cb0                _fseeko_r
 .text.memset   0x08004dde       0x10 C:/Users/white/AppData/Roaming/xPacks/@xpack-dev-tools/arm-none-eabi-gcc/13.2.1-1.1.1/.content/bin/../lib/gcc/arm-none-eabi/13.2.1/../../../../arm-none-eabi/lib/thumb/v7e-m+fp/softfp\libg_nano.a(libc_a-memset.o)
                0x08004dde                memset
 *fill*         0x08004dee        0x2 
 .text._close_r
                0x08004df0       0x20 C:/Users/white/AppData/Roaming/xPacks/@xpack-dev-tools/arm-none-eabi-gcc/13.2.1-1.1.1/.content/bin/../lib/gcc/arm-none-eabi/13.2.1/../../../../arm-none-eabi/lib/thumb/v7e-m+fp/softfp\libg_nano.a(libc_a-closer.o)
                0x08004df0                _close_r
 .text._lseek_r
                0x08004e10       0x24 C:/Users/white/AppData/Roaming/xPacks/@xpack-dev-tools/arm-none-eabi-gcc/13.2.1-1.1.1/.content/bin/../lib/gcc/arm-none-eabi/13.2.1/../../../../arm-none-eabi/lib/thumb/v7e-m+fp/softfp\libg_nano.a(libc_a-lseekr.o)
                0x08004e10                _lseek_r
 .text._open_r  0x08004e34       0x24 C:/Users/white/AppData/Roaming/xPacks/@xpack-dev-tools/arm-none-eabi-gcc/13.2.1-1.1.1/.content/bin/../lib/gcc/arm-none-eabi/13.2.1/../../../../arm-none-eabi/lib/thumb/v7e-m+fp/softfp\libg_nano.a(libc_a-openr.o)
                0x08004e34                _open_r
 .text._read_r  0x08004e58       0x24 C:/Users/white/AppData/Roaming/xPacks/@xpack-dev-tools/arm-none-eabi-gcc/13.2.1-1.1.1/.content/bin/../lib/gcc/arm-none-eabi/13.2.1/../../../../arm-none-eabi/lib/thumb/v7e-m+fp/softfp\libg_nano.a(libc_a-readr.o)
                0x08004e58                _read_r
 .text._write_r
                0x08004e7c       0x24 C:/Users/white/AppData/Roaming/xPacks/@xpack-dev-tools/arm-none-eabi-gcc/13.2.1-1.1.1/.content/bin/../lib/gcc/arm-none-eabi/13.2.1/../../../../arm-none-eabi/lib/thumb/v7e-m+fp/softfp\libg_nano.a(libc_a-writer.o)
                0x08004e7c                _write_r
 .text.__errno  0x08004ea0        0xc C:/Users/white/AppData/Roaming/xPacks/@xpack-dev-tools/arm-none-eabi-gcc/13.2.1-1.1.1/.content/bin/../lib/gcc/arm-none-eabi/13.2.1/../../../../arm-none-eabi/lib/thumb/v7e-m+fp/softfp\libg_nano.a(libc_a-errno.o)
                0x08004ea0                __errno
 .text.__retarget_lock_init_recursive
                0x08004eac        0x2 C:/Users/white/AppData/Roaming/xPacks/@xpack-dev-tools/arm-none-eabi-gcc/13.2.1-1.1.1/.content/bin/../lib/gcc/arm-none-eabi/13.2.1/../../../../arm-none-eabi/lib/thumb/v7e-m+fp/softfp\libg_nano.a(libc_a-lock.o)
                0x08004eac                __retarget_lock_init_recursive
 .text.__retarget_lock_close_recursive
                0x08004eae        0x2 C:/Users/white/AppData/Roaming/xPacks/@xpack-dev-tools/arm-none-eabi-gcc/13.2.1-1.1.1/.content/bin/../lib/gcc/arm-none-eabi/13.2.1/../../../../arm-none-eabi/lib/thumb/v7e-m+fp/softfp\libg_nano.a(libc_a-lock.o)
                0x08004eae                __retarget_lock_close_recursive
 .text.__retarget_lock_acquire_recursive
                0x08004eb0        0x2 C:/Users/white/AppData/Roaming/xPacks/@xpack-dev-tools/arm-none-eabi-gcc/13.2.1-1.1.1/.content/bin/../lib/gcc/arm-none-eabi/13.2.1/../../../../arm-none-eabi/lib/thumb/v7e-m+fp/softfp\libg_nano.a(libc_a-lock.o)
                0x08004eb0                __retarget_lock_acquire_recursive
 .text.__retarget_lock_release_recursive
                0x08004eb2        0x2 C:/Users/white/AppData/Roaming/xPacks/@xpack-dev-tools/arm-none-eabi-gcc/13.2.1-1.1.1/.content/bin/../lib/gcc/arm-none-eabi/13.2.1/../../../../arm-none-eabi/lib/thumb/v7e-m+fp/softfp\libg_nano.a(libc_a-lock.o)
                0x08004eb2                __retarget_lock_release_recursive
 .text          0x08004eb4       0x14 C:/Users/white/AppData/Roaming/xPacks/@xpack-dev-tools/arm-none-eabi-gcc/13.2.1-1.1.1/.content/bin/../lib/gcc/arm-none-eabi/13.2.1/../../../../arm-none-eabi/lib/thumb/v7e-m+fp/softfp\libg_nano.a(libc_a-strcmp.o)
                0x08004eb4                strcmp
 .text.memcpy   0x08004ec8       0x1c C:/Users/white/AppData/Roaming/xPacks/@xpack-dev-tools/arm-none-eabi-gcc/13.2.1-1.1.1/.content/bin/../lib/gcc/arm-none-eabi/13.2.1/../../../../arm-none-eabi/lib/thumb/v7e-m+fp/softfp\libg_nano.a(libc_a-memcpy-stub.o)
                0x08004ec8                memcpy
 .text          0x08004ee4       0x10 C:/Users/white/AppData/Roaming/xPacks/@xpack-dev-tools/arm-none-eabi-gcc/13.2.1-1.1.1/.content/bin/../lib/gcc/arm-none-eabi/13.2.1/../../../../arm-none-eabi/lib/thumb/v7e-m+fp/softfp\libg_nano.a(libc_a-strlen.o)
                0x08004ee4                strlen
 .text._free_r  0x08004ef4       0x94 C:/Users/white/AppData/Roaming/xPacks/@xpack-dev-tools/arm-none-eabi-gcc/13.2.1-1.1.1/.content/bin/../lib/gcc/arm-none-eabi/13.2.1/../../../../arm-none-eabi/lib/thumb/v7e-m+fp/softfp\libg_nano.a(libc_a-freer.o)
                0x08004ef4                _free_r
 .text.malloc   0x08004f88       0x10 C:/Users/white/AppData/Roaming/xPacks/@xpack-dev-tools/arm-none-eabi-gcc/13.2.1-1.1.1/.content/bin/../lib/gcc/arm-none-eabi/13.2.1/../../../../arm-none-eabi/lib/thumb/v7e-m+fp/softfp\libg_nano.a(libc_a-malloc.o)
                0x08004f88                malloc
 .text.sbrk_aligned
                0x08004f98       0x44 C:/Users/white/AppData/Roaming/xPacks/@xpack-dev-tools/arm-none-eabi-gcc/13.2.1-1.1.1/.content/bin/../lib/gcc/arm-none-eabi/13.2.1/../../../../arm-none-eabi/lib/thumb/v7e-m+fp/softfp\libg_nano.a(libc_a-mallocr.o)
 .text._malloc_r
                0x08004fdc      0x100 C:/Users/white/AppData/Roaming/xPacks/@xpack-dev-tools/arm-none-eabi-gcc/13.2.1-1.1.1/.content/bin/../lib/gcc/arm-none-eabi/13.2.1/../../../../arm-none-eabi/lib/thumb/v7e-m+fp/softfp\libg_nano.a(libc_a-mallocr.o)
                0x08004fdc                _malloc_r
 .text.__malloc_lock
                0x080050dc        0xc C:/Users/white/AppData/Roaming/xPacks/@xpack-dev-tools/arm-none-eabi-gcc/13.2.1-1.1.1/.content/bin/../lib/gcc/arm-none-eabi/13.2.1/../../../../arm-none-eabi/lib/thumb/v7e-m+fp/softfp\libg_nano.a(libc_a-mlock.o)
                0x080050dc                __malloc_lock
 .text.__malloc_unlock
                0x080050e8        0xc C:/Users/white/AppData/Roaming/xPacks/@xpack-dev-tools/arm-none-eabi-gcc/13.2.1-1.1.1/.content/bin/../lib/gcc/arm-none-eabi/13.2.1/../../../../arm-none-eabi/lib/thumb/v7e-m+fp/softfp\libg_nano.a(libc_a-mlock.o)
                0x080050e8                __malloc_unlock
 .text.__ssputs_r
                0x080050f4       0xb6 C:/Users/white/AppData/Roaming/xPacks/@xpack-dev-tools/arm-none-eabi-gcc/13.2.1-1.1.1/.content/bin/../lib/gcc/arm-none-eabi/13.2.1/../../../../arm-none-eabi/lib/thumb/v7e-m+fp/softfp\libg_nano.a(libc_a-nano-svfprintf.o)
                0x080050f4                __ssputs_r
 *fill*         0x080051aa        0x2 
 .text._svfprintf_r
                0x080051ac      0x1f8 C:/Users/white/AppData/Roaming/xPacks/@xpack-dev-tools/arm-none-eabi-gcc/13.2.1-1.1.1/.content/bin/../lib/gcc/arm-none-eabi/13.2.1/../../../../arm-none-eabi/lib/thumb/v7e-m+fp/softfp\libg_nano.a(libc_a-nano-svfprintf.o)
                0x080051ac                _svfiprintf_r
                0x080051ac                _svfprintf_r
 .text.__sfputc_r
                0x080053a4       0x2e C:/Users/white/AppData/Roaming/xPacks/@xpack-dev-tools/arm-none-eabi-gcc/13.2.1-1.1.1/.content/bin/../lib/gcc/arm-none-eabi/13.2.1/../../../../arm-none-eabi/lib/thumb/v7e-m+fp/softfp\libg_nano.a(libc_a-nano-vfprintf.o)
 .text.__sfputs_r
                0x080053d2       0x24 C:/Users/white/AppData/Roaming/xPacks/@xpack-dev-tools/arm-none-eabi-gcc/13.2.1-1.1.1/.content/bin/../lib/gcc/arm-none-eabi/13.2.1/../../../../arm-none-eabi/lib/thumb/v7e-m+fp/softfp\libg_nano.a(libc_a-nano-vfprintf.o)
                0x080053d2                __sfputs_r
 *fill*         0x080053f6        0x2 
 .text._vfprintf_r
                0x080053f8      0x230 C:/Users/white/AppData/Roaming/xPacks/@xpack-dev-tools/arm-none-eabi-gcc/13.2.1-1.1.1/.content/bin/../lib/gcc/arm-none-eabi/13.2.1/../../../../arm-none-eabi/lib/thumb/v7e-m+fp/softfp\libg_nano.a(libc_a-nano-vfprintf.o)
                0x080053f8                _vfprintf_r
                0x080053f8                _vfiprintf_r
 .text._printf_common
                0x08005628       0xda C:/Users/white/AppData/Roaming/xPacks/@xpack-dev-tools/arm-none-eabi-gcc/13.2.1-1.1.1/.content/bin/../lib/gcc/arm-none-eabi/13.2.1/../../../../arm-none-eabi/lib/thumb/v7e-m+fp/softfp\libg_nano.a(libc_a-nano-vfprintf_i.o)
                0x08005628                _printf_common
 *fill*         0x08005702        0x2 
 .text._printf_i
                0x08005704      0x23c C:/Users/white/AppData/Roaming/xPacks/@xpack-dev-tools/arm-none-eabi-gcc/13.2.1-1.1.1/.content/bin/../lib/gcc/arm-none-eabi/13.2.1/../../../../arm-none-eabi/lib/thumb/v7e-m+fp/softfp\libg_nano.a(libc_a-nano-vfprintf_i.o)
                0x08005704                _printf_i
 .text.__sflags
                0x08005940       0x6c C:/Users/white/AppData/Roaming/xPacks/@xpack-dev-tools/arm-none-eabi-gcc/13.2.1-1.1.1/.content/bin/../lib/gcc/arm-none-eabi/13.2.1/../../../../arm-none-eabi/lib/thumb/v7e-m+fp/softfp\libg_nano.a(libc_a-flags.o)
                0x08005940                __sflags
 .text.__swhatbuf_r
                0x080059ac       0x4c C:/Users/white/AppData/Roaming/xPacks/@xpack-dev-tools/arm-none-eabi-gcc/13.2.1-1.1.1/.content/bin/../lib/gcc/arm-none-eabi/13.2.1/../../../../arm-none-eabi/lib/thumb/v7e-m+fp/softfp\libg_nano.a(libc_a-makebuf.o)
                0x080059ac                __swhatbuf_r
 .text.__smakebuf_r
                0x080059f8       0x78 C:/Users/white/AppData/Roaming/xPacks/@xpack-dev-tools/arm-none-eabi-gcc/13.2.1-1.1.1/.content/bin/../lib/gcc/arm-none-eabi/13.2.1/../../../../arm-none-eabi/lib/thumb/v7e-m+fp/softfp\libg_nano.a(libc_a-makebuf.o)
                0x080059f8                __smakebuf_r
 .text.memmove  0x08005a70       0x34 C:/Users/white/AppData/Roaming/xPacks/@xpack-dev-tools/arm-none-eabi-gcc/13.2.1-1.1.1/.content/bin/../lib/gcc/arm-none-eabi/13.2.1/../../../../arm-none-eabi/lib/thumb/v7e-m+fp/softfp\libg_nano.a(libc_a-memmove.o)
                0x08005a70                memmove
 .text._fstat_r
                0x08005aa4       0x24 C:/Users/white/AppData/Roaming/xPacks/@xpack-dev-tools/arm-none-eabi-gcc/13.2.1-1.1.1/.content/bin/../lib/gcc/arm-none-eabi/13.2.1/../../../../arm-none-eabi/lib/thumb/v7e-m+fp/softfp\libg_nano.a(libc_a-fstatr.o)
                0x08005aa4                _fstat_r
 .text._isatty_r
                0x08005ac8       0x20 C:/Users/white/AppData/Roaming/xPacks/@xpack-dev-tools/arm-none-eabi-gcc/13.2.1-1.1.1/.content/bin/../lib/gcc/arm-none-eabi/13.2.1/../../../../arm-none-eabi/lib/thumb/v7e-m+fp/softfp\libg_nano.a(libc_a-isattyr.o)
                0x08005ac8                _isatty_r
 .text._sbrk_r  0x08005ae8       0x20 C:/Users/white/AppData/Roaming/xPacks/@xpack-dev-tools/arm-none-eabi-gcc/13.2.1-1.1.1/.content/bin/../lib/gcc/arm-none-eabi/13.2.1/../../../../arm-none-eabi/lib/thumb/v7e-m+fp/softfp\libg_nano.a(libc_a-sbrkr.o)
                0x08005ae8                _sbrk_r
 *fill*         0x08005b08        0x8 
 .text          0x08005b10       0xa0 C:/Users/white/AppData/Roaming/xPacks/@xpack-dev-tools/arm-none-eabi-gcc/13.2.1-1.1.1/.content/bin/../lib/gcc/arm-none-eabi/13.2.1/../../../../arm-none-eabi/lib/thumb/v7e-m+fp/softfp\libg_nano.a(libc_a-memchr.o)
                0x08005b10                memchr
 .text._realloc_r
                0x08005bb0       0x5c C:/Users/white/AppData/Roaming/xPacks/@xpack-dev-tools/arm-none-eabi-gcc/13.2.1-1.1.1/.content/bin/../lib/gcc/arm-none-eabi/13.2.1/../../../../arm-none-eabi/lib/thumb/v7e-m+fp/softfp\libg_nano.a(libc_a-reallocr.o)
                0x08005bb0                _realloc_r
 .text._malloc_usable_size_r
                0x08005c0c       0x10 C:/Users/white/AppData/Roaming/xPacks/@xpack-dev-tools/arm-none-eabi-gcc/13.2.1-1.1.1/.content/bin/../lib/gcc/arm-none-eabi/13.2.1/../../../../arm-none-eabi/lib/thumb/v7e-m+fp/softfp\libg_nano.a(libc_a-msizer.o)
                0x08005c0c                _malloc_usable_size_r
 *(.rodata .rodata.* .constdata .constdata.*)
 .rodata.HAL_NVIC_SetPriorityGrouping.str1.4
                0x08005c1c      0x69c ./system/src/stm32f4-hal/stm32f4xx_hal_cortex.o
                                 0x31 (size before relaxing)
 .rodata.HAL_GPIO_Init.str1.4
                0x080062b8       0x2f ./system/src/stm32f4-hal/stm32f4xx_hal_gpio.o
 .rodata.HAL_RCC_OscConfig.str1.4
                0x080062b8       0x2e ./system/src/stm32f4-hal/stm32f4xx_hal_rcc.o
 .rodata.__assert_func.str1.4
                0x080062b8       0x43 ./system/src/newlib/assert.o
 .rodata.abort.str1.4
                0x080062b8       0x14 ./system/src/newlib/exit.o
 .rodata.initialise_monitor_handles.str1.4
                0x080062b8        0x4 ./system/src/newlib/syscalls.o
 .rodata.trace_puts.str1.4
                0x080062b8        0x2 ./system/src/diag/trace.o
 .rodata.dumpExceptionStack.str1.4
                0x080062b8      0x11a ./system/src/cortexm/exception-handlers.o
 .rodata.isSemihosting.str1.4
                0x080062b8        0x4 ./system/src/cortexm/exception-handlers.o
 .rodata.str1.4
                0x080062b8       0x2a ./system/src/cortexm/exception-handlers.o
 .rodata.AHBPrescTable
                0x080062b8       0x10 ./system/src/cmsis/system_stm32f4xx.o
                0x080062b8                AHBPrescTable
 .rodata.assert_failed.str1.4
                0x080062c8       0x2d ./src/initialize-hardware.o
 .rodata.prvAutoReloadTimerCallback.str1.4
                0x080062c8       0x25 ./src/main.o
 .rodata.prvOneShotTimerCallback.str1.4
                0x080062c8       0x22 ./src/main.o
 .rodata.vReceiverTimerCallback.str1.4
                0x080062c8       0x17 ./src/main.o
 .rodata.vSender3TimerCallback.str1.4
                0x080062c8       0x10 ./src/main.o
 .rodata.Sender3.str1.4
                0x080062c8       0x9e ./src/main.o
 .rodata.Reset.str1.4
                0x080062c8      0x176 ./src/main.o
 .rodata.Receiver.str1.4
                0x080062c8       0x16 ./src/main.o
 .rodata.main.str1.4
                0x080062c8      0x17b ./src/main.o
 .rodata.vTaskStartScheduler.str1.4
                0x080062c8        0x5 ./FreeRTOS Source/tasks.o
 .rodata.prvCheckForValidListAndQueue.str1.4
                0x080062c8        0x5 ./FreeRTOS Source/timers.o
 .rodata.xTimerCreateTimerTask.str1.4
                0x080062c8        0x8 ./FreeRTOS Source/timers.o
 .rodata.srand.str1.1
                0x080062c8       0xbf C:/Users/white/AppData/Roaming/xPacks/@xpack-dev-tools/arm-none-eabi-gcc/13.2.1-1.1.1/.content/bin/../lib/gcc/arm-none-eabi/13.2.1/../../../../arm-none-eabi/lib/thumb/v7e-m+fp/softfp\libg_nano.a(libc_a-rand.o)
                                 0x8c (size before relaxing)
 .rodata._ctype_
                0x08006387      0x101 C:/Users/white/AppData/Roaming/xPacks/@xpack-dev-tools/arm-none-eabi-gcc/13.2.1-1.1.1/.content/bin/../lib/gcc/arm-none-eabi/13.2.1/../../../../arm-none-eabi/lib/thumb/v7e-m+fp/softfp\libg_nano.a(libc_a-ctype_.o)
                0x08006387                _ctype_
 .rodata._svfprintf_r.str1.1
                0x08006488       0x11 C:/Users/white/AppData/Roaming/xPacks/@xpack-dev-tools/arm-none-eabi-gcc/13.2.1-1.1.1/.content/bin/../lib/gcc/arm-none-eabi/13.2.1/../../../../arm-none-eabi/lib/thumb/v7e-m+fp/softfp\libg_nano.a(libc_a-nano-svfprintf.o)
 .rodata._vfprintf_r.str1.1
                0x08006488       0x11 C:/Users/white/AppData/Roaming/xPacks/@xpack-dev-tools/arm-none-eabi-gcc/13.2.1-1.1.1/.content/bin/../lib/gcc/arm-none-eabi/13.2.1/../../../../arm-none-eabi/lib/thumb/v7e-m+fp/softfp\libg_nano.a(libc_a-nano-vfprintf.o)
 .rodata._printf_i.str1.1
                0x08006488       0x22 C:/Users/white/AppData/Roaming/xPacks/@xpack-dev-tools/arm-none-eabi-gcc/13.2.1-1.1.1/.content/bin/../lib/gcc/arm-none-eabi/13.2.1/../../../../arm-none-eabi/lib/thumb/v7e-m+fp/softfp\libg_nano.a(libc_a-nano-vfprintf_i.o)
 *(vtable)
 *(.eh_frame*)
 .eh_frame      0x08006488       0x28 C:/Users/white/AppData/Roaming/xPacks/@xpack-dev-tools/arm-none-eabi-gcc/13.2.1-1.1.1/.content/bin/../lib/gcc/arm-none-eabi/13.2.1/../../../../arm-none-eabi/lib/thumb/v7e-m+fp/softfp\libg_nano.a(libc_a-strlen.o)
 .eh_frame      0x080064b0       0x50 C:/Users/white/AppData/Roaming/xPacks/@xpack-dev-tools/arm-none-eabi-gcc/13.2.1-1.1.1/.content/bin/../lib/gcc/arm-none-eabi/13.2.1/../../../../arm-none-eabi/lib/thumb/v7e-m+fp/softfp\libg_nano.a(libc_a-memchr.o)
 *(.glue_7)
 .glue_7        0x08006500        0x0 linker stubs
 *(.glue_7t)
 .glue_7t       0x08006500        0x0 linker stubs

.vfp11_veneer   0x08006500        0x0
 .vfp11_veneer  0x08006500        0x0 linker stubs

.v4_bx          0x08006500        0x0
 .v4_bx         0x08006500        0x0 linker stubs

.iplt           0x08006500        0x0
 .iplt          0x08006500        0x0 ./system/src/stm32f4-hal/stm32f4xx_hal.o

.ARM.extab
 *(.ARM.extab* .gnu.linkonce.armextab.*)
                0x08006500                        . = ALIGN (0x4)
                0x08006500                        __exidx_start = .

.ARM.exidx      0x08006500        0x8
 *(.ARM.exidx* .gnu.linkonce.armexidx.*)
 .ARM.exidx.text.__udivmoddi4
                0x08006500        0x8 C:/Users/white/AppData/Roaming/xPacks/@xpack-dev-tools/arm-none-eabi-gcc/13.2.1-1.1.1/.content/bin/../lib/gcc/arm-none-eabi/13.2.1/thumb/v7e-m+fp/softfp\libgcc.a(_udivmoddi4.o)
 .ARM.exidx     0x08006508        0x0 C:/Users/white/AppData/Roaming/xPacks/@xpack-dev-tools/arm-none-eabi-gcc/13.2.1-1.1.1/.content/bin/../lib/gcc/arm-none-eabi/13.2.1/../../../../arm-none-eabi/lib/thumb/v7e-m+fp/softfp\libg_nano.a(libc_a-strcmp.o)
                                  0x8 (size before relaxing)
 .ARM.exidx     0x08006508        0x0 C:/Users/white/AppData/Roaming/xPacks/@xpack-dev-tools/arm-none-eabi-gcc/13.2.1-1.1.1/.content/bin/../lib/gcc/arm-none-eabi/13.2.1/../../../../arm-none-eabi/lib/thumb/v7e-m+fp/softfp\libg_nano.a(libc_a-strlen.o)
                                  0x8 (size before relaxing)
 .ARM.exidx     0x08006508        0x0 C:/Users/white/AppData/Roaming/xPacks/@xpack-dev-tools/arm-none-eabi-gcc/13.2.1-1.1.1/.content/bin/../lib/gcc/arm-none-eabi/13.2.1/../../../../arm-none-eabi/lib/thumb/v7e-m+fp/softfp\libg_nano.a(libc_a-memchr.o)
                                  0x8 (size before relaxing)
                0x08006508                        __exidx_end = .

.rel.dyn        0x08006508        0x0
 .rel.iplt      0x08006508        0x0 ./system/src/stm32f4-hal/stm32f4xx_hal.o
                0x08006508                        . = ALIGN (0x4)
                0x08006508                        _etext = .
                0x08006508                        __etext = .

.data_CCMRAM    0x10000000        0x0 load address 0x08006508
 FILL mask 0xff
 *(.data.CCMRAM .data.CCMRAM.*)
                0x10000000                        . = ALIGN (0x4)
                0x08006508                        _sidata = LOADADDR (.data)

.data           0x20000000       0xac load address 0x08006508
 FILL mask 0xff
                0x20000000                        _sdata = .
                0x20000000                        __data_start__ = .
 *(.data_begin .data_begin.*)
 .data_begin    0x20000000        0x4 ./system/src/newlib/startup.o
 *(.data .data.*)
 .data.uwTickFreq
                0x20000004        0x1 ./system/src/stm32f4-hal/stm32f4xx_hal.o
                0x20000004                uwTickFreq
 *fill*         0x20000005        0x3 ff
 .data.uwTickPrio
                0x20000008        0x4 ./system/src/stm32f4-hal/stm32f4xx_hal.o
                0x20000008                uwTickPrio
 .data.SystemCoreClock
                0x2000000c        0x4 ./system/src/cmsis/system_stm32f4xx.o
                0x2000000c                SystemCoreClock
 .data.iteration
                0x20000010        0x4 ./src/main.o
                0x20000010                iteration
 .data.upper_arr
                0x20000014       0x18 ./src/main.o
                0x20000014                upper_arr
 .data.lower_arr
                0x2000002c       0x18 ./src/main.o
                0x2000002c                lower_arr
 .data.Treceiver
                0x20000044        0x4 ./src/main.o
                0x20000044                Treceiver
 .data.uxCriticalNesting
                0x20000048        0x4 ./FreeRTOS Source/portable/GCC/ARM_CM4F/port.o
 .data.__sglue  0x2000004c        0xc C:/Users/white/AppData/Roaming/xPacks/@xpack-dev-tools/arm-none-eabi-gcc/13.2.1-1.1.1/.content/bin/../lib/gcc/arm-none-eabi/13.2.1/../../../../arm-none-eabi/lib/thumb/v7e-m+fp/softfp\libg_nano.a(libc_a-findfp.o)
                0x2000004c                __sglue
 .data._impure_ptr
                0x20000058        0x4 C:/Users/white/AppData/Roaming/xPacks/@xpack-dev-tools/arm-none-eabi-gcc/13.2.1-1.1.1/.content/bin/../lib/gcc/arm-none-eabi/13.2.1/../../../../arm-none-eabi/lib/thumb/v7e-m+fp/softfp\libg_nano.a(libc_a-impure.o)
                0x20000058                _impure_ptr
 .data._impure_data
                0x2000005c       0x4c C:/Users/white/AppData/Roaming/xPacks/@xpack-dev-tools/arm-none-eabi-gcc/13.2.1-1.1.1/.content/bin/../lib/gcc/arm-none-eabi/13.2.1/../../../../arm-none-eabi/lib/thumb/v7e-m+fp/softfp\libg_nano.a(libc_a-impure.o)
                0x2000005c                _impure_data
 *(.data_end .data_end.*)
 .data_end      0x200000a8        0x4 ./system/src/newlib/startup.o
                0x200000ac                        . = ALIGN (0x4)
                0x200000ac                        _edata = .
                0x200000ac                        __data_end__ = .

.igot.plt       0x200000ac        0x0 load address 0x080065b4
 .igot.plt      0x200000ac        0x0 ./system/src/stm32f4-hal/stm32f4xx_hal.o

.bss_CCMRAM     0x10000000        0x0
 *(.bss.CCMRAM .bss.CCMRAM.*)

.bss            0x200000ac    0x1314c
                0x200000ac                        __bss_start__ = .
                0x200000ac                        _sbss = .
 *(.bss_begin .bss_begin.*)
 .bss_begin     0x200000ac        0x4 ./system/src/newlib/startup.o
 *(.bss .bss.*)
 .bss.uwTick    0x200000b0        0x4 ./system/src/stm32f4-hal/stm32f4xx_hal.o
                0x200000b0                uwTick
 .bss.current_heap_end.0
                0x200000b4        0x4 ./system/src/newlib/sbrk.o
 .bss.argv_buf.0
                0x200000b8       0x28 ./system/src/newlib/syscalls.o
 .bss.args_buf.1
                0x200000e0       0x50 ./system/src/newlib/syscalls.o
 .bss.monitor_stderr
                0x20000130        0x4 ./system/src/newlib/syscalls.o
 .bss.monitor_stdout
                0x20000134        0x4 ./system/src/newlib/syscalls.o
 .bss.monitor_stdin
                0x20000138        0x4 ./system/src/newlib/syscalls.o
 .bss.openfiles
                0x2000013c       0xa0 ./system/src/newlib/syscalls.o
 .bss.errno     0x200001dc        0x4 ./system/src/newlib/syscalls.o
                0x200001dc                errno
 .bss.buf.0     0x200001e0       0x80 ./system/src/diag/trace.o
 .bss.callback1
                0x20000260        0x4 ./src/main.o
                0x20000260                callback1
 .bss.lower     0x20000264        0x4 ./src/main.o
                0x20000264                lower
 .bss.upper     0x20000268        0x4 ./src/main.o
                0x20000268                upper
 .bss.total_number_of_successfully_sent_messages
                0x2000026c        0x4 ./src/main.o
                0x2000026c                total_number_of_successfully_sent_messages
 .bss.total_number_of_blocked_messages
                0x20000270        0x4 ./src/main.o
                0x20000270                total_number_of_blocked_messages
 .bss.received_message
                0x20000274        0x4 ./src/main.o
                0x20000274                received_message
 .bss.block3    0x20000278        0x4 ./src/main.o
                0x20000278                block3
 .bss.block2    0x2000027c        0x4 ./src/main.o
                0x2000027c                block2
 .bss.block1    0x20000280        0x4 ./src/main.o
                0x20000280                block1
 .bss.sent3     0x20000284        0x4 ./src/main.o
                0x20000284                sent3
 .bss.sent2     0x20000288        0x4 ./src/main.o
                0x20000288                sent2
 .bss.sent1     0x2000028c        0x4 ./src/main.o
                0x2000028c                sent1
 .bss.xSemaphoreReceiver
                0x20000290        0x4 ./src/main.o
                0x20000290                xSemaphoreReceiver
 .bss.xSemaphoreSender3
                0x20000294        0x4 ./src/main.o
                0x20000294                xSemaphoreSender3
 .bss.xSemaphoreSender2
                0x20000298        0x4 ./src/main.o
                0x20000298                xSemaphoreSender2
 .bss.xSemaphoreSender1
                0x2000029c        0x4 ./src/main.o
                0x2000029c                xSemaphoreSender1
 .bss.xQueue    0x200002a0        0x4 ./src/main.o
                0x200002a0                xQueue
 .bss.Tsender3  0x200002a4        0x4 ./src/main.o
                0x200002a4                Tsender3
 .bss.Tsender2  0x200002a8        0x4 ./src/main.o
                0x200002a8                Tsender2
 .bss.Tsender1  0x200002ac        0x4 ./src/main.o
                0x200002ac                Tsender1
 .bss.xTimer4   0x200002b0        0x4 ./src/main.o
 .bss.xTimer3   0x200002b4        0x4 ./src/main.o
 .bss.xTimer2   0x200002b8        0x4 ./src/main.o
 .bss.xTimer1   0x200002bc        0x4 ./src/main.o
 .bss.xTimerAutoReload
                0x200002c0        0x4 ./src/main.o
 .bss.xTimerOneShot
                0x200002c4        0x4 ./src/main.o
 .bss.blinkLeds
                0x200002c8       0x40 ./src/main.o
                0x200002c8                blinkLeds
 .bss.csv_file  0x20000308        0x4 ./src/main.o
                0x20000308                csv_file
 .bss.xBlockAllocatedBit
                0x2000030c        0x4 ./FreeRTOS Source/portable/MemMang/heap_4.o
 .bss.xMinimumEverFreeBytesRemaining
                0x20000310        0x4 ./FreeRTOS Source/portable/MemMang/heap_4.o
 .bss.xFreeBytesRemaining
                0x20000314        0x4 ./FreeRTOS Source/portable/MemMang/heap_4.o
 .bss.pxEnd     0x20000318        0x4 ./FreeRTOS Source/portable/MemMang/heap_4.o
 .bss.xStart    0x2000031c        0x8 ./FreeRTOS Source/portable/MemMang/heap_4.o
 .bss.ucHeap    0x20000324    0x12c00 ./FreeRTOS Source/portable/MemMang/heap_4.o
 .bss.ulMaxPRIGROUPValue
                0x20012f24        0x4 ./FreeRTOS Source/portable/GCC/ARM_CM4F/port.o
 .bss.ucMaxSysCallPriority
                0x20012f28        0x1 ./FreeRTOS Source/portable/GCC/ARM_CM4F/port.o
 *fill*         0x20012f29        0x3 
 .bss.xQueueRegistry
                0x20012f2c       0x40 ./FreeRTOS Source/queue.o
                0x20012f2c                xQueueRegistry
 .bss.uxSchedulerSuspended
                0x20012f6c        0x4 ./FreeRTOS Source/tasks.o
 .bss.xIdleTaskHandle
                0x20012f70        0x4 ./FreeRTOS Source/tasks.o
 .bss.xNextTaskUnblockTime
                0x20012f74        0x4 ./FreeRTOS Source/tasks.o
 .bss.uxTaskNumber
                0x20012f78        0x4 ./FreeRTOS Source/tasks.o
 .bss.xNumOfOverflows
                0x20012f7c        0x4 ./FreeRTOS Source/tasks.o
 .bss.xYieldPending
                0x20012f80        0x4 ./FreeRTOS Source/tasks.o
 .bss.uxPendedTicks
                0x20012f84        0x4 ./FreeRTOS Source/tasks.o
 .bss.xSchedulerRunning
                0x20012f88        0x4 ./FreeRTOS Source/tasks.o
 .bss.uxTopReadyPriority
                0x20012f8c        0x4 ./FreeRTOS Source/tasks.o
 .bss.xTickCount
                0x20012f90        0x4 ./FreeRTOS Source/tasks.o
 .bss.uxCurrentNumberOfTasks
                0x20012f94        0x4 ./FreeRTOS Source/tasks.o
 .bss.xSuspendedTaskList
                0x20012f98       0x14 ./FreeRTOS Source/tasks.o
 .bss.uxDeletedTasksWaitingCleanUp
                0x20012fac        0x4 ./FreeRTOS Source/tasks.o
 .bss.xTasksWaitingTermination
                0x20012fb0       0x14 ./FreeRTOS Source/tasks.o
 .bss.xPendingReadyList
                0x20012fc4       0x14 ./FreeRTOS Source/tasks.o
 .bss.pxOverflowDelayedTaskList
                0x20012fd8        0x4 ./FreeRTOS Source/tasks.o
 .bss.pxDelayedTaskList
                0x20012fdc        0x4 ./FreeRTOS Source/tasks.o
 .bss.xDelayedTaskList2
                0x20012fe0       0x14 ./FreeRTOS Source/tasks.o
 .bss.xDelayedTaskList1
                0x20012ff4       0x14 ./FreeRTOS Source/tasks.o
 .bss.pxReadyTasksLists
                0x20013008       0x64 ./FreeRTOS Source/tasks.o
 .bss.pxCurrentTCB
                0x2001306c        0x4 ./FreeRTOS Source/tasks.o
                0x2001306c                pxCurrentTCB
 .bss.xLastTime.0
                0x20013070        0x4 ./FreeRTOS Source/timers.o
 .bss.xTimerTaskHandle
                0x20013074        0x4 ./FreeRTOS Source/timers.o
 .bss.xTimerQueue
                0x20013078        0x4 ./FreeRTOS Source/timers.o
 .bss.pxOverflowTimerList
                0x2001307c        0x4 ./FreeRTOS Source/timers.o
 .bss.pxCurrentTimerList
                0x20013080        0x4 ./FreeRTOS Source/timers.o
 .bss.xActiveTimerList2
                0x20013084       0x14 ./FreeRTOS Source/timers.o
 .bss.xActiveTimerList1
                0x20013098       0x14 ./FreeRTOS Source/timers.o
 .bss.__sf      0x200130ac      0x138 C:/Users/white/AppData/Roaming/xPacks/@xpack-dev-tools/arm-none-eabi-gcc/13.2.1-1.1.1/.content/bin/../lib/gcc/arm-none-eabi/13.2.1/../../../../arm-none-eabi/lib/thumb/v7e-m+fp/softfp\libg_nano.a(libc_a-findfp.o)
                0x200130ac                __sf
 .bss.__stdio_exit_handler
                0x200131e4        0x4 C:/Users/white/AppData/Roaming/xPacks/@xpack-dev-tools/arm-none-eabi-gcc/13.2.1-1.1.1/.content/bin/../lib/gcc/arm-none-eabi/13.2.1/../../../../arm-none-eabi/lib/thumb/v7e-m+fp/softfp\libg_nano.a(libc_a-findfp.o)
                0x200131e4                __stdio_exit_handler
 .bss.__lock___malloc_recursive_mutex
                0x200131e8        0x1 C:/Users/white/AppData/Roaming/xPacks/@xpack-dev-tools/arm-none-eabi-gcc/13.2.1-1.1.1/.content/bin/../lib/gcc/arm-none-eabi/13.2.1/../../../../arm-none-eabi/lib/thumb/v7e-m+fp/softfp\libg_nano.a(libc_a-lock.o)
                0x200131e8                __lock___malloc_recursive_mutex
 .bss.__lock___sfp_recursive_mutex
                0x200131e9        0x1 C:/Users/white/AppData/Roaming/xPacks/@xpack-dev-tools/arm-none-eabi-gcc/13.2.1-1.1.1/.content/bin/../lib/gcc/arm-none-eabi/13.2.1/../../../../arm-none-eabi/lib/thumb/v7e-m+fp/softfp\libg_nano.a(libc_a-lock.o)
                0x200131e9                __lock___sfp_recursive_mutex
 *fill*         0x200131ea        0x2 
 .bss.__malloc_sbrk_start
                0x200131ec        0x4 C:/Users/white/AppData/Roaming/xPacks/@xpack-dev-tools/arm-none-eabi-gcc/13.2.1-1.1.1/.content/bin/../lib/gcc/arm-none-eabi/13.2.1/../../../../arm-none-eabi/lib/thumb/v7e-m+fp/softfp\libg_nano.a(libc_a-mallocr.o)
                0x200131ec                __malloc_sbrk_start
 .bss.__malloc_free_list
                0x200131f0        0x4 C:/Users/white/AppData/Roaming/xPacks/@xpack-dev-tools/arm-none-eabi-gcc/13.2.1-1.1.1/.content/bin/../lib/gcc/arm-none-eabi/13.2.1/../../../../arm-none-eabi/lib/thumb/v7e-m+fp/softfp\libg_nano.a(libc_a-mallocr.o)
                0x200131f0                __malloc_free_list
 *(COMMON)
 *(.bss_end .bss_end.*)
 .bss_end       0x200131f4        0x4 ./system/src/newlib/startup.o
                0x200131f8                        . = ALIGN (0x4)
                0x200131f8                        __bss_end__ = .
                0x200131f8                        _ebss = .

.noinit_CCMRAM
 *(.noinit.CCMRAM .noinit.CCMRAM.*)

.noinit         0x200131f8        0x0
                0x200131f8                        _noinit = .
 *(.noinit .noinit.*)
                0x200131f8                        . = ALIGN (0x4)
                0x200131f8                        _end_noinit = .
                [!provide]                        PROVIDE (end = _end_noinit)
                [!provide]                        PROVIDE (_end = _end_noinit)
                [!provide]                        PROVIDE (__end = _end_noinit)
                [!provide]                        PROVIDE (__end__ = _end_noinit)

._check_stack   0x200131f8      0x100
                0x200132f8                        . = (. + _Minimum_Stack_Size)
 *fill*         0x200131f8      0x100 

.b1text
 *(.b1text)
 *(.b1rodata)
 *(.b1rodata.*)

.eb0text
 *(.eb0text)
 *(.eb0rodata)
 *(.eb0rodata.*)

.eb1text
 *(.eb1text)
 *(.eb1rodata)
 *(.eb1rodata.*)

.eb2text
 *(.eb2text)
 *(.eb2rodata)
 *(.eb2rodata.*)

.eb3text
 *(.eb3text)
 *(.eb3rodata)
 *(.eb3rodata.*)

.stab
 *(.stab)

.stabstr
 *(.stabstr)

.stab.excl
 *(.stab.excl)

.stab.exclstr
 *(.stab.exclstr)

.stab.index
 *(.stab.index)

.stab.indexstr
 *(.stab.indexstr)

.comment        0x00000000       0x39
 *(.comment)
 .comment       0x00000000       0x39 ./system/src/stm32f4-hal/stm32f4xx_hal.o
                                 0x3a (size before relaxing)
 .comment       0x00000039       0x3a ./system/src/stm32f4-hal/stm32f4xx_hal_cortex.o
 .comment       0x00000039       0x3a ./system/src/stm32f4-hal/stm32f4xx_hal_gpio.o
 .comment       0x00000039       0x3a ./system/src/stm32f4-hal/stm32f4xx_hal_rcc.o
 .comment       0x00000039       0x3a ./system/src/newlib/assert.o
 .comment       0x00000039       0x3a ./system/src/newlib/exit.o
 .comment       0x00000039       0x3a ./system/src/newlib/sbrk.o
 .comment       0x00000039       0x3a ./system/src/newlib/startup.o
 .comment       0x00000039       0x3a ./system/src/newlib/syscalls.o
 .comment       0x00000039       0x3a ./system/src/diag/trace-impl.o
 .comment       0x00000039       0x3a ./system/src/diag/trace.o
 .comment       0x00000039       0x3a ./system/src/cortexm/exception-handlers.o
 .comment       0x00000039       0x3a ./system/src/cortexm/initialize-hardware.o
 .comment       0x00000039       0x3a ./system/src/cmsis/system_stm32f4xx.o
 .comment       0x00000039       0x3a ./system/src/cmsis/vectors_stm32f407xx.o
 .comment       0x00000039       0x3a ./src/initialize-hardware.o
 .comment       0x00000039       0x3a ./src/led.o
 .comment       0x00000039       0x3a ./src/main.o
 .comment       0x00000039       0x3a ./src/stm32f4xx_hal_msp.o
 .comment       0x00000039       0x3a ./FreeRTOS Source/portable/MemMang/heap_4.o
 .comment       0x00000039       0x3a ./FreeRTOS Source/portable/GCC/ARM_CM4F/port.o
 .comment       0x00000039       0x3a ./FreeRTOS Source/list.o
 .comment       0x00000039       0x3a ./FreeRTOS Source/queue.o
 .comment       0x00000039       0x3a ./FreeRTOS Source/tasks.o
 .comment       0x00000039       0x3a ./FreeRTOS Source/timers.o
 .comment       0x00000039       0x3a C:/Users/white/AppData/Roaming/xPacks/@xpack-dev-tools/arm-none-eabi-gcc/13.2.1-1.1.1/.content/bin/../lib/gcc/arm-none-eabi/13.2.1/thumb/v7e-m+fp/softfp\libgcc.a(_udivmoddi4.o)
 .comment       0x00000039       0x3a C:/Users/white/AppData/Roaming/xPacks/@xpack-dev-tools/arm-none-eabi-gcc/13.2.1-1.1.1/.content/bin/../lib/gcc/arm-none-eabi/13.2.1/../../../../arm-none-eabi/lib/thumb/v7e-m+fp/softfp\libg_nano.a(libc_a-exit.o)
 .comment       0x00000039       0x3a C:/Users/white/AppData/Roaming/xPacks/@xpack-dev-tools/arm-none-eabi-gcc/13.2.1-1.1.1/.content/bin/../lib/gcc/arm-none-eabi/13.2.1/../../../../arm-none-eabi/lib/thumb/v7e-m+fp/softfp\libg_nano.a(libc_a-rand.o)
 .comment       0x00000039       0x3a C:/Users/white/AppData/Roaming/xPacks/@xpack-dev-tools/arm-none-eabi-gcc/13.2.1-1.1.1/.content/bin/../lib/gcc/arm-none-eabi/13.2.1/../../../../arm-none-eabi/lib/thumb/v7e-m+fp/softfp\libg_nano.a(libc_a-ctype_.o)
 .comment       0x00000039       0x3a C:/Users/white/AppData/Roaming/xPacks/@xpack-dev-tools/arm-none-eabi-gcc/13.2.1-1.1.1/.content/bin/../lib/gcc/arm-none-eabi/13.2.1/../../../../arm-none-eabi/lib/thumb/v7e-m+fp/softfp\libg_nano.a(libc_a-fclose.o)
 .comment       0x00000039       0x3a C:/Users/white/AppData/Roaming/xPacks/@xpack-dev-tools/arm-none-eabi-gcc/13.2.1-1.1.1/.content/bin/../lib/gcc/arm-none-eabi/13.2.1/../../../../arm-none-eabi/lib/thumb/v7e-m+fp/softfp\libg_nano.a(libc_a-fflush.o)
 .comment       0x00000039       0x3a C:/Users/white/AppData/Roaming/xPacks/@xpack-dev-tools/arm-none-eabi-gcc/13.2.1-1.1.1/.content/bin/../lib/gcc/arm-none-eabi/13.2.1/../../../../arm-none-eabi/lib/thumb/v7e-m+fp/softfp\libg_nano.a(libc_a-findfp.o)
 .comment       0x00000039       0x3a C:/Users/white/AppData/Roaming/xPacks/@xpack-dev-tools/arm-none-eabi-gcc/13.2.1-1.1.1/.content/bin/../lib/gcc/arm-none-eabi/13.2.1/../../../../arm-none-eabi/lib/thumb/v7e-m+fp/softfp\libg_nano.a(libc_a-fopen.o)
 .comment       0x00000039       0x3a C:/Users/white/AppData/Roaming/xPacks/@xpack-dev-tools/arm-none-eabi-gcc/13.2.1-1.1.1/.content/bin/../lib/gcc/arm-none-eabi/13.2.1/../../../../arm-none-eabi/lib/thumb/v7e-m+fp/softfp\libg_nano.a(libc_a-fprintf.o)
 .comment       0x00000039       0x3a C:/Users/white/AppData/Roaming/xPacks/@xpack-dev-tools/arm-none-eabi-gcc/13.2.1-1.1.1/.content/bin/../lib/gcc/arm-none-eabi/13.2.1/../../../../arm-none-eabi/lib/thumb/v7e-m+fp/softfp\libg_nano.a(libc_a-fseek.o)
 .comment       0x00000039       0x3a C:/Users/white/AppData/Roaming/xPacks/@xpack-dev-tools/arm-none-eabi-gcc/13.2.1-1.1.1/.content/bin/../lib/gcc/arm-none-eabi/13.2.1/../../../../arm-none-eabi/lib/thumb/v7e-m+fp/softfp\libg_nano.a(libc_a-fwalk.o)
 .comment       0x00000039       0x3a C:/Users/white/AppData/Roaming/xPacks/@xpack-dev-tools/arm-none-eabi-gcc/13.2.1-1.1.1/.content/bin/../lib/gcc/arm-none-eabi/13.2.1/../../../../arm-none-eabi/lib/thumb/v7e-m+fp/softfp\libg_nano.a(libc_a-fwrite.o)
 .comment       0x00000039       0x3a C:/Users/white/AppData/Roaming/xPacks/@xpack-dev-tools/arm-none-eabi-gcc/13.2.1-1.1.1/.content/bin/../lib/gcc/arm-none-eabi/13.2.1/../../../../arm-none-eabi/lib/thumb/v7e-m+fp/softfp\libg_nano.a(libc_a-printf.o)
 .comment       0x00000039       0x3a C:/Users/white/AppData/Roaming/xPacks/@xpack-dev-tools/arm-none-eabi-gcc/13.2.1-1.1.1/.content/bin/../lib/gcc/arm-none-eabi/13.2.1/../../../../arm-none-eabi/lib/thumb/v7e-m+fp/softfp\libg_nano.a(libc_a-puts.o)
 .comment       0x00000039       0x3a C:/Users/white/AppData/Roaming/xPacks/@xpack-dev-tools/arm-none-eabi-gcc/13.2.1-1.1.1/.content/bin/../lib/gcc/arm-none-eabi/13.2.1/../../../../arm-none-eabi/lib/thumb/v7e-m+fp/softfp\libg_nano.a(libc_a-snprintf.o)
 .comment       0x00000039       0x3a C:/Users/white/AppData/Roaming/xPacks/@xpack-dev-tools/arm-none-eabi-gcc/13.2.1-1.1.1/.content/bin/../lib/gcc/arm-none-eabi/13.2.1/../../../../arm-none-eabi/lib/thumb/v7e-m+fp/softfp\libg_nano.a(libc_a-stdio.o)
 .comment       0x00000039       0x3a C:/Users/white/AppData/Roaming/xPacks/@xpack-dev-tools/arm-none-eabi-gcc/13.2.1-1.1.1/.content/bin/../lib/gcc/arm-none-eabi/13.2.1/../../../../arm-none-eabi/lib/thumb/v7e-m+fp/softfp\libg_nano.a(libc_a-vsnprintf.o)
 .comment       0x00000039       0x3a C:/Users/white/AppData/Roaming/xPacks/@xpack-dev-tools/arm-none-eabi-gcc/13.2.1-1.1.1/.content/bin/../lib/gcc/arm-none-eabi/13.2.1/../../../../arm-none-eabi/lib/thumb/v7e-m+fp/softfp\libg_nano.a(libc_a-wbuf.o)
 .comment       0x00000039       0x3a C:/Users/white/AppData/Roaming/xPacks/@xpack-dev-tools/arm-none-eabi-gcc/13.2.1-1.1.1/.content/bin/../lib/gcc/arm-none-eabi/13.2.1/../../../../arm-none-eabi/lib/thumb/v7e-m+fp/softfp\libg_nano.a(libc_a-wsetup.o)
 .comment       0x00000039       0x3a C:/Users/white/AppData/Roaming/xPacks/@xpack-dev-tools/arm-none-eabi-gcc/13.2.1-1.1.1/.content/bin/../lib/gcc/arm-none-eabi/13.2.1/../../../../arm-none-eabi/lib/thumb/v7e-m+fp/softfp\libg_nano.a(libc_a-fseeko.o)
 .comment       0x00000039       0x3a C:/Users/white/AppData/Roaming/xPacks/@xpack-dev-tools/arm-none-eabi-gcc/13.2.1-1.1.1/.content/bin/../lib/gcc/arm-none-eabi/13.2.1/../../../../arm-none-eabi/lib/thumb/v7e-m+fp/softfp\libg_nano.a(libc_a-memset.o)
 .comment       0x00000039       0x3a C:/Users/white/AppData/Roaming/xPacks/@xpack-dev-tools/arm-none-eabi-gcc/13.2.1-1.1.1/.content/bin/../lib/gcc/arm-none-eabi/13.2.1/../../../../arm-none-eabi/lib/thumb/v7e-m+fp/softfp\libg_nano.a(libc_a-closer.o)
 .comment       0x00000039       0x3a C:/Users/white/AppData/Roaming/xPacks/@xpack-dev-tools/arm-none-eabi-gcc/13.2.1-1.1.1/.content/bin/../lib/gcc/arm-none-eabi/13.2.1/../../../../arm-none-eabi/lib/thumb/v7e-m+fp/softfp\libg_nano.a(libc_a-impure.o)
 .comment       0x00000039       0x3a C:/Users/white/AppData/Roaming/xPacks/@xpack-dev-tools/arm-none-eabi-gcc/13.2.1-1.1.1/.content/bin/../lib/gcc/arm-none-eabi/13.2.1/../../../../arm-none-eabi/lib/thumb/v7e-m+fp/softfp\libg_nano.a(libc_a-lseekr.o)
 .comment       0x00000039       0x3a C:/Users/white/AppData/Roaming/xPacks/@xpack-dev-tools/arm-none-eabi-gcc/13.2.1-1.1.1/.content/bin/../lib/gcc/arm-none-eabi/13.2.1/../../../../arm-none-eabi/lib/thumb/v7e-m+fp/softfp\libg_nano.a(libc_a-openr.o)
 .comment       0x00000039       0x3a C:/Users/white/AppData/Roaming/xPacks/@xpack-dev-tools/arm-none-eabi-gcc/13.2.1-1.1.1/.content/bin/../lib/gcc/arm-none-eabi/13.2.1/../../../../arm-none-eabi/lib/thumb/v7e-m+fp/softfp\libg_nano.a(libc_a-readr.o)
 .comment       0x00000039       0x3a C:/Users/white/AppData/Roaming/xPacks/@xpack-dev-tools/arm-none-eabi-gcc/13.2.1-1.1.1/.content/bin/../lib/gcc/arm-none-eabi/13.2.1/../../../../arm-none-eabi/lib/thumb/v7e-m+fp/softfp\libg_nano.a(libc_a-writer.o)
 .comment       0x00000039       0x3a C:/Users/white/AppData/Roaming/xPacks/@xpack-dev-tools/arm-none-eabi-gcc/13.2.1-1.1.1/.content/bin/../lib/gcc/arm-none-eabi/13.2.1/../../../../arm-none-eabi/lib/thumb/v7e-m+fp/softfp\libg_nano.a(libc_a-errno.o)
 .comment       0x00000039       0x3a C:/Users/white/AppData/Roaming/xPacks/@xpack-dev-tools/arm-none-eabi-gcc/13.2.1-1.1.1/.content/bin/../lib/gcc/arm-none-eabi/13.2.1/../../../../arm-none-eabi/lib/thumb/v7e-m+fp/softfp\libg_nano.a(libc_a-lock.o)
 .comment       0x00000039       0x3a C:/Users/white/AppData/Roaming/xPacks/@xpack-dev-tools/arm-none-eabi-gcc/13.2.1-1.1.1/.content/bin/../lib/gcc/arm-none-eabi/13.2.1/../../../../arm-none-eabi/lib/thumb/v7e-m+fp/softfp\libg_nano.a(libc_a-memcpy-stub.o)
 .comment       0x00000039       0x3a C:/Users/white/AppData/Roaming/xPacks/@xpack-dev-tools/arm-none-eabi-gcc/13.2.1-1.1.1/.content/bin/../lib/gcc/arm-none-eabi/13.2.1/../../../../arm-none-eabi/lib/thumb/v7e-m+fp/softfp\libg_nano.a(libc_a-freer.o)
 .comment       0x00000039       0x3a C:/Users/white/AppData/Roaming/xPacks/@xpack-dev-tools/arm-none-eabi-gcc/13.2.1-1.1.1/.content/bin/../lib/gcc/arm-none-eabi/13.2.1/../../../../arm-none-eabi/lib/thumb/v7e-m+fp/softfp\libg_nano.a(libc_a-malloc.o)
 .comment       0x00000039       0x3a C:/Users/white/AppData/Roaming/xPacks/@xpack-dev-tools/arm-none-eabi-gcc/13.2.1-1.1.1/.content/bin/../lib/gcc/arm-none-eabi/13.2.1/../../../../arm-none-eabi/lib/thumb/v7e-m+fp/softfp\libg_nano.a(libc_a-mallocr.o)
 .comment       0x00000039       0x3a C:/Users/white/AppData/Roaming/xPacks/@xpack-dev-tools/arm-none-eabi-gcc/13.2.1-1.1.1/.content/bin/../lib/gcc/arm-none-eabi/13.2.1/../../../../arm-none-eabi/lib/thumb/v7e-m+fp/softfp\libg_nano.a(libc_a-mlock.o)
 .comment       0x00000039       0x3a C:/Users/white/AppData/Roaming/xPacks/@xpack-dev-tools/arm-none-eabi-gcc/13.2.1-1.1.1/.content/bin/../lib/gcc/arm-none-eabi/13.2.1/../../../../arm-none-eabi/lib/thumb/v7e-m+fp/softfp\libg_nano.a(libc_a-nano-svfprintf.o)
 .comment       0x00000039       0x3a C:/Users/white/AppData/Roaming/xPacks/@xpack-dev-tools/arm-none-eabi-gcc/13.2.1-1.1.1/.content/bin/../lib/gcc/arm-none-eabi/13.2.1/../../../../arm-none-eabi/lib/thumb/v7e-m+fp/softfp\libg_nano.a(libc_a-nano-vfprintf.o)
 .comment       0x00000039       0x3a C:/Users/white/AppData/Roaming/xPacks/@xpack-dev-tools/arm-none-eabi-gcc/13.2.1-1.1.1/.content/bin/../lib/gcc/arm-none-eabi/13.2.1/../../../../arm-none-eabi/lib/thumb/v7e-m+fp/softfp\libg_nano.a(libc_a-nano-vfprintf_i.o)
 .comment       0x00000039       0x3a C:/Users/white/AppData/Roaming/xPacks/@xpack-dev-tools/arm-none-eabi-gcc/13.2.1-1.1.1/.content/bin/../lib/gcc/arm-none-eabi/13.2.1/../../../../arm-none-eabi/lib/thumb/v7e-m+fp/softfp\libg_nano.a(libc_a-flags.o)
 .comment       0x00000039       0x3a C:/Users/white/AppData/Roaming/xPacks/@xpack-dev-tools/arm-none-eabi-gcc/13.2.1-1.1.1/.content/bin/../lib/gcc/arm-none-eabi/13.2.1/../../../../arm-none-eabi/lib/thumb/v7e-m+fp/softfp\libg_nano.a(libc_a-makebuf.o)
 .comment       0x00000039       0x3a C:/Users/white/AppData/Roaming/xPacks/@xpack-dev-tools/arm-none-eabi-gcc/13.2.1-1.1.1/.content/bin/../lib/gcc/arm-none-eabi/13.2.1/../../../../arm-none-eabi/lib/thumb/v7e-m+fp/softfp\libg_nano.a(libc_a-memmove.o)
 .comment       0x00000039       0x3a C:/Users/white/AppData/Roaming/xPacks/@xpack-dev-tools/arm-none-eabi-gcc/13.2.1-1.1.1/.content/bin/../lib/gcc/arm-none-eabi/13.2.1/../../../../arm-none-eabi/lib/thumb/v7e-m+fp/softfp\libg_nano.a(libc_a-fstatr.o)
 .comment       0x00000039       0x3a C:/Users/white/AppData/Roaming/xPacks/@xpack-dev-tools/arm-none-eabi-gcc/13.2.1-1.1.1/.content/bin/../lib/gcc/arm-none-eabi/13.2.1/../../../../arm-none-eabi/lib/thumb/v7e-m+fp/softfp\libg_nano.a(libc_a-isattyr.o)
 .comment       0x00000039       0x3a C:/Users/white/AppData/Roaming/xPacks/@xpack-dev-tools/arm-none-eabi-gcc/13.2.1-1.1.1/.content/bin/../lib/gcc/arm-none-eabi/13.2.1/../../../../arm-none-eabi/lib/thumb/v7e-m+fp/softfp\libg_nano.a(libc_a-sbrkr.o)
 .comment       0x00000039       0x3a C:/Users/white/AppData/Roaming/xPacks/@xpack-dev-tools/arm-none-eabi-gcc/13.2.1-1.1.1/.content/bin/../lib/gcc/arm-none-eabi/13.2.1/../../../../arm-none-eabi/lib/thumb/v7e-m+fp/softfp\libg_nano.a(libc_a-reallocr.o)
 .comment       0x00000039       0x3a C:/Users/white/AppData/Roaming/xPacks/@xpack-dev-tools/arm-none-eabi-gcc/13.2.1-1.1.1/.content/bin/../lib/gcc/arm-none-eabi/13.2.1/../../../../arm-none-eabi/lib/thumb/v7e-m+fp/softfp\libg_nano.a(libc_a-msizer.o)

.ARM.attributes
                0x00000000       0x30
 .ARM.attributes
                0x00000000       0x32 ./system/src/stm32f4-hal/stm32f4xx_hal.o
 .ARM.attributes
                0x00000032       0x32 ./system/src/stm32f4-hal/stm32f4xx_hal_cortex.o
 .ARM.attributes
                0x00000064       0x32 ./system/src/stm32f4-hal/stm32f4xx_hal_gpio.o
 .ARM.attributes
                0x00000096       0x32 ./system/src/stm32f4-hal/stm32f4xx_hal_rcc.o
 .ARM.attributes
                0x000000c8       0x32 ./system/src/newlib/assert.o
 .ARM.attributes
                0x000000fa       0x32 ./system/src/newlib/exit.o
 .ARM.attributes
                0x0000012c       0x32 ./system/src/newlib/sbrk.o
 .ARM.attributes
                0x0000015e       0x32 ./system/src/newlib/startup.o
 .ARM.attributes
                0x00000190       0x32 ./system/src/newlib/syscalls.o
 .ARM.attributes
                0x000001c2       0x32 ./system/src/diag/trace-impl.o
 .ARM.attributes
                0x000001f4       0x32 ./system/src/diag/trace.o
 .ARM.attributes
                0x00000226       0x32 ./system/src/cortexm/exception-handlers.o
 .ARM.attributes
                0x00000258       0x32 ./system/src/cortexm/initialize-hardware.o
 .ARM.attributes
                0x0000028a       0x32 ./system/src/cmsis/system_stm32f4xx.o
 .ARM.attributes
                0x000002bc       0x32 ./system/src/cmsis/vectors_stm32f407xx.o
 .ARM.attributes
                0x000002ee       0x32 ./src/initialize-hardware.o
 .ARM.attributes
                0x00000320       0x32 ./src/led.o
 .ARM.attributes
                0x00000352       0x32 ./src/main.o
 .ARM.attributes
                0x00000384       0x32 ./src/stm32f4xx_hal_msp.o
 .ARM.attributes
                0x000003b6       0x32 ./FreeRTOS Source/portable/MemMang/heap_4.o
 .ARM.attributes
                0x000003e8       0x32 ./FreeRTOS Source/portable/GCC/ARM_CM4F/port.o
 .ARM.attributes
                0x0000041a       0x32 ./FreeRTOS Source/list.o
 .ARM.attributes
                0x0000044c       0x32 ./FreeRTOS Source/queue.o
 .ARM.attributes
                0x0000047e       0x32 ./FreeRTOS Source/tasks.o
 .ARM.attributes
                0x000004b0       0x32 ./FreeRTOS Source/timers.o
 .ARM.attributes
                0x000004e2       0x22 C:/Users/white/AppData/Roaming/xPacks/@xpack-dev-tools/arm-none-eabi-gcc/13.2.1-1.1.1/.content/bin/../lib/gcc/arm-none-eabi/13.2.1/thumb/v7e-m+fp/softfp\libgcc.a(_aeabi_uldivmod.o)
 .ARM.attributes
                0x00000504       0x32 C:/Users/white/AppData/Roaming/xPacks/@xpack-dev-tools/arm-none-eabi-gcc/13.2.1-1.1.1/.content/bin/../lib/gcc/arm-none-eabi/13.2.1/thumb/v7e-m+fp/softfp\libgcc.a(_udivmoddi4.o)
 .ARM.attributes
                0x00000536       0x22 C:/Users/white/AppData/Roaming/xPacks/@xpack-dev-tools/arm-none-eabi-gcc/13.2.1-1.1.1/.content/bin/../lib/gcc/arm-none-eabi/13.2.1/thumb/v7e-m+fp/softfp\libgcc.a(_dvmd_tls.o)
 .ARM.attributes
                0x00000558       0x32 C:/Users/white/AppData/Roaming/xPacks/@xpack-dev-tools/arm-none-eabi-gcc/13.2.1-1.1.1/.content/bin/../lib/gcc/arm-none-eabi/13.2.1/../../../../arm-none-eabi/lib/thumb/v7e-m+fp/softfp\libg_nano.a(libc_a-exit.o)
 .ARM.attributes
                0x0000058a       0x32 C:/Users/white/AppData/Roaming/xPacks/@xpack-dev-tools/arm-none-eabi-gcc/13.2.1-1.1.1/.content/bin/../lib/gcc/arm-none-eabi/13.2.1/../../../../arm-none-eabi/lib/thumb/v7e-m+fp/softfp\libg_nano.a(libc_a-rand.o)
 .ARM.attributes
                0x000005bc       0x32 C:/Users/white/AppData/Roaming/xPacks/@xpack-dev-tools/arm-none-eabi-gcc/13.2.1-1.1.1/.content/bin/../lib/gcc/arm-none-eabi/13.2.1/../../../../arm-none-eabi/lib/thumb/v7e-m+fp/softfp\libg_nano.a(libc_a-ctype_.o)
 .ARM.attributes
                0x000005ee       0x32 C:/Users/white/AppData/Roaming/xPacks/@xpack-dev-tools/arm-none-eabi-gcc/13.2.1-1.1.1/.content/bin/../lib/gcc/arm-none-eabi/13.2.1/../../../../arm-none-eabi/lib/thumb/v7e-m+fp/softfp\libg_nano.a(libc_a-fclose.o)
 .ARM.attributes
                0x00000620       0x32 C:/Users/white/AppData/Roaming/xPacks/@xpack-dev-tools/arm-none-eabi-gcc/13.2.1-1.1.1/.content/bin/../lib/gcc/arm-none-eabi/13.2.1/../../../../arm-none-eabi/lib/thumb/v7e-m+fp/softfp\libg_nano.a(libc_a-fflush.o)
 .ARM.attributes
                0x00000652       0x32 C:/Users/white/AppData/Roaming/xPacks/@xpack-dev-tools/arm-none-eabi-gcc/13.2.1-1.1.1/.content/bin/../lib/gcc/arm-none-eabi/13.2.1/../../../../arm-none-eabi/lib/thumb/v7e-m+fp/softfp\libg_nano.a(libc_a-findfp.o)
 .ARM.attributes