Archive member included to satisfy reference by file (symbol)

C:/Users/white/AppData/Roaming/xPacks/@xpack-dev-tools/arm-none-eabi-gcc/13.2.1-1.1.1/.content/bin/../lib/gcc/arm-none-eabi/13.2.1/thumb/v7e-m+fp/softfp\libgcc.a(_arm_addsubdf3.o)
                              ./src/main.o (__aeabi_dadd)
C:/Users/white/AppData/Roaming/xPacks/@xpack-dev-tools/arm-none-eabi-gcc/13.2.1-1.1.1/.content/bin/../lib/gcc/arm-none-eabi/13.2.1/thumb/v7e-m+fp/softfp\libgcc.a(_arm_muldivdf3.o)
                              ./src/main.o (__aeabi_ddiv)
C:/Users/white/AppData/Roaming/xPacks/@xpack-dev-tools/arm-none-eabi-gcc/13.2.1-1.1.1/.content/bin/../lib/gcc/arm-none-eabi/13.2.1/thumb/v7e-m+fp/softfp\libgcc.a(_arm_fixdfsi.o)
                              ./src/main.o (__aeabi_d2iz)
C:/Users/white/AppData/Roaming/xPacks/@xpack-dev-tools/arm-none-eabi-gcc/13.2.1-1.1.1/.content/bin/../lib/gcc/arm-none-eabi/13.2.1/thumb/v7e-m+fp/softfp\libgcc.a(_aeabi_uldivmod.o)
                              ./system/src/stm32f4-hal/stm32f4xx_hal_rcc.o (__aeabi_uldivmod)
C:/Users/white/AppData/Roaming/xPacks/@xpack-dev-tools/arm-none-eabi-gcc/13.2.1-1.1.1/.content/bin/../lib/gcc/arm-none-eabi/13.2.1/thumb/v7e-m+fp/softfp\libgcc.a(_udivmoddi4.o)
                              C:/Users/white/AppData/Roaming/xPacks/@xpack-dev-tools/arm-none-eabi-gcc/13.2.1-1.1.1/.content/bin/../lib/gcc/arm-none-eabi/13.2.1/thumb/v7e-m+fp/softfp\libgcc.a(_aeabi_uldivmod.o) (__udivmoddi4)
C:/Users/white/AppData/Roaming/xPacks/@xpack-dev-tools/arm-none-eabi-gcc/13.2.1-1.1.1/.content/bin/../lib/gcc/arm-none-eabi/13.2.1/thumb/v7e-m+fp/softfp\libgcc.a(_dvmd_tls.o)
                              C:/Users/white/AppData/Roaming/xPacks/@xpack-dev-tools/arm-none-eabi-gcc/13.2.1-1.1.1/.content/bin/../lib/gcc/arm-none-eabi/13.2.1/thumb/v7e-m+fp/softfp\libgcc.a(_aeabi_uldivmod.o) (__aeabi_ldiv0)
C:/Users/white/AppData/Roaming/xPacks/@xpack-dev-tools/arm-none-eabi-gcc/13.2.1-1.1.1/.content/bin/../lib/gcc/arm-none-eabi/13.2.1/../../../../arm-none-eabi/lib/thumb/v7e-m+fp/softfp\libg_nano.a(libc_a-exit.o)
                              ./src/main.o (exit)
C:/Users/white/AppData/Roaming/xPacks/@xpack-dev-tools/arm-none-eabi-gcc/13.2.1-1.1.1/.content/bin/../lib/gcc/arm-none-eabi/13.2.1/../../../../arm-none-eabi/lib/thumb/v7e-m+fp/softfp\libg_nano.a(libc_a-rand.o)
                              ./src/main.o (srand)
C:/Users/white/AppData/Roaming/xPacks/@xpack-dev-tools/arm-none-eabi-gcc/13.2.1-1.1.1/.content/bin/../lib/gcc/arm-none-eabi/13.2.1/../../../../arm-none-eabi/lib/thumb/v7e-m+fp/softfp\libg_nano.a(libc_a-ctype_.o)
                              ./system/src/newlib/syscalls.o (_ctype_)
C:/Users/white/AppData/Roaming/xPacks/@xpack-dev-tools/arm-none-eabi-gcc/13.2.1-1.1.1/.content/bin/../lib/gcc/arm-none-eabi/13.2.1/../../../../arm-none-eabi/lib/thumb/v7e-m+fp/softfp\libg_nano.a(libc_a-fclose.o)
                              ./src/main.o (fclose)
C:/Users/white/AppData/Roaming/xPacks/@xpack-dev-tools/arm-none-eabi-gcc/13.2.1-1.1.1/.content/bin/../lib/gcc/arm-none-eabi/13.2.1/../../../../arm-none-eabi/lib/thumb/v7e-m+fp/softfp\libg_nano.a(libc_a-fflush.o)
                              C:/Users/white/AppData/Roaming/xPacks/@xpack-dev-tools/arm-none-eabi-gcc/13.2.1-1.1.1/.content/bin/../lib/gcc/arm-none-eabi/13.2.1/../../../../arm-none-eabi/lib/thumb/v7e-m+fp/softfp\libg_nano.a(libc_a-fclose.o) (__sflush_r)
C:/Users/white/AppData/Roaming/xPacks/@xpack-dev-tools/arm-none-eabi-gcc/13.2.1-1.1.1/.content/bin/../lib/gcc/arm-none-eabi/13.2.1/../../../../arm-none-eabi/lib/thumb/v7e-m+fp/softfp\libg_nano.a(libc_a-findfp.o)
                              C:/Users/white/AppData/Roaming/xPacks/@xpack-dev-tools/arm-none-eabi-gcc/13.2.1-1.1.1/.content/bin/../lib/gcc/arm-none-eabi/13.2.1/../../../../arm-none-eabi/lib/thumb/v7e-m+fp/softfp\libg_nano.a(libc_a-fflush.o) (__sglue)
C:/Users/white/AppData/Roaming/xPacks/@xpack-dev-tools/arm-none-eabi-gcc/13.2.1-1.1.1/.content/bin/../lib/gcc/arm-none-eabi/13.2.1/../../../../arm-none-eabi/lib/thumb/v7e-m+fp/softfp\libg_nano.a(libc_a-fopen.o)
                              ./src/main.o (fopen)
C:/Users/white/AppData/Roaming/xPacks/@xpack-dev-tools/arm-none-eabi-gcc/13.2.1-1.1.1/.content/bin/../lib/gcc/arm-none-eabi/13.2.1/../../../../arm-none-eabi/lib/thumb/v7e-m+fp/softfp\libg_nano.a(libc_a-fprintf.o)
                              ./src/main.o (fprintf)
C:/Users/white/AppData/Roaming/xPacks/@xpack-dev-tools/arm-none-eabi-gcc/13.2.1-1.1.1/.content/bin/../lib/gcc/arm-none-eabi/13.2.1/../../../../arm-none-eabi/lib/thumb/v7e-m+fp/softfp\libg_nano.a(libc_a-fseek.o)
                              C:/Users/white/AppData/Roaming/xPacks/@xpack-dev-tools/arm-none-eabi-gcc/13.2.1-1.1.1/.content/bin/../lib/gcc/arm-none-eabi/13.2.1/../../../../arm-none-eabi/lib/thumb/v7e-m+fp/softfp\libg_nano.a(libc_a-fopen.o) (_fseek_r)
[...]
Memory Configuration

Name             Origin             Length             Attributes
RAM              0x20000000         0x00020000         xrw
CCMRAM           0x10000000         0x00010000         xrw
FLASH            0x08000000         0x00100000         xr
FLASHB1          0x00000000         0x00000000         xr
EXTMEMB0         0x00000000         0x00000000         xr
EXTMEMB1         0x00000000         0x00000000         xr
EXTMEMB2         0x00000000         0x00000000         xr
EXTMEMB3         0x00000000         0x00000000         xr
MEMORY_ARRAY     0x20002000         0x00000020         xrw
*default*        0x00000000         0xffffffff

Linker script and memory map

LOAD ./system/src/stm32f4-hal/stm32f4xx_hal.o
LOAD ./system/src/stm32f4-hal/stm32f4xx_hal_cortex.o
LOAD ./system/src/stm32f4-hal/stm32f4xx_hal_flash.o
LOAD ./system/src/stm32f4-hal/stm32f4xx_hal_flash_ex.o
LOAD ./system/src/stm32f4-hal/stm32f4xx_hal_flash_ramfunc.o
LOAD ./system/src/stm32f4-hal/stm32f4xx_hal_gpio.o
LOAD ./system/src/stm32f4-hal/stm32f4xx_hal_iwdg.o
LOAD ./system/src/stm32f4-hal/stm32f4xx_hal_pwr.o
LOAD ./system/src/stm32f4-hal/stm32f4xx_hal_rcc.o
LOAD ./system/src/newlib/assert.o
LOAD ./system/src/newlib/cxx.o
LOAD ./system/src/newlib/exit.o
LOAD ./system/src/newlib/sbrk.o
LOAD ./system/src/newlib/startup.o
LOAD ./system/src/newlib/syscalls.o
LOAD ./system/src/diag/trace-impl.o
LOAD ./system/src/diag/trace.o
LOAD ./system/src/cortexm/exception-handlers.o
LOAD ./system/src/cortexm/initialize-hardware.o
LOAD ./system/src/cortexm/reset-hardware.o
LOAD ./system/src/cmsis/system_stm32f4xx.o
LOAD ./system/src/cmsis/vectors_stm32f407xx.o
LOAD ./src/initialize-hardware.o
LOAD ./src/led.o
LOAD ./src/main.o
LOAD ./src/stm32f4xx_hal_msp.o
LOAD ./src/write.o
LOAD ./FreeRTOS Source/portable/MemMang/heap_4.o
LOAD ./FreeRTOS Source/portable/GCC/ARM_CM4F/port.o
LOAD ./FreeRTOS Source/croutine.o
LOAD ./FreeRTOS Source/event_groups.o
LOAD ./FreeRTOS Source/list.o
LOAD ./FreeRTOS Source/queue.o
LOAD ./FreeRTOS Source/tasks.o
LOAD ./FreeRTOS Source/timers.o
LOAD C:/Users/white/AppData/Roaming/xPacks/@xpack-dev-tools/arm-none-eabi-gcc/13.2.1-1.1.1/.content/bin/../lib/gcc/arm-none-eabi/13.2.1/../../../../arm-none-eabi/lib/thumb/v7e-m+fp/softfp\libstdc++_nano.a
LOAD C:/Users/white/AppData/Roaming/xPacks/@xpack-dev-tools/arm-none-eabi-gcc/13.2.1-1.1.1/.content/bin/../lib/gcc/arm-none-eabi/13.2.1/../../../../arm-none-eabi/lib/thumb/v7e-m+fp/softfp\libm.a
START GROUP
LOAD C:/Users/white/AppData/Roaming/xPacks/@xpack-dev-tools/arm-none-eabi-gcc/13.2.1-1.1.1/.content/bin/../lib/gcc/arm-none-eabi/13.2.1/thumb/v7e-m+fp/softfp\libgcc.a
LOAD C:/Users/white/AppData/Roaming/xPacks/@xpack-dev-tools/arm-none-eabi-gcc/13.2.1-1.1.1/.content/bin/../lib/gcc/arm-none-eabi/13.2.1/../../../../arm-none-eabi/lib/thumb/v7e-m+fp/softfp\libg_nano.a
LOAD C:/Users/white/AppData/Roaming/xPacks/@xpack-dev-tools/arm-none-eabi-gcc/13.2.1-1.1.1/.content/bin/../lib/gcc/arm-none-eabi/13.2.1/../../../../arm-none-eabi/lib/thumb/v7e-m+fp/softfp\libc_nano.a
END GROUP
START GROUP
LOAD C:/Users/white/AppData/Roaming/xPacks/@xpack-dev-tools/arm-none-eabi-gcc/13.2.1-1.1.1/.content/bin/../lib/gcc/arm-none-eabi/13.2.1/thumb/v7e-m+fp/softfp\libgcc.a
LOAD C:/Users/white/AppData/Roaming/xPacks/@xpack-dev-tools/arm-none-eabi-gcc/13.2.1-1.1.1/.content/bin/../lib/gcc/arm-none-eabi/13.2.1/../../../../arm-none-eabi/lib/thumb/v7e-m+fp/softfp\libc_nano.a
END GROUP
                0x20020000                        __stack = (ORIGIN (RAM) + LENGTH (RAM))
                0x20020000                        _estack = __stack
                0x00000400                        __Main_Stack_Size = 0x400
                [!provide]                        PROVIDE (_Main_Stack_Size = __Main_Stack_Size)
                0x2001fc00                        __Main_Stack_Limit = (__stack - __Main_Stack_Size)
                [!provide]                        PROVIDE (_Main_Stack_Limit = __Main_Stack_Limit)
                0x00000100                        _Minimum_Stack_Size = 0x100
                0x2001321c                        PROVIDE (_Heap_Begin = _end_noinit)
                0x2001fc00                        PROVIDE (_Heap_Limit = (__stack - __Main_Stack_Size))

.isr_vector     0x08000000      0x3e8
 FILL mask 0xff
                0x08000000                        __vectors_start = ABSOLUTE (.)
                0x08000000                        __vectors_start__ = ABSOLUTE (.)
 *(.isr_vector)
 .isr_vector    0x08000000      0x188 ./system/src/cmsis/vectors_stm32f407xx.o
                0x08000000                __isr_vectors
 *(.cfmconfig)
 *(.after_vectors .after_vectors.*)
 .after_vectors
                0x08000188      0x130 ./system/src/newlib/startup.o
                0x08000188                _start
 .after_vectors
                0x080002b8      0x12c ./system/src/cortexm/exception-handlers.o
                0x080002b8                Reset_Handler
                0x080002be                NMI_Handler
                0x080002c2                HardFault_Handler
                0x080002d6                HardFault_Handler_C
                0x08000334                MemManage_Handler
                0x08000338                BusFault_Handler
                0x0800034c                BusFault_Handler_C
                0x08000380                UsageFault_Handler
                0x08000394                UsageFault_Handler_C
                0x080003cc                DebugMon_Handler
 .after_vectors
                0x080003e4        0x4 ./system/src/cmsis/vectors_stm32f407xx.o
                0x080003e4                RTC_Alarm_IRQHandler
                0x080003e4                HASH_RNG_IRQHandler
                0x080003e4                EXTI2_IRQHandler
                0x080003e4                TIM8_CC_IRQHandler
                0x080003e4                TIM1_CC_IRQHandler
                0x080003e4                DMA2_Stream5_IRQHandler
                0x080003e4                DMA1_Stream5_IRQHandler
                0x080003e4                PVD_IRQHandler
                0x080003e4                SDIO_IRQHandler
                0x080003e4                TAMP_STAMP_IRQHandler
                0x080003e4                CAN2_RX1_IRQHandler
                0x080003e4                EXTI3_IRQHandler
                0x080003e4                TIM8_TRG_COM_TIM14_IRQHandler
                0x080003e4                TIM1_UP_TIM10_IRQHandler
                0x080003e4                TIM8_UP_TIM13_IRQHandler
                0x080003e4                I2C3_ER_IRQHandler
                0x080003e4                EXTI0_IRQHandler
                0x080003e4                I2C2_EV_IRQHandler
                0x080003e4                DMA1_Stream2_IRQHandler
                0x080003e4                CAN1_RX0_IRQHandler
                0x080003e4                FPU_IRQHandler
                0x080003e4                OTG_HS_WKUP_IRQHandler
                0x080003e4                CAN2_SCE_IRQHandler
                0x080003e4                DMA2_Stream2_IRQHandler
                0x080003e4                SPI1_IRQHandler
                0x080003e4                TIM6_DAC_IRQHandler
                0x080003e4                TIM1_BRK_TIM9_IRQHandler
                0x080003e4                DCMI_IRQHandler
                0x080003e4                CAN2_RX0_IRQHandler
                0x080003e4                DMA2_Stream3_IRQHandler
                0x080003e4                USART6_IRQHandler
                0x080003e4                USART3_IRQHandler
                0x080003e4                CAN1_RX1_IRQHandler
                0x080003e4                UART5_IRQHandler
                0x080003e4                DMA2_Stream0_IRQHandler
                0x080003e4                TIM4_IRQHandler
                0x080003e4                I2C1_EV_IRQHandler
                0x080003e4                DMA1_Stream6_IRQHandler
                0x080003e4                DMA1_Stream1_IRQHandler
                0x080003e4                UART4_IRQHandler
                0x080003e4                TIM3_IRQHandler
                0x080003e4                RCC_IRQHandler
                0x080003e4                TIM8_BRK_TIM12_IRQHandler
                0x080003e4                Default_Handler
                0x080003e4                EXTI15_10_IRQHandler
                0x080003e4                ADC_IRQHandler
                0x080003e4                DMA1_Stream7_IRQHandler
                0x080003e4                TIM7_IRQHandler
                0x080003e4                CAN2_TX_IRQHandler
                0x080003e4                TIM5_IRQHandler
                0x080003e4                DMA2_Stream7_IRQHandler
                0x080003e4                I2C3_EV_IRQHandler
                0x080003e4                EXTI9_5_IRQHandler
                0x080003e4                RTC_WKUP_IRQHandler
                0x080003e4                ETH_WKUP_IRQHandler
                0x080003e4                SPI2_IRQHandler
                0x080003e4                OTG_HS_EP1_IN_IRQHandler
                0x080003e4                DMA1_Stream0_IRQHandler
                0x080003e4                CAN1_TX_IRQHandler
                0x080003e4                EXTI4_IRQHandler
                0x080003e4                ETH_IRQHandler
                0x080003e4                OTG_HS_EP1_OUT_IRQHandler
                0x080003e4                WWDG_IRQHandler
                0x080003e4                TIM2_IRQHandler
                0x080003e4                OTG_FS_WKUP_IRQHandler
                0x080003e4                TIM1_TRG_COM_TIM11_IRQHandler
                0x080003e4                OTG_HS_IRQHandler
                0x080003e4                EXTI1_IRQHandler
                0x080003e4                USART2_IRQHandler
                0x080003e4                I2C2_ER_IRQHandler
                0x080003e4                DMA2_Stream1_IRQHandler
                0x080003e4                CAN1_SCE_IRQHandler
                0x080003e4                FLASH_IRQHandler
                0x080003e4                DMA2_Stream4_IRQHandler
                0x080003e4                USART1_IRQHandler
                0x080003e4                OTG_FS_IRQHandler
                0x080003e4                SPI3_IRQHandler
                0x080003e4                DMA1_Stream4_IRQHandler
                0x080003e4                I2C1_ER_IRQHandler
                0x080003e4                FMC_IRQHandler
                0x080003e4                DMA2_Stream6_IRQHandler
                0x080003e4                DMA1_Stream3_IRQHandler

.inits          0x080003e8       0x28
                0x080003e8                        __data_regions_array_start = .
                0x080003e8        0x4 LONG 0x8006e14 LOADADDR (.data)
                0x080003ec        0x4 LONG 0x20000000 ADDR (.data)
                0x080003f0        0x4 LONG 0x200000ac (ADDR (.data) + SIZEOF (.data))
                0x080003f4        0x4 LONG 0x8006e14 LOADADDR (.data_CCMRAM)
                0x080003f8        0x4 LONG 0x10000000 ADDR (.data_CCMRAM)
                0x080003fc        0x4 LONG 0x10000000 (ADDR (.data_CCMRAM) + SIZEOF (.data_CCMRAM))
                0x08000400                        __data_regions_array_end = .
                0x08000400                        __bss_regions_array_start = .
                0x08000400        0x4 LONG 0x200000b0 ADDR (.bss)
                0x08000404        0x4 LONG 0x2001321c (ADDR (.bss) + SIZEOF (.bss))
                0x08000408        0x4 LONG 0x10000000 ADDR (.bss_CCMRAM)
                0x0800040c        0x4 LONG 0x10000000 (ADDR (.bss_CCMRAM) + SIZEOF (.bss_CCMRAM))
                0x08000410                        __bss_regions_array_end = .
 *(.init)
 *(.fini)
                0x08000410                        . = ALIGN (0x4)
                0x08000410                        PROVIDE (__preinit_array_start = .)
 *(.preinit_array_sysinit .preinit_array_sysinit.*)
 *(.preinit_array_platform .preinit_array_platform.*)
 *(.preinit_array .preinit_array.*)
                0x08000410                        PROVIDE (__preinit_array_end = .)
                0x08000410                        . = ALIGN (0x4)
                0x08000410                        PROVIDE (__init_array_start = .)
 *(SORT_BY_NAME(.init_array.*))
 *(.init_array)
                0x08000410                        PROVIDE (__init_array_end = .)
                0x08000410                        . = ALIGN (0x4)
                0x08000410                        PROVIDE (__fini_array_start = .)
 *(SORT_BY_NAME(.fini_array.*))
 *(.fini_array)
                0x08000410                        PROVIDE (__fini_array_end = .)

.flashtext
 *(.flashtext .flashtext.*)

.text           0x08000410     0x69fc
 *(.text .text.*)
 .text.HAL_InitTick
                0x08000410       0x4c ./system/src/stm32f4-hal/stm32f4xx_hal.o
                0x08000410                HAL_InitTick
 .text.HAL_Init
                0x0800045c       0x34 ./system/src/stm32f4-hal/stm32f4xx_hal.o
                0x0800045c                HAL_Init
 .text.HAL_GetTick
                0x08000490        0xc ./system/src/stm32f4-hal/stm32f4xx_hal.o
                0x08000490                HAL_GetTick
 .text.__NVIC_SetPriority
                0x0800049c       0x28 ./system/src/stm32f4-hal/stm32f4xx_hal_cortex.o
 .text.NVIC_EncodePriority
                0x080004c4       0x3e ./system/src/stm32f4-hal/stm32f4xx_hal_cortex.o
 *fill*         0x08000502        0x2 
 .text.HAL_NVIC_SetPriorityGrouping
                0x08000504       0x3c ./system/src/stm32f4-hal/stm32f4xx_hal_cortex.o
                0x08000504                HAL_NVIC_SetPriorityGrouping
 .text.HAL_NVIC_SetPriority
                0x08000540       0x48 ./system/src/stm32f4-hal/stm32f4xx_hal_cortex.o
                0x08000540                HAL_NVIC_SetPriority
 .text.HAL_SYSTICK_Config
                0x08000588       0x28 ./system/src/stm32f4-hal/stm32f4xx_hal_cortex.o
                0x08000588                HAL_SYSTICK_Config
 .text.HAL_SYSTICK_CLKSourceConfig
                0x080005b0       0x34 ./system/src/stm32f4-hal/stm32f4xx_hal_cortex.o
                0x080005b0                HAL_SYSTICK_CLKSourceConfig
 .text.HAL_GPIO_Init
                0x080005e4      0x2c0 ./system/src/stm32f4-hal/stm32f4xx_hal_gpio.o
                0x080005e4                HAL_GPIO_Init
 .text.HAL_RCC_OscConfig
                0x080008a4      0x4f0 ./system/src/stm32f4-hal/stm32f4xx_hal_rcc.o
                0x080008a4                HAL_RCC_OscConfig
 .text.HAL_RCC_GetSysClockFreq
                0x08000d94       0xdc ./system/src/stm32f4-hal/stm32f4xx_hal_rcc.o
                0x08000d94                HAL_RCC_GetSysClockFreq
 .text.HAL_RCC_ClockConfig
                0x08000e70      0x224 ./system/src/stm32f4-hal/stm32f4xx_hal_rcc.o
                0x08000e70                HAL_RCC_ClockConfig
 .text.HAL_RCC_GetHCLKFreq
                0x08001094        0xc ./system/src/stm32f4-hal/stm32f4xx_hal_rcc.o
                0x08001094                HAL_RCC_GetHCLKFreq
 .text.__assert_func
                0x080010a0       0x34 ./system/src/newlib/assert.o
                0x080010a0                __assert_func
 .text.abort    0x080010d4       0x14 ./system/src/newlib/exit.o
                0x080010d4                abort
 .text._sbrk    0x080010e8       0x44 ./system/src/newlib/sbrk.o
                0x080010e8                _sbrk
 .text.newslot  0x0800112c       0x28 ./system/src/newlib/syscalls.o
 .text.get_errno
                0x08001154       0x12 ./system/src/newlib/syscalls.o
 .text.error    0x08001166       0x14 ./system/src/newlib/syscalls.o
 .text.checkerror
                0x0800117a       0x10 ./system/src/newlib/syscalls.o
 *fill*         0x0800118a        0x2 
 .text.findslot
                0x0800118c       0x3c ./system/src/newlib/syscalls.o
 .text._exit    0x080011c8       0x20 ./system/src/newlib/syscalls.o
                0x080011c8                _exit
 .text.initialise_monitor_handles
                0x080011e8       0xa8 ./system/src/newlib/syscalls.o
                0x080011e8                initialise_monitor_handles
 .text.__initialize_args
                0x08001290       0xc0 ./system/src/newlib/syscalls.o
                0x08001290                __initialize_args
 .text._swiread
                0x08001350       0x20 ./system/src/newlib/syscalls.o
                0x08001350                _swiread
 .text._read    0x08001370       0x36 ./system/src/newlib/syscalls.o
                0x08001370                _read
 .text._swilseek
                0x080013a6       0x96 ./system/src/newlib/syscalls.o
                0x080013a6                _swilseek
 .text._lseek   0x0800143c        0x8 ./system/src/newlib/syscalls.o
                0x0800143c                _lseek
 .text._swiwrite
                0x08001444       0x20 ./system/src/newlib/syscalls.o
                0x08001444                _swiwrite
 .text._write   0x08001464       0x46 ./system/src/newlib/syscalls.o
                0x08001464                _write
 .text._swiclose
                0x080014aa       0x1c ./system/src/newlib/syscalls.o
                0x080014aa                _swiclose
 *fill*         0x080014c6        0x2 
 .text._close   0x080014c8       0x48 ./system/src/newlib/syscalls.o
                0x080014c8                _close
 .text._swistat
                0x08001510       0x44 ./system/src/newlib/syscalls.o
                0x08001510                _swistat
 .text._fstat   0x08001554       0x1a ./system/src/newlib/syscalls.o
                0x08001554                _fstat
 .text._stat    0x0800156e       0x3e ./system/src/newlib/syscalls.o
                0x0800156e                _stat
 .text._swiopen
                0x080015ac       0xb0 ./system/src/newlib/syscalls.o
                0x080015ac                _swiopen
 .text._open    0x0800165c       0x12 ./system/src/newlib/syscalls.o
                0x0800165c                _open
 .text._gettimeofday
                0x0800166e       0x28 ./system/src/newlib/syscalls.o
                0x0800166e                _gettimeofday
 .text._isatty  0x08001696       0x36 ./system/src/newlib/syscalls.o
                0x08001696                _isatty
 .text._trace_write_semihosting_debug
                0x080016cc       0x62 ./system/src/diag/trace-impl.o
 .text.trace_write
                0x0800172e        0x8 ./system/src/diag/trace-impl.o
                0x0800172e                trace_write
 *fill*         0x08001736        0x2 
 .text.trace_printf
                0x08001738       0x34 ./system/src/diag/trace.o
                0x08001738                trace_printf
 .text.trace_puts
                0x0800176c       0x20 ./system/src/diag/trace.o
                0x0800176c                trace_puts
 .text.__NVIC_SystemReset
                0x0800178c       0x24 ./system/src/cortexm/exception-handlers.o
 .text.dumpExceptionStack
                0x080017b0       0xf4 ./system/src/cortexm/exception-handlers.o
                0x080017b0                dumpExceptionStack
 .text.isSemihosting
                0x080018a4       0xe0 ./system/src/cortexm/exception-handlers.o
                0x080018a4                isSemihosting
 .text.__initialize_hardware_early
                0x08001984       0x18 ./system/src/cortexm/initialize-hardware.o
                0x08001984                __initialize_hardware_early
 .text.SystemInit
                0x0800199c       0x10 ./system/src/cmsis/system_stm32f4xx.o
                0x0800199c                SystemInit
 .text.SystemCoreClockUpdate
                0x080019ac       0xa0 ./system/src/cmsis/system_stm32f4xx.o
                0x080019ac                SystemCoreClockUpdate
 .text.SystemClock_Config
                0x08001a4c       0xa0 ./src/initialize-hardware.o
                0x08001a4c                SystemClock_Config
 .text.__initialize_hardware
                0x08001aec       0x10 ./src/initialize-hardware.o
                0x08001aec                __initialize_hardware
 .text.assert_failed
                0x08001afc       0x14 ./src/initialize-hardware.o
                0x08001afc                assert_failed
 .text.createLed
                0x08001b10       0x10 ./src/led.o
                0x08001b10                createLed
 .text.turn_on  0x08001b20       0x2c ./src/led.o
                0x08001b20                turn_on
 .text.turn_off
                0x08001b4c       0x2c ./src/led.o
                0x08001b4c                turn_off
 .text.power_up
                0x08001b78       0x40 ./src/led.o
                0x08001b78                power_up
 .text.isOn     0x08001bb8       0x40 ./src/led.o
                0x08001bb8                isOn
 .text.prvAutoReloadTimerCallback
                0x08001bf8       0x2c ./src/main.o
 .text.prvOneShotTimerCallback
                0x08001c24       0x18 ./src/main.o
 .text.vReceiverTimerCallback
                0x08001c3c       0x18 ./src/main.o
 .text.vSender3TimerCallback
                0x08001c54       0x18 ./src/main.o
 .text.vSender2TimerCallback
                0x08001c6c       0x18 ./src/main.o
 .text.vSender1TimerCallback
                0x08001c84       0x18 ./src/main.o
 .text.uniform_dist
                0x08001c9c       0x28 ./src/main.o
                0x08001c9c                uniform_dist
 .text.Sender3  0x08001cc4       0xb8 ./src/main.o
 .text.Sender2  0x08001d7c       0xb8 ./src/main.o
 .text.Sender1  0x08001e34       0xb8 ./src/main.o
 .text.Reset    0x08001eec      0x2ec ./src/main.o
                0x08001eec                Reset
 .text.Receiver
                0x080021d8       0x60 ./src/main.o
 .text.main     0x08002238      0x35c ./src/main.o
                0x08002238                main
 .text.vApplicationMallocFailedHook
                0x08002594        0x2 ./src/main.o
                0x08002594                vApplicationMallocFailedHook
 .text.vApplicationStackOverflowHook
                0x08002596        0x2 ./src/main.o
                0x08002596                vApplicationStackOverflowHook
 .text.vApplicationIdleHook
                0x08002598       0x12 ./src/main.o
                0x08002598                vApplicationIdleHook
 .text.vApplicationTickHook
                0x080025aa        0x2 ./src/main.o
                0x080025aa                vApplicationTickHook
 .text.HAL_MspInit
                0x080025ac        0x2 ./src/stm32f4xx_hal_msp.o
                0x080025ac                HAL_MspInit
 *fill*         0x080025ae        0x2 
 .text.prvHeapInit
                0x080025b0       0x64 ./FreeRTOS Source/portable/MemMang/heap_4.o
 .text.prvInsertBlockIntoFreeList
                0x08002614       0x64 ./FreeRTOS Source/portable/MemMang/heap_4.o
 .text.pvPortMalloc
                0x08002678      0x10c ./FreeRTOS Source/portable/MemMang/heap_4.o
                0x08002678                pvPortMalloc
 .text.vPortFree
                0x08002784       0x70 ./FreeRTOS Source/portable/MemMang/heap_4.o
                0x08002784                vPortFree
 .text.xPortGetFreeHeapSize
                0x080027f4        0xc ./FreeRTOS Source/portable/MemMang/heap_4.o
                0x080027f4                xPortGetFreeHeapSize
 .text.prvTaskExitError
                0x08002800       0x34 ./FreeRTOS Source/portable/GCC/ARM_CM4F/port.o
 .text.prvPortStartFirstTask
                0x08002834       0x20 ./FreeRTOS Source/portable/GCC/ARM_CM4F/port.o
 .text.pxPortInitialiseStack
                0x08002854       0x2c ./FreeRTOS Source/portable/GCC/ARM_CM4F/port.o
                0x08002854                pxPortInitialiseStack
 .text.SVC_Handler
                0x08002880       0x24 ./FreeRTOS Source/portable/GCC/ARM_CM4F/port.o
                0x08002880                SVC_Handler
 .text.vPortEnterCritical
                0x080028a4       0x44 ./FreeRTOS Source/portable/GCC/ARM_CM4F/port.o
                0x080028a4                vPortEnterCritical
 .text.vPortExitCritical
                0x080028e8       0x2c ./FreeRTOS Source/portable/GCC/ARM_CM4F/port.o
                0x080028e8                vPortExitCritical
 *fill*         0x08002914        0xc 
 .text.PendSV_Handler
                0x08002920       0x64 ./FreeRTOS Source/portable/GCC/ARM_CM4F/port.o
                0x08002920                PendSV_Handler
 .text.SysTick_Handler
                0x08002984       0x2c ./FreeRTOS Source/portable/GCC/ARM_CM4F/port.o
                0x08002984                SysTick_Handler
 .text.vPortSetupTimerInterrupt
                0x080029b0       0x24 ./FreeRTOS Source/portable/GCC/ARM_CM4F/port.o
                0x080029b0                vPortSetupTimerInterrupt
 .text.xPortStartScheduler
                0x080029d4       0xf4 ./FreeRTOS Source/portable/GCC/ARM_CM4F/port.o
                0x080029d4                xPortStartScheduler
 .text.vPortValidateInterruptPriority
                0x08002ac8       0x5c ./FreeRTOS Source/portable/GCC/ARM_CM4F/port.o
                0x08002ac8                vPortValidateInterruptPriority
 .text.vListInitialise
                0x08002b24       0x16 ./FreeRTOS Source/list.o
                0x08002b24                vListInitialise
 .text.vListInitialiseItem
                0x08002b3a        0x6 ./FreeRTOS Source/list.o
                0x08002b3a                vListInitialiseItem
 .text.vListInsertEnd
                0x08002b40       0x16 ./FreeRTOS Source/list.o
                0x08002b40                vListInsertEnd
 .text.vListInsert
                0x08002b56       0x32 ./FreeRTOS Source/list.o
                0x08002b56                vListInsert
 .text.uxListRemove
                0x08002b88       0x24 ./FreeRTOS Source/list.o
                0x08002b88                uxListRemove
 .text.prvIsQueueFull
                0x08002bac       0x1e ./FreeRTOS Source/queue.o
 .text.prvIsQueueEmpty
                0x08002bca       0x1a ./FreeRTOS Source/queue.o
 .text.prvCopyDataToQueue
                0x08002be4       0x76 ./FreeRTOS Source/queue.o
 .text.prvCopyDataFromQueue
                0x08002c5a       0x24 ./FreeRTOS Source/queue.o
 .text.prvUnlockQueue
                0x08002c7e       0x6e ./FreeRTOS Source/queue.o
 .text.xQueueGenericReset
                0x08002cec       0x84 ./FreeRTOS Source/queue.o
                0x08002cec                xQueueGenericReset
 .text.prvInitialiseNewQueue
                0x08002d70       0x22 ./FreeRTOS Source/queue.o
 .text.xQueueGenericCreate
                0x08002d92       0x48 ./FreeRTOS Source/queue.o
                0x08002d92                xQueueGenericCreate
 .text.xQueueGenericSend
                0x08002dda      0x188 ./FreeRTOS Source/queue.o
                0x08002dda                xQueueGenericSend
 .text.xQueueGenericSendFromISR
                0x08002f62       0xcc ./FreeRTOS Source/queue.o
                0x08002f62                xQueueGenericSendFromISR
 .text.xQueueGenericReceive
                0x0800302e      0x1ba ./FreeRTOS Source/queue.o
                0x0800302e                xQueueGenericReceive
 .text.vQueueAddToRegistry
                0x080031e8       0x28 ./FreeRTOS Source/queue.o
                0x080031e8                vQueueAddToRegistry
 .text.vQueueWaitForMessageRestricted
                0x08003210       0x52 ./FreeRTOS Source/queue.o
                0x08003210                vQueueWaitForMessageRestricted
 *fill*         0x08003262        0x2 
 .text.prvResetNextTaskUnblockTime
                0x08003264       0x2c ./FreeRTOS Source/tasks.o
 .text.prvDeleteTCB
                0x08003290       0x12 ./FreeRTOS Source/tasks.o
 .text.prvInitialiseNewTask
                0x080032a2       0x98 ./FreeRTOS Source/tasks.o
 *fill*         0x0800333a        0x2 
 .text.prvInitialiseTaskLists
                0x0800333c       0x68 ./FreeRTOS Source/tasks.o
 .text.prvAddNewTaskToReadyList
                0x080033a4       0xac ./FreeRTOS Source/tasks.o
 .text.prvAddCurrentTaskToDelayedList
                0x08003450       0x98 ./FreeRTOS Source/tasks.o
 .text.xTaskCreate
                0x080034e8       0x60 ./FreeRTOS Source/tasks.o
                0x080034e8                xTaskCreate
 .text.vTaskStartScheduler
                0x08003548       0x84 ./FreeRTOS Source/tasks.o
                0x08003548                vTaskStartScheduler
 .text.vTaskSuspendAll
                0x080035cc       0x10 ./FreeRTOS Source/tasks.o
                0x080035cc                vTaskSuspendAll
 .text.xTaskGetTickCount
                0x080035dc        0xc ./FreeRTOS Source/tasks.o
                0x080035dc                xTaskGetTickCount
 .text.xTaskIncrementTick
                0x080035e8      0x128 ./FreeRTOS Source/tasks.o
                0x080035e8                xTaskIncrementTick
 .text.xTaskResumeAll
                0x08003710       0xf8 ./FreeRTOS Source/tasks.o
                0x08003710                xTaskResumeAll
 .text.prvCheckTasksWaitingTermination
                0x08003808       0x5c ./FreeRTOS Source/tasks.o
 .text.prvIdleTask
                0x08003864       0x30 ./FreeRTOS Source/tasks.o
 .text.vTaskSwitchContext
                0x08003894       0xcc ./FreeRTOS Source/tasks.o
                0x08003894                vTaskSwitchContext
 .text.vTaskPlaceOnEventList
                0x08003960       0x30 ./FreeRTOS Source/tasks.o
                0x08003960                vTaskPlaceOnEventList
 .text.vTaskPlaceOnEventListRestricted
                0x08003990       0x38 ./FreeRTOS Source/tasks.o
                0x08003990                vTaskPlaceOnEventListRestricted
 .text.xTaskRemoveFromEventList
                0x080039c8       0x8c ./FreeRTOS Source/tasks.o
                0x080039c8                xTaskRemoveFromEventList
 .text.vTaskSetTimeOutState
                0x08003a54       0x2c ./FreeRTOS Source/tasks.o
                0x08003a54                vTaskSetTimeOutState
 .text.xTaskCheckForTimeOut
                0x08003a80       0x80 ./FreeRTOS Source/tasks.o
                0x08003a80                xTaskCheckForTimeOut
 .text.vTaskMissedYield
                0x08003b00        0xc ./FreeRTOS Source/tasks.o
                0x08003b00                vTaskMissedYield
 .text.xTaskGetSchedulerState
                0x08003b0c       0x20 ./FreeRTOS Source/tasks.o
                0x08003b0c                xTaskGetSchedulerState
 .text.vTaskPriorityInherit
                0x08003b2c       0xa0 ./FreeRTOS Source/tasks.o
                0x08003b2c                vTaskPriorityInherit
 .text.xTaskPriorityDisinherit
                0x08003bcc       0xb0 ./FreeRTOS Source/tasks.o
                0x08003bcc                xTaskPriorityDisinherit
 .text.pvTaskIncrementMutexHeldCount
                0x08003c7c       0x1c ./FreeRTOS Source/tasks.o
                0x08003c7c                pvTaskIncrementMutexHeldCount
 .text.prvGetNextExpireTime
                0x08003c98       0x20 ./FreeRTOS Source/timers.o
 .text.prvInsertTimerInActiveList
                0x08003cb8       0x48 ./FreeRTOS Source/timers.o
 .text.prvCheckForValidListAndQueue
                0x08003d00       0x5c ./FreeRTOS Source/timers.o
 .text.prvInitialiseNewTimer
                0x08003d5c       0x40 ./FreeRTOS Source/timers.o
 .text.xTimerCreateTimerTask
                0x08003d9c       0x50 ./FreeRTOS Source/timers.o
                0x08003d9c                xTimerCreateTimerTask
 .text.xTimerCreate
                0x08003dec       0x32 ./FreeRTOS Source/timers.o
                0x08003dec                xTimerCreate
 *fill*         0x08003e1e        0x2 
 .text.xTimerGenericCommand
                0x08003e20       0x6c ./FreeRTOS Source/timers.o
                0x08003e20                xTimerGenericCommand
 .text.prvSwitchTimerLists
                0x08003e8c       0x78 ./FreeRTOS Source/timers.o
 .text.prvSampleTimeNow
                0x08003f04       0x2c ./FreeRTOS Source/timers.o
 .text.prvProcessExpiredTimer
                0x08003f30       0x60 ./FreeRTOS Source/timers.o
 .text.prvProcessTimerOrBlockTask
                0x08003f90       0x70 ./FreeRTOS Source/timers.o
 .text.prvProcessReceivedCommands
                0x08004000       0xe0 ./FreeRTOS Source/timers.o
 .text.prvTimerTask
                0x080040e0       0x16 ./FreeRTOS Source/timers.o
 *fill*         0x080040f6        0x2 
 .text          0x080040f8      0x378 C:/Users/white/AppData/Roaming/xPacks/@xpack-dev-tools/arm-none-eabi-gcc/13.2.1-1.1.1/.content/bin/../lib/gcc/arm-none-eabi/13.2.1/thumb/v7e-m+fp/softfp\libgcc.a(_arm_addsubdf3.o)
                0x080040f8                __aeabi_drsub
                0x08004100                __aeabi_dsub
                0x08004100                __subdf3
                0x08004104                __aeabi_dadd
                0x08004104                __adddf3
                0x0800437c                __floatunsidf
                0x0800437c                __aeabi_ui2d
                0x0800439c                __floatsidf
                0x0800439c                __aeabi_i2d
                0x080043c0                __aeabi_f2d
                0x080043c0                __extendsfdf2
                0x08004404                __floatundidf
                0x08004404                __aeabi_ul2d
                0x08004414                __floatdidf
                0x08004414                __aeabi_l2d
 .text          0x08004470      0x424 C:/Users/white/AppData/Roaming/xPacks/@xpack-dev-tools/arm-none-eabi-gcc/13.2.1-1.1.1/.content/bin/../lib/gcc/arm-none-eabi/13.2.1/thumb/v7e-m+fp/softfp\libgcc.a(_arm_muldivdf3.o)
                0x08004470                __aeabi_dmul
                0x08004470                __muldf3
                0x080046c4                __divdf3
                0x080046c4                __aeabi_ddiv
 .text          0x08004894       0x50 C:/Users/white/AppData/Roaming/xPacks/@xpack-dev-tools/arm-none-eabi-gcc/13.2.1-1.1.1/.content/bin/../lib/gcc/arm-none-eabi/13.2.1/thumb/v7e-m+fp/softfp\libgcc.a(_arm_fixdfsi.o)
                0x08004894                __aeabi_d2iz
                0x08004894                __fixdfsi
 .text          0x080048e4       0x30 C:/Users/white/AppData/Roaming/xPacks/@xpack-dev-tools/arm-none-eabi-gcc/13.2.1-1.1.1/.content/bin/../lib/gcc/arm-none-eabi/13.2.1/thumb/v7e-m+fp/softfp\libgcc.a(_aeabi_uldivmod.o)
                0x080048e4                __aeabi_uldivmod
 .text.__udivmoddi4
                0x08004914      0x2bc C:/Users/white/AppData/Roaming/xPacks/@xpack-dev-tools/arm-none-eabi-gcc/13.2.1-1.1.1/.content/bin/../lib/gcc/arm-none-eabi/13.2.1/thumb/v7e-m+fp/softfp\libgcc.a(_udivmoddi4.o)
                0x08004914                __udivmoddi4
 .text          0x08004bd0        0x4 C:/Users/white/AppData/Roaming/xPacks/@xpack-dev-tools/arm-none-eabi-gcc/13.2.1-1.1.1/.content/bin/../lib/gcc/arm-none-eabi/13.2.1/thumb/v7e-m+fp/softfp\libgcc.a(_dvmd_tls.o)
                0x08004bd0                __aeabi_idiv0
                0x08004bd0                __aeabi_ldiv0
 .text.exit     0x08004bd4       0x24 C:/Users/white/AppData/Roaming/xPacks/@xpack-dev-tools/arm-none-eabi-gcc/13.2.1-1.1.1/.content/bin/../lib/gcc/arm-none-eabi/13.2.1/../../../../arm-none-eabi/lib/thumb/v7e-m+fp/softfp\libg_nano.a(libc_a-exit.o)
                0x08004bd4                exit
 .text.srand    0x08004bf8       0x5c C:/Users/white/AppData/Roaming/xPacks/@xpack-dev-tools/arm-none-eabi-gcc/13.2.1-1.1.1/.content/bin/../lib/gcc/arm-none-eabi/13.2.1/../../../../arm-none-eabi/lib/thumb/v7e-m+fp/softfp\libg_nano.a(libc_a-rand.o)
                0x08004bf8                srand
 .text.rand     0x08004c54       0x7c C:/Users/white/AppData/Roaming/xPacks/@xpack-dev-tools/arm-none-eabi-gcc/13.2.1-1.1.1/.content/bin/../lib/gcc/arm-none-eabi/13.2.1/../../../../arm-none-eabi/lib/thumb/v7e-m+fp/softfp\libg_nano.a(libc_a-rand.o)
                0x08004c54                rand
 .text._fclose_r
                0x08004cd0       0xac C:/Users/white/AppData/Roaming/xPacks/@xpack-dev-tools/arm-none-eabi-gcc/13.2.1-1.1.1/.content/bin/../lib/gcc/arm-none-eabi/13.2.1/../../../../arm-none-eabi/lib/thumb/v7e-m+fp/softfp\libg_nano.a(libc_a-fclose.o)
                0x08004cd0                _fclose_r
 .text.fclose   0x08004d7c       0x10 C:/Users/white/AppData/Roaming/xPacks/@xpack-dev-tools/arm-none-eabi-gcc/13.2.1-1.1.1/.content/bin/../lib/gcc/arm-none-eabi/13.2.1/../../../../arm-none-eabi/lib/thumb/v7e-m+fp/softfp\libg_nano.a(libc_a-fclose.o)
                0x08004d7c                fclose
 .text.__sflush_r
                0x08004d8c      0x108 C:/Users/white/AppData/Roaming/xPacks/@xpack-dev-tools/arm-none-eabi-gcc/13.2.1-1.1.1/.content/bin/../lib/gcc/arm-none-eabi/13.2.1/../../../../arm-none-eabi/lib/thumb/v7e-m+fp/softfp\libg_nano.a(libc_a-fflush.o)
                0x08004d8c                __sflush_r
 .text._fflush_r
                0x08004e94       0x50 C:/Users/white/AppData/Roaming/xPacks/@xpack-dev-tools/arm-none-eabi-gcc/13.2.1-1.1.1/.content/bin/../lib/gcc/arm-none-eabi/13.2.1/../../../../arm-none-eabi/lib/thumb/v7e-m+fp/softfp\libg_nano.a(libc_a-fflush.o)
                0x08004e94                _fflush_r
 .text.fflush   0x08004ee4       0x28 C:/Users/white/AppData/Roaming/xPacks/@xpack-dev-tools/arm-none-eabi-gcc/13.2.1-1.1.1/.content/bin/../lib/gcc/arm-none-eabi/13.2.1/../../../../arm-none-eabi/lib/thumb/v7e-m+fp/softfp\libg_nano.a(libc_a-fflush.o)
                0x08004ee4                fflush
 .text.std      0x08004f0c       0x6c C:/Users/white/AppData/Roaming/xPacks/@xpack-dev-tools/arm-none-eabi-gcc/13.2.1-1.1.1/.content/bin/../lib/gcc/arm-none-eabi/13.2.1/../../../../arm-none-eabi/lib/thumb/v7e-m+fp/softfp\libg_nano.a(libc_a-findfp.o)
 .text.stdio_exit_handler
                0x08004f78       0x18 C:/Users/white/AppData/Roaming/xPacks/@xpack-dev-tools/arm-none-eabi-gcc/13.2.1-1.1.1/.content/bin/../lib/gcc/arm-none-eabi/13.2.1/../../../../arm-none-eabi/lib/thumb/v7e-m+fp/softfp\libg_nano.a(libc_a-findfp.o)
 .text.cleanup_stdio
                0x08004f90       0x40 C:/Users/white/AppData/Roaming/xPacks/@xpack-dev-tools/arm-none-eabi-gcc/13.2.1-1.1.1/.content/bin/../lib/gcc/arm-none-eabi/13.2.1/../../../../arm-none-eabi/lib/thumb/v7e-m+fp/softfp\libg_nano.a(libc_a-findfp.o)
 .text.global_stdio_init.part.0
                0x08004fd0       0x3c C:/Users/white/AppData/Roaming/xPacks/@xpack-dev-tools/arm-none-eabi-gcc/13.2.1-1.1.1/.content/bin/../lib/gcc/arm-none-eabi/13.2.1/../../../../arm-none-eabi/lib/thumb/v7e-m+fp/softfp\libg_nano.a(libc_a-findfp.o)
 .text.__sfp_lock_acquire
                0x0800500c        0xc C:/Users/white/AppData/Roaming/xPacks/@xpack-dev-tools/arm-none-eabi-gcc/13.2.1-1.1.1/.content/bin/../lib/gcc/arm-none-eabi/13.2.1/../../../../arm-none-eabi/lib/thumb/v7e-m+fp/softfp\libg_nano.a(libc_a-findfp.o)
                0x0800500c                __sfp_lock_acquire
 .text.__sfp_lock_release
                0x08005018        0xc C:/Users/white/AppData/Roaming/xPacks/@xpack-dev-tools/arm-none-eabi-gcc/13.2.1-1.1.1/.content/bin/../lib/gcc/arm-none-eabi/13.2.1/../../../../arm-none-eabi/lib/thumb/v7e-m+fp/softfp\libg_nano.a(libc_a-findfp.o)
                0x08005018                __sfp_lock_release
 .text.__sfp    0x08005024       0xa4 C:/Users/white/AppData/Roaming/xPacks/@xpack-dev-tools/arm-none-eabi-gcc/13.2.1-1.1.1/.content/bin/../lib/gcc/arm-none-eabi/13.2.1/../../../../arm-none-eabi/lib/thumb/v7e-m+fp/softfp\libg_nano.a(libc_a-findfp.o)
                0x08005024                __sfp
 .text.__sinit  0x080050c8       0x30 C:/Users/white/AppData/Roaming/xPacks/@xpack-dev-tools/arm-none-eabi-gcc/13.2.1-1.1.1/.content/bin/../lib/gcc/arm-none-eabi/13.2.1/../../../../arm-none-eabi/lib/thumb/v7e-m+fp/softfp\libg_nano.a(libc_a-findfp.o)
                0x080050c8                __sinit
 .text._fopen_r
                0x080050f8       0xa8 C:/Users/white/AppData/Roaming/xPacks/@xpack-dev-tools/arm-none-eabi-gcc/13.2.1-1.1.1/.content/bin/../lib/gcc/arm-none-eabi/13.2.1/../../../../arm-none-eabi/lib/thumb/v7e-m+fp/softfp\libg_nano.a(libc_a-fopen.o)
                0x080050f8                _fopen_r
 .text.fopen    0x080051a0       0x10 C:/Users/white/AppData/Roaming/xPacks/@xpack-dev-tools/arm-none-eabi-gcc/13.2.1-1.1.1/.content/bin/../lib/gcc/arm-none-eabi/13.2.1/../../../../arm-none-eabi/lib/thumb/v7e-m+fp/softfp\libg_nano.a(libc_a-fopen.o)
                0x080051a0                fopen
 .text.fprintf  0x080051b0       0x24 C:/Users/white/AppData/Roaming/xPacks/@xpack-dev-tools/arm-none-eabi-gcc/13.2.1-1.1.1/.content/bin/../lib/gcc/arm-none-eabi/13.2.1/../../../../arm-none-eabi/lib/thumb/v7e-m+fp/softfp\libg_nano.a(libc_a-fprintf.o)
                0x080051b0                fiprintf
                0x080051b0                fprintf
 .text._fseek_r
                0x080051d4        0x4 C:/Users/white/AppData/Roaming/xPacks/@xpack-dev-tools/arm-none-eabi-gcc/13.2.1-1.1.1/.content/bin/../lib/gcc/arm-none-eabi/13.2.1/../../../../arm-none-eabi/lib/thumb/v7e-m+fp/softfp\libg_nano.a(libc_a-fseek.o)
                0x080051d4                _fseek_r
 .text._fwalk_sglue
                0x080051d8       0x3c C:/Users/white/AppData/Roaming/xPacks/@xpack-dev-tools/arm-none-eabi-gcc/13.2.1-1.1.1/.content/bin/../lib/gcc/arm-none-eabi/13.2.1/../../../../arm-none-eabi/lib/thumb/v7e-m+fp/softfp\libg_nano.a(libc_a-fwalk.o)
                0x080051d8                _fwalk_sglue
 .text._fwrite_r
                0x08005214       0x96 C:/Users/white/AppData/Roaming/xPacks/@xpack-dev-tools/arm-none-eabi-gcc/13.2.1-1.1.1/.content/bin/../lib/gcc/arm-none-eabi/13.2.1/../../../../arm-none-eabi/lib/thumb/v7e-m+fp/softfp\libg_nano.a(libc_a-fwrite.o)
                0x08005214                _fwrite_r
 *fill*         0x080052aa        0x2 
 .text.fwrite   0x080052ac       0x1c C:/Users/white/AppData/Roaming/xPacks/@xpack-dev-tools/arm-none-eabi-gcc/13.2.1-1.1.1/.content/bin/../lib/gcc/arm-none-eabi/13.2.1/../../../../arm-none-eabi/lib/thumb/v7e-m+fp/softfp\libg_nano.a(libc_a-fwrite.o)
                0x080052ac                fwrite
 .text.printf   0x080052c8       0x24 C:/Users/white/AppData/Roaming/xPacks/@xpack-dev-tools/arm-none-eabi-gcc/13.2.1-1.1.1/.content/bin/../lib/gcc/arm-none-eabi/13.2.1/../../../../arm-none-eabi/lib/thumb/v7e-m+fp/softfp\libg_nano.a(libc_a-printf.o)
                0x080052c8                iprintf
                0x080052c8                printf
 .text._puts_r  0x080052ec       0xaa C:/Users/white/AppData/Roaming/xPacks/@xpack-dev-tools/arm-none-eabi-gcc/13.2.1-1.1.1/.content/bin/../lib/gcc/arm-none-eabi/13.2.1/../../../../arm-none-eabi/lib/thumb/v7e-m+fp/softfp\libg_nano.a(libc_a-puts.o)
                0x080052ec                _puts_r
 *fill*         0x08005396        0x2 
 .text.puts     0x08005398       0x10 C:/Users/white/AppData/Roaming/xPacks/@xpack-dev-tools/arm-none-eabi-gcc/13.2.1-1.1.1/.content/bin/../lib/gcc/arm-none-eabi/13.2.1/../../../../arm-none-eabi/lib/thumb/v7e-m+fp/softfp\libg_nano.a(libc_a-puts.o)
                0x08005398                puts
 .text.snprintf
                0x080053a8       0x68 C:/Users/white/AppData/Roaming/xPacks/@xpack-dev-tools/arm-none-eabi-gcc/13.2.1-1.1.1/.content/bin/../lib/gcc/arm-none-eabi/13.2.1/../../../../arm-none-eabi/lib/thumb/v7e-m+fp/softfp\libg_nano.a(libc_a-snprintf.o)
                0x080053a8                sniprintf
                0x080053a8                snprintf
 .text.__sread  0x08005410       0x22 C:/Users/white/AppData/Roaming/xPacks/@xpack-dev-tools/arm-none-eabi-gcc/13.2.1-1.1.1/.content/bin/../lib/gcc/arm-none-eabi/13.2.1/../../../../arm-none-eabi/lib/thumb/v7e-m+fp/softfp\libg_nano.a(libc_a-stdio.o)
                0x08005410                __sread
 .text.__swrite
                0x08005432       0x38 C:/Users/white/AppData/Roaming/xPacks/@xpack-dev-tools/arm-none-eabi-gcc/13.2.1-1.1.1/.content/bin/../lib/gcc/arm-none-eabi/13.2.1/../../../../arm-none-eabi/lib/thumb/v7e-m+fp/softfp\libg_nano.a(libc_a-stdio.o)
                0x08005432                __swrite
 .text.__sseek  0x0800546a       0x24 C:/Users/white/AppData/Roaming/xPacks/@xpack-dev-tools/arm-none-eabi-gcc/13.2.1-1.1.1/.content/bin/../lib/gcc/arm-none-eabi/13.2.1/../../../../arm-none-eabi/lib/thumb/v7e-m+fp/softfp\libg_nano.a(libc_a-stdio.o)
                0x0800546a                __sseek
 .text.__sclose
                0x0800548e        0x8 C:/Users/white/AppData/Roaming/xPacks/@xpack-dev-tools/arm-none-eabi-gcc/13.2.1-1.1.1/.content/bin/../lib/gcc/arm-none-eabi/13.2.1/../../../../arm-none-eabi/lib/thumb/v7e-m+fp/softfp\libg_nano.a(libc_a-stdio.o)
                0x0800548e                __sclose
 .text._vsnprintf_r
                0x08005496       0x56 C:/Users/white/AppData/Roaming/xPacks/@xpack-dev-tools/arm-none-eabi-gcc/13.2.1-1.1.1/.content/bin/../lib/gcc/arm-none-eabi/13.2.1/../../../../arm-none-eabi/lib/thumb/v7e-m+fp/softfp\libg_nano.a(libc_a-vsnprintf.o)
                0x08005496                _vsniprintf_r
                0x08005496                _vsnprintf_r
 .text.vsnprintf
                0x080054ec       0x1c C:/Users/white/AppData/Roaming/xPacks/@xpack-dev-tools/arm-none-eabi-gcc/13.2.1-1.1.1/.content/bin/../lib/gcc/arm-none-eabi/13.2.1/../../../../arm-none-eabi/lib/thumb/v7e-m+fp/softfp\libg_nano.a(libc_a-vsnprintf.o)
                0x080054ec                vsniprintf
                0x080054ec                vsnprintf
 .text.__swbuf_r
                0x08005508       0x7c C:/Users/white/AppData/Roaming/xPacks/@xpack-dev-tools/arm-none-eabi-gcc/13.2.1-1.1.1/.content/bin/../lib/gcc/arm-none-eabi/13.2.1/../../../../arm-none-eabi/lib/thumb/v7e-m+fp/softfp\libg_nano.a(libc_a-wbuf.o)
                0x08005508                __swbuf_r
 .text.__swsetup_r
                0x08005584       0xac C:/Users/white/AppData/Roaming/xPacks/@xpack-dev-tools/arm-none-eabi-gcc/13.2.1-1.1.1/.content/bin/../lib/gcc/arm-none-eabi/13.2.1/../../../../arm-none-eabi/lib/thumb/v7e-m+fp/softfp\libg_nano.a(libc_a-wsetup.o)
                0x08005584                __swsetup_r
 .text._fseeko_r
                0x08005630      0x12e C:/Users/white/AppData/Roaming/xPacks/@xpack-dev-tools/arm-none-eabi-gcc/13.2.1-1.1.1/.content/bin/../lib/gcc/arm-none-eabi/13.2.1/../../../../arm-none-eabi/lib/thumb/v7e-m+fp/softfp\libg_nano.a(libc_a-fseeko.o)
                0x08005630                _fseeko_r
 .text.memset   0x0800575e       0x10 C:/Users/white/AppData/Roaming/xPacks/@xpack-dev-tools/arm-none-eabi-gcc/13.2.1-1.1.1/.content/bin/../lib/gcc/arm-none-eabi/13.2.1/../../../../arm-none-eabi/lib/thumb/v7e-m+fp/softfp\libg_nano.a(libc_a-memset.o)
                0x0800575e                memset
 *fill*         0x0800576e        0x2 
 .text.time     0x08005770       0x38 C:/Users/white/AppData/Roaming/xPacks/@xpack-dev-tools/arm-none-eabi-gcc/13.2.1-1.1.1/.content/bin/../lib/gcc/arm-none-eabi/13.2.1/../../../../arm-none-eabi/lib/thumb/v7e-m+fp/softfp\libg_nano.a(libc_a-time.o)
                0x08005770                time
 .text._close_r
                0x080057a8       0x20 C:/Users/white/AppData/Roaming/xPacks/@xpack-dev-tools/arm-none-eabi-gcc/13.2.1-1.1.1/.content/bin/../lib/gcc/arm-none-eabi/13.2.1/../../../../arm-none-eabi/lib/thumb/v7e-m+fp/softfp\libg_nano.a(libc_a-closer.o)
                0x080057a8                _close_r
 .text._gettimeofday_r
                0x080057c8       0x24 C:/Users/white/AppData/Roaming/xPacks/@xpack-dev-tools/arm-none-eabi-gcc/13.2.1-1.1.1/.content/bin/../lib/gcc/arm-none-eabi/13.2.1/../../../../arm-none-eabi/lib/thumb/v7e-m+fp/softfp\libg_nano.a(libc_a-gettimeofdayr.o)
                0x080057c8                _gettimeofday_r
 .text._lseek_r
                0x080057ec       0x24 C:/Users/white/AppData/Roaming/xPacks/@xpack-dev-tools/arm-none-eabi-gcc/13.2.1-1.1.1/.content/bin/../lib/gcc/arm-none-eabi/13.2.1/../../../../arm-none-eabi/lib/thumb/v7e-m+fp/softfp\libg_nano.a(libc_a-lseekr.o)
                0x080057ec                _lseek_r
 .text._open_r  0x08005810       0x24 C:/Users/white/AppData/Roaming/xPacks/@xpack-dev-tools/arm-none-eabi-gcc/13.2.1-1.1.1/.content/bin/../lib/gcc/arm-none-eabi/13.2.1/../../../../arm-none-eabi/lib/thumb/v7e-m+fp/softfp\libg_nano.a(libc_a-openr.o)
                0x08005810                _open_r
 .text._read_r  0x08005834       0x24 C:/Users/white/AppData/Roaming/xPacks/@xpack-dev-tools/arm-none-eabi-gcc/13.2.1-1.1.1/.content/bin/../lib/gcc/arm-none-eabi/13.2.1/../../../../arm-none-eabi/lib/thumb/v7e-m+fp/softfp\libg_nano.a(libc_a-readr.o)
                0x08005834                _read_r
 .text._write_r
                0x08005858       0x24 C:/Users/white/AppData/Roaming/xPacks/@xpack-dev-tools/arm-none-eabi-gcc/13.2.1-1.1.1/.content/bin/../lib/gcc/arm-none-eabi/13.2.1/../../../../arm-none-eabi/lib/thumb/v7e-m+fp/softfp\libg_nano.a(libc_a-writer.o)
                0x08005858                _write_r
 .text.__errno  0x0800587c        0xc C:/Users/white/AppData/Roaming/xPacks/@xpack-dev-tools/arm-none-eabi-gcc/13.2.1-1.1.1/.content/bin/../lib/gcc/arm-none-eabi/13.2.1/../../../../arm-none-eabi/lib/thumb/v7e-m+fp/softfp\libg_nano.a(libc_a-errno.o)
                0x0800587c                __errno
 .text.__retarget_lock_init_recursive
                0x08005888        0x2 C:/Users/white/AppData/Roaming/xPacks/@xpack-dev-tools/arm-none-eabi-gcc/13.2.1-1.1.1/.content/bin/../lib/gcc/arm-none-eabi/13.2.1/../../../../arm-none-eabi/lib/thumb/v7e-m+fp/softfp\libg_nano.a(libc_a-lock.o)
                0x08005888                __retarget_lock_init_recursive
 .text.__retarget_lock_close_recursive
                0x0800588a        0x2 C:/Users/white/AppData/Roaming/xPacks/@xpack-dev-tools/arm-none-eabi-gcc/13.2.1-1.1.1/.content/bin/../lib/gcc/arm-none-eabi/13.2.1/../../../../arm-none-eabi/lib/thumb/v7e-m+fp/softfp\libg_nano.a(libc_a-lock.o)
                0x0800588a                __retarget_lock_close_recursive
 .text.__retarget_lock_acquire_recursive
                0x0800588c        0x2 C:/Users/white/AppData/Roaming/xPacks/@xpack-dev-tools/arm-none-eabi-gcc/13.2.1-1.1.1/.content/bin/../lib/gcc/arm-none-eabi/13.2.1/../../../../arm-none-eabi/lib/thumb/v7e-m+fp/softfp\libg_nano.a(libc_a-lock.o)
                0x0800588c                __retarget_lock_acquire_recursive
 .text.__retarget_lock_release_recursive
                0x0800588e        0x2 C:/Users/white/AppData/Roaming/xPacks/@xpack-dev-tools/arm-none-eabi-gcc/13.2.1-1.1.1/.content/bin/../lib/gcc/arm-none-eabi/13.2.1/../../../../arm-none-eabi/lib/thumb/v7e-m+fp/softfp\libg_nano.a(libc_a-lock.o)
                0x0800588e                __retarget_lock_release_recursive
 .text          0x08005890       0x14 C:/Users/white/AppData/Roaming/xPacks/@xpack-dev-tools/arm-none-eabi-gcc/13.2.1-1.1.1/.content/bin/../lib/gcc/arm-none-eabi/13.2.1/../../../../arm-none-eabi/lib/thumb/v7e-m+fp/softfp\libg_nano.a(libc_a-strcmp.o)
                0x08005890                strcmp
 .text.memcpy   0x080058a4       0x1c C:/Users/white/AppData/Roaming/xPacks/@xpack-dev-tools/arm-none-eabi-gcc/13.2.1-1.1.1/.content/bin/../lib/gcc/arm-none-eabi/13.2.1/../../../../arm-none-eabi/lib/thumb/v7e-m+fp/softfp\libg_nano.a(libc_a-memcpy-stub.o)
                0x080058a4                memcpy
 .text          0x080058c0       0x10 C:/Users/white/AppData/Roaming/xPacks/@xpack-dev-tools/arm-none-eabi-gcc/13.2.1-1.1.1/.content/bin/../lib/gcc/arm-none-eabi/13.2.1/../../../../arm-none-eabi/lib/thumb/v7e-m+fp/softfp\libg_nano.a(libc_a-strlen.o)
                0x080058c0                strlen
 .text._free_r  0x080058d0       0x94 C:/Users/white/AppData/Roaming/xPacks/@xpack-dev-tools/arm-none-eabi-gcc/13.2.1-1.1.1/.content/bin/../lib/gcc/arm-none-eabi/13.2.1/../../../../arm-none-eabi/lib/thumb/v7e-m+fp/softfp\libg_nano.a(libc_a-freer.o)
                0x080058d0                _free_r
 .text.malloc   0x08005964       0x10 C:/Users/white/AppData/Roaming/xPacks/@xpack-dev-tools/arm-none-eabi-gcc/13.2.1-1.1.1/.content/bin/../lib/gcc/arm-none-eabi/13.2.1/../../../../arm-none-eabi/lib/thumb/v7e-m+fp/softfp\libg_nano.a(libc_a-malloc.o)
                0x08005964                malloc
 .text.sbrk_aligned
                0x08005974       0x44 C:/Users/white/AppData/Roaming/xPacks/@xpack-dev-tools/arm-none-eabi-gcc/13.2.1-1.1.1/.content/bin/../lib/gcc/arm-none-eabi/13.2.1/../../../../arm-none-eabi/lib/thumb/v7e-m+fp/softfp\libg_nano.a(libc_a-mallocr.o)
 .text._malloc_r
                0x080059b8      0x100 C:/Users/white/AppData/Roaming/xPacks/@xpack-dev-tools/arm-none-eabi-gcc/13.2.1-1.1.1/.content/bin/../lib/gcc/arm-none-eabi/13.2.1/../../../../arm-none-eabi/lib/thumb/v7e-m+fp/softfp\libg_nano.a(libc_a-mallocr.o)
                0x080059b8                _malloc_r
 .text.__malloc_lock
                0x08005ab8        0xc C:/Users/white/AppData/Roaming/xPacks/@xpack-dev-tools/arm-none-eabi-gcc/13.2.1-1.1.1/.content/bin/../lib/gcc/arm-none-eabi/13.2.1/../../../../arm-none-eabi/lib/thumb/v7e-m+fp/softfp\libg_nano.a(libc_a-mlock.o)
                0x08005ab8                __malloc_lock
 .text.__malloc_unlock
                0x08005ac4        0xc C:/Users/white/AppData/Roaming/xPacks/@xpack-dev-tools/arm-none-eabi-gcc/13.2.1-1.1.1/.content/bin/../lib/gcc/arm-none-eabi/13.2.1/../../../../arm-none-eabi/lib/thumb/v7e-m+fp/softfp\libg_nano.a(libc_a-mlock.o)
                0x08005ac4                __malloc_unlock
 .text.__ssputs_r
                0x08005ad0       0xb6 C:/Users/white/AppData/Roaming/xPacks/@xpack-dev-tools/arm-none-eabi-gcc/13.2.1-1.1.1/.content/bin/../lib/gcc/arm-none-eabi/13.2.1/../../../../arm-none-eabi/lib/thumb/v7e-m+fp/softfp\libg_nano.a(libc_a-nano-svfprintf.o)
                0x08005ad0                __ssputs_r
 *fill*         0x08005b86        0x2 
 .text._svfprintf_r
                0x08005b88      0x1f8 C:/Users/white/AppData/Roaming/xPacks/@xpack-dev-tools/arm-none-eabi-gcc/13.2.1-1.1.1/.content/bin/../lib/gcc/arm-none-eabi/13.2.1/../../../../arm-none-eabi/lib/thumb/v7e-m+fp/softfp\libg_nano.a(libc_a-nano-svfprintf.o)
                0x08005b88                _svfiprintf_r
                0x08005b88                _svfprintf_r
 .text.__sfputc_r
                0x08005d80       0x2e C:/Users/white/AppData/Roaming/xPacks/@xpack-dev-tools/arm-none-eabi-gcc/13.2.1-1.1.1/.content/bin/../lib/gcc/arm-none-eabi/13.2.1/../../../../arm-none-eabi/lib/thumb/v7e-m+fp/softfp\libg_nano.a(libc_a-nano-vfprintf.o)
 .text.__sfputs_r
                0x08005dae       0x24 C:/Users/white/AppData/Roaming/xPacks/@xpack-dev-tools/arm-none-eabi-gcc/13.2.1-1.1.1/.content/bin/../lib/gcc/arm-none-eabi/13.2.1/../../../../arm-none-eabi/lib/thumb/v7e-m+fp/softfp\libg_nano.a(libc_a-nano-vfprintf.o)
                0x08005dae                __sfputs_r
 *fill*         0x08005dd2        0x2 
 .text._vfprintf_r
                0x08005dd4      0x230 C:/Users/white/AppData/Roaming/xPacks/@xpack-dev-tools/arm-none-eabi-gcc/13.2.1-1.1.1/.content/bin/../lib/gcc/arm-none-eabi/13.2.1/../../../../arm-none-eabi/lib/thumb/v7e-m+fp/softfp\libg_nano.a(libc_a-nano-vfprintf.o)
                0x08005dd4                _vfprintf_r
                0x08005dd4                _vfiprintf_r
 .text._printf_common
                0x08006004       0xda C:/Users/white/AppData/Roaming/xPacks/@xpack-dev-tools/arm-none-eabi-gcc/13.2.1-1.1.1/.content/bin/../lib/gcc/arm-none-eabi/13.2.1/../../../../arm-none-eabi/lib/thumb/v7e-m+fp/softfp\libg_nano.a(libc_a-nano-vfprintf_i.o)
                0x08006004                _printf_common
 *fill*         0x080060de        0x2 
 .text._printf_i
                0x080060e0      0x23c C:/Users/white/AppData/Roaming/xPacks/@xpack-dev-tools/arm-none-eabi-gcc/13.2.1-1.1.1/.content/bin/../lib/gcc/arm-none-eabi/13.2.1/../../../../arm-none-eabi/lib/thumb/v7e-m+fp/softfp\libg_nano.a(libc_a-nano-vfprintf_i.o)
                0x080060e0                _printf_i
 .text.__sflags
                0x0800631c       0x6c C:/Users/white/AppData/Roaming/xPacks/@xpack-dev-tools/arm-none-eabi-gcc/13.2.1-1.1.1/.content/bin/../lib/gcc/arm-none-eabi/13.2.1/../../../../arm-none-eabi/lib/thumb/v7e-m+fp/softfp\libg_nano.a(libc_a-flags.o)
                0x0800631c                __sflags
 .text.__swhatbuf_r
                0x08006388       0x4c C:/Users/white/AppData/Roaming/xPacks/@xpack-dev-tools/arm-none-eabi-gcc/13.2.1-1.1.1/.content/bin/../lib/gcc/arm-none-eabi/13.2.1/../../../../arm-none-eabi/lib/thumb/v7e-m+fp/softfp\libg_nano.a(libc_a-makebuf.o)
                0x08006388                __swhatbuf_r
 .text.__smakebuf_r
                0x080063d4       0x78 C:/Users/white/AppData/Roaming/xPacks/@xpack-dev-tools/arm-none-eabi-gcc/13.2.1-1.1.1/.content/bin/../lib/gcc/arm-none-eabi/13.2.1/../../../../arm-none-eabi/lib/thumb/v7e-m+fp/softfp\libg_nano.a(libc_a-makebuf.o)
                0x080063d4                __smakebuf_r
 .text.memmove  0x0800644c       0x34 C:/Users/white/AppData/Roaming/xPacks/@xpack-dev-tools/arm-none-eabi-gcc/13.2.1-1.1.1/.content/bin/../lib/gcc/arm-none-eabi/13.2.1/../../../../arm-none-eabi/lib/thumb/v7e-m+fp/softfp\libg_nano.a(libc_a-memmove.o)
                0x0800644c                memmove
 .text._fstat_r
                0x08006480       0x24 C:/Users/white/AppData/Roaming/xPacks/@xpack-dev-tools/arm-none-eabi-gcc/13.2.1-1.1.1/.content/bin/../lib/gcc/arm-none-eabi/13.2.1/../../../../arm-none-eabi/lib/thumb/v7e-m+fp/softfp\libg_nano.a(libc_a-fstatr.o)
                0x08006480                _fstat_r
 .text._isatty_r
                0x080064a4       0x20 C:/Users/white/AppData/Roaming/xPacks/@xpack-dev-tools/arm-none-eabi-gcc/13.2.1-1.1.1/.content/bin/../lib/gcc/arm-none-eabi/13.2.1/../../../../arm-none-eabi/lib/thumb/v7e-m+fp/softfp\libg_nano.a(libc_a-isattyr.o)
                0x080064a4                _isatty_r
 .text._sbrk_r  0x080064c4       0x20 C:/Users/white/AppData/Roaming/xPacks/@xpack-dev-tools/arm-none-eabi-gcc/13.2.1-1.1.1/.content/bin/../lib/gcc/arm-none-eabi/13.2.1/../../../../arm-none-eabi/lib/thumb/v7e-m+fp/softfp\libg_nano.a(libc_a-sbrkr.o)
                0x080064c4                _sbrk_r
 *fill*         0x080064e4        0xc 
 .text          0x080064f0       0xa0 C:/Users/white/AppData/Roaming/xPacks/@xpack-dev-tools/arm-none-eabi-gcc/13.2.1-1.1.1/.content/bin/../lib/gcc/arm-none-eabi/13.2.1/../../../../arm-none-eabi/lib/thumb/v7e-m+fp/softfp\libg_nano.a(libc_a-memchr.o)
                0x080064f0                memchr
 .text._realloc_r
                0x08006590       0x5c C:/Users/white/AppData/Roaming/xPacks/@xpack-dev-tools/arm-none-eabi-gcc/13.2.1-1.1.1/.content/bin/../lib/gcc/arm-none-eabi/13.2.1/../../../../arm-none-eabi/lib/thumb/v7e-m+fp/softfp\libg_nano.a(libc_a-reallocr.o)
                0x08006590                _realloc_r
 .text._malloc_usable_size_r
                0x080065ec       0x10 C:/Users/white/AppData/Roaming/xPacks/@xpack-dev-tools/arm-none-eabi-gcc/13.2.1-1.1.1/.content/bin/../lib/gcc/arm-none-eabi/13.2.1/../../../../arm-none-eabi/lib/thumb/v7e-m+fp/softfp\libg_nano.a(libc_a-msizer.o)
                0x080065ec                _malloc_usable_size_r
 *(.rodata .rodata.* .constdata .constdata.*)
 .rodata.HAL_NVIC_SetPriorityGrouping.str1.4
                0x080065fc      0x5c8 ./system/src/stm32f4-hal/stm32f4xx_hal_cortex.o
                                 0x31 (size before relaxing)
 .rodata.HAL_GPIO_Init.str1.4
                0x08006bc4       0x2f ./system/src/stm32f4-hal/stm32f4xx_hal_gpio.o
 .rodata.HAL_RCC_OscConfig.str1.4
                0x08006bc4       0x2e ./system/src/stm32f4-hal/stm32f4xx_hal_rcc.o
 .rodata.__assert_func.str1.4
                0x08006bc4       0x43 ./system/src/newlib/assert.o
 .rodata.abort.str1.4
                0x08006bc4       0x14 ./system/src/newlib/exit.o
 .rodata.initialise_monitor_handles.str1.4
                0x08006bc4        0x4 ./system/src/newlib/syscalls.o
 .rodata.trace_puts.str1.4
                0x08006bc4        0x2 ./system/src/diag/trace.o
 .rodata.dumpExceptionStack.str1.4
                0x08006bc4      0x11a ./system/src/cortexm/exception-handlers.o
 .rodata.isSemihosting.str1.4
                0x08006bc4        0x4 ./system/src/cortexm/exception-handlers.o
 .rodata.str1.4
                0x08006bc4       0x2a ./system/src/cortexm/exception-handlers.o
 .rodata.AHBPrescTable
                0x08006bc4       0x10 ./system/src/cmsis/system_stm32f4xx.o
                0x08006bc4                AHBPrescTable
 .rodata.assert_failed.str1.4
                0x08006bd4       0x2d ./src/initialize-hardware.o
 .rodata.prvAutoReloadTimerCallback.str1.4
                0x08006bd4       0x25 ./src/main.o
 .rodata.prvOneShotTimerCallback.str1.4
                0x08006bd4       0x22 ./src/main.o
 .rodata.Sender3.str1.4
                0x08006bd4        0xc ./src/main.o
 .rodata.Reset.str1.4
                0x08006bd4      0x176 ./src/main.o
 .rodata.Receiver.str1.4
                0x08006bd4       0x16 ./src/main.o
 .rodata.main.str1.4
                0x08006bd4      0x163 ./src/main.o
 .rodata.vTaskStartScheduler.str1.4
                0x08006bd4        0x5 ./FreeRTOS Source/tasks.o
 .rodata.prvCheckForValidListAndQueue.str1.4
                0x08006bd4        0x5 ./FreeRTOS Source/timers.o
 .rodata.xTimerCreateTimerTask.str1.4
                0x08006bd4        0x8 ./FreeRTOS Source/timers.o
 .rodata.srand.str1.1
                0x08006bd4       0xbf C:/Users/white/AppData/Roaming/xPacks/@xpack-dev-tools/arm-none-eabi-gcc/13.2.1-1.1.1/.content/bin/../lib/gcc/arm-none-eabi/13.2.1/../../../../arm-none-eabi/lib/thumb/v7e-m+fp/softfp\libg_nano.a(libc_a-rand.o)
                                 0x8c (size before relaxing)
 .rodata._ctype_
                0x08006c93      0x101 C:/Users/white/AppData/Roaming/xPacks/@xpack-dev-tools/arm-none-eabi-gcc/13.2.1-1.1.1/.content/bin/../lib/gcc/arm-none-eabi/13.2.1/../../../../arm-none-eabi/lib/thumb/v7e-m+fp/softfp\libg_nano.a(libc_a-ctype_.o)
                0x08006c93                _ctype_
 .rodata._svfprintf_r.str1.1
                0x08006d94       0x11 C:/Users/white/AppData/Roaming/xPacks/@xpack-dev-tools/arm-none-eabi-gcc/13.2.1-1.1.1/.content/bin/../lib/gcc/arm-none-eabi/13.2.1/../../../../arm-none-eabi/lib/thumb/v7e-m+fp/softfp\libg_nano.a(libc_a-nano-svfprintf.o)
 .rodata._vfprintf_r.str1.1
                0x08006d94       0x11 C:/Users/white/AppData/Roaming/xPacks/@xpack-dev-tools/arm-none-eabi-gcc/13.2.1-1.1.1/.content/bin/../lib/gcc/arm-none-eabi/13.2.1/../../../../arm-none-eabi/lib/thumb/v7e-m+fp/softfp\libg_nano.a(libc_a-nano-vfprintf.o)
 .rodata._printf_i.str1.1
                0x08006d94       0x22 C:/Users/white/AppData/Roaming/xPacks/@xpack-dev-tools/arm-none-eabi-gcc/13.2.1-1.1.1/.content/bin/../lib/gcc/arm-none-eabi/13.2.1/../../../../arm-none-eabi/lib/thumb/v7e-m+fp/softfp\libg_nano.a(libc_a-nano-vfprintf_i.o)
 *(vtable)
 *(.eh_frame*)
 .eh_frame      0x08006d94       0x28 C:/Users/white/AppData/Roaming/xPacks/@xpack-dev-tools/arm-none-eabi-gcc/13.2.1-1.1.1/.content/bin/../lib/gcc/arm-none-eabi/13.2.1/../../../../arm-none-eabi/lib/thumb/v7e-m+fp/softfp\libg_nano.a(libc_a-strlen.o)
 .eh_frame      0x08006dbc       0x50 C:/Users/white/AppData/Roaming/xPacks/@xpack-dev-tools/arm-none-eabi-gcc/13.2.1-1.1.1/.content/bin/../lib/gcc/arm-none-eabi/13.2.1/../../../../arm-none-eabi/lib/thumb/v7e-m+fp/softfp\libg_nano.a(libc_a-memchr.o)
 *(.glue_7)
 .glue_7        0x08006e0c        0x0 linker stubs
 *(.glue_7t)
 .glue_7t       0x08006e0c        0x0 linker stubs

.vfp11_veneer   0x08006e0c        0x0
 .vfp11_veneer  0x08006e0c        0x0 linker stubs

.v4_bx          0x08006e0c        0x0
 .v4_bx         0x08006e0c        0x0 linker stubs

.iplt           0x08006e0c        0x0
 .iplt          0x08006e0c        0x0 ./system/src/stm32f4-hal/stm32f4xx_hal.o

.ARM.extab
 *(.ARM.extab* .gnu.linkonce.armextab.*)
                0x08006e0c                        . = ALIGN (0x4)
                0x08006e0c                        __exidx_start = .

.ARM.exidx      0x08006e0c        0x8
 *(.ARM.exidx* .gnu.linkonce.armexidx.*)
 .ARM.exidx.text.__udivmoddi4
                0x08006e0c        0x8 C:/Users/white/AppData/Roaming/xPacks/@xpack-dev-tools/arm-none-eabi-gcc/13.2.1-1.1.1/.content/bin/../lib/gcc/arm-none-eabi/13.2.1/thumb/v7e-m+fp/softfp\libgcc.a(_udivmoddi4.o)
 .ARM.exidx     0x08006e14        0x0 C:/Users/white/AppData/Roaming/xPacks/@xpack-dev-tools/arm-none-eabi-gcc/13.2.1-1.1.1/.content/bin/../lib/gcc/arm-none-eabi/13.2.1/../../../../arm-none-eabi/lib/thumb/v7e-m+fp/softfp\libg_nano.a(libc_a-strcmp.o)
                                  0x8 (size before relaxing)
 .ARM.exidx     0x08006e14        0x0 C:/Users/white/AppData/Roaming/xPacks/@xpack-dev-tools/arm-none-eabi-gcc/13.2.1-1.1.1/.content/bin/../lib/gcc/arm-none-eabi/13.2.1/../../../../arm-none-eabi/lib/thumb/v7e-m+fp/softfp\libg_nano.a(libc_a-strlen.o)
                                  0x8 (size before relaxing)
 .ARM.exidx     0x08006e14        0x0 C:/Users/white/AppData/Roaming/xPacks/@xpack-dev-tools/arm-none-eabi-gcc/13.2.1-1.1.1/.content/bin/../lib/gcc/arm-none-eabi/13.2.1/../../../../arm-none-eabi/lib/thumb/v7e-m+fp/softfp\libg_nano.a(libc_a-memchr.o)
                                  0x8 (size before relaxing)
                0x08006e14                        __exidx_end = .

.rel.dyn        0x08006e14        0x0
 .rel.iplt      0x08006e14        0x0 ./system/src/stm32f4-hal/stm32f4xx_hal.o
                0x08006e14                        . = ALIGN (0x4)
                0x08006e14                        _etext = .
                0x08006e14                        __etext = .

.data_CCMRAM    0x10000000        0x0 load address 0x08006e14
 FILL mask 0xff
 *(.data.CCMRAM .data.CCMRAM.*)
                0x10000000                        . = ALIGN (0x4)
                0x08006e14                        _sidata = LOADADDR (.data)

.data           0x20000000       0xac load address 0x08006e14
 FILL mask 0xff
                0x20000000                        _sdata = .
                0x20000000                        __data_start__ = .
 *(.data_begin .data_begin.*)
 .data_begin    0x20000000        0x4 ./system/src/newlib/startup.o
 *(.data .data.*)
 .data.uwTickFreq
                0x20000004        0x1 ./system/src/stm32f4-hal/stm32f4xx_hal.o
                0x20000004                uwTickFreq
 *fill*         0x20000005        0x3 ff
 .data.uwTickPrio
                0x20000008        0x4 ./system/src/stm32f4-hal/stm32f4xx_hal.o
                0x20000008                uwTickPrio
 .data.SystemCoreClock
                0x2000000c        0x4 ./system/src/cmsis/system_stm32f4xx.o
                0x2000000c                SystemCoreClock
 .data.iteration
                0x20000010        0x4 ./src/main.o
                0x20000010                iteration
 .data.upper_arr
                0x20000014       0x18 ./src/main.o
                0x20000014                upper_arr
 .data.lower_arr
                0x2000002c       0x18 ./src/main.o
                0x2000002c                lower_arr
 .data.Treceiver
                0x20000044        0x4 ./src/main.o
                0x20000044                Treceiver
 .data.uxCriticalNesting
                0x20000048        0x4 ./FreeRTOS Source/portable/GCC/ARM_CM4F/port.o
 .data.__sglue  0x2000004c        0xc C:/Users/white/AppData/Roaming/xPacks/@xpack-dev-tools/arm-none-eabi-gcc/13.2.1-1.1.1/.content/bin/../lib/gcc/arm-none-eabi/13.2.1/../../../../arm-none-eabi/lib/thumb/v7e-m+fp/softfp\libg_nano.a(libc_a-findfp.o)
                0x2000004c                __sglue
 .data._impure_ptr
                0x20000058        0x4 C:/Users/white/AppData/Roaming/xPacks/@xpack-dev-tools/arm-none-eabi-gcc/13.2.1-1.1.1/.content/bin/../lib/gcc/arm-none-eabi/13.2.1/../../../../arm-none-eabi/lib/thumb/v7e-m+fp/softfp\libg_nano.a(libc_a-impure.o)
                0x20000058                _impure_ptr
 .data._impure_data
                0x2000005c       0x4c C:/Users/white/AppData/Roaming/xPacks/@xpack-dev-tools/arm-none-eabi-gcc/13.2.1-1.1.1/.content/bin/../lib/gcc/arm-none-eabi/13.2.1/../../../../arm-none-eabi/lib/thumb/v7e-m+fp/softfp\libg_nano.a(libc_a-impure.o)
                0x2000005c                _impure_data
 *(.data_end .data_end.*)
 .data_end      0x200000a8        0x4 ./system/src/newlib/startup.o
                0x200000ac                        . = ALIGN (0x4)
                0x200000ac                        _edata = .
                0x200000ac                        __data_end__ = .

.igot.plt       0x200000ac        0x0 load address 0x08006ec0
 .igot.plt      0x200000ac        0x0 ./system/src/stm32f4-hal/stm32f4xx_hal.o

.bss_CCMRAM     0x10000000        0x0
 *(.bss.CCMRAM .bss.CCMRAM.*)

.bss            0x200000b0    0x1316c
                0x200000b0                        __bss_start__ = .
                0x200000b0                        _sbss = .
 *(.bss_begin .bss_begin.*)
 .bss_begin     0x200000b0        0x4 ./system/src/newlib/startup.o
 *(.bss .bss.*)
 .bss.uwTick    0x200000b4        0x4 ./system/src/stm32f4-hal/stm32f4xx_hal.o
                0x200000b4                uwTick
 .bss.current_heap_end.0
                0x200000b8        0x4 ./system/src/newlib/sbrk.o
 .bss.argv_buf.0
                0x200000bc       0x28 ./system/src/newlib/syscalls.o
 .bss.args_buf.1
                0x200000e4       0x50 ./system/src/newlib/syscalls.o
 .bss.monitor_stderr
                0x20000134        0x4 ./system/src/newlib/syscalls.o
 .bss.monitor_stdout
                0x20000138        0x4 ./system/src/newlib/syscalls.o
 .bss.monitor_stdin
                0x2000013c        0x4 ./system/src/newlib/syscalls.o
 .bss.openfiles
                0x20000140       0xa0 ./system/src/newlib/syscalls.o
 .bss.errno     0x200001e0        0x4 ./system/src/newlib/syscalls.o
                0x200001e0                errno
 .bss.buf.0     0x200001e4       0x80 ./system/src/diag/trace.o
 .bss.callback3
                0x20000264        0x4 ./src/main.o
                0x20000264                callback3
 .bss.callback2
                0x20000268        0x4 ./src/main.o
                0x20000268                callback2
 .bss.callback1
                0x2000026c        0x4 ./src/main.o
                0x2000026c                callback1
 .bss.lower     0x20000270        0x4 ./src/main.o
                0x20000270                lower
 .bss.upper     0x20000274        0x4 ./src/main.o
                0x20000274                upper
 .bss.total_number_of_successfully_sent_messages
                0x20000278        0x4 ./src/main.o
                0x20000278                total_number_of_successfully_sent_messages
 .bss.total_number_of_blocked_messages
                0x2000027c        0x4 ./src/main.o
                0x2000027c                total_number_of_blocked_messages
 .bss.received_message
                0x20000280        0x4 ./src/main.o
                0x20000280                received_message
 .bss.block3    0x20000284        0x4 ./src/main.o
                0x20000284                block3
 .bss.block2    0x20000288        0x4 ./src/main.o
                0x20000288                block2
 .bss.block1    0x2000028c        0x4 ./src/main.o
                0x2000028c                block1
 .bss.sent3     0x20000290        0x4 ./src/main.o
                0x20000290                sent3
 .bss.sent2     0x20000294        0x4 ./src/main.o
                0x20000294                sent2
 .bss.sent1     0x20000298        0x4 ./src/main.o
                0x20000298                sent1
 .bss.xSemaphoreReceiver
                0x2000029c        0x4 ./src/main.o
                0x2000029c                xSemaphoreReceiver
 .bss.xSemaphoreSender3
                0x200002a0        0x4 ./src/main.o
                0x200002a0                xSemaphoreSender3
 .bss.xSemaphoreSender2
                0x200002a4        0x4 ./src/main.o
                0x200002a4                xSemaphoreSender2
 .bss.xSemaphoreSender1
                0x200002a8        0x4 ./src/main.o
                0x200002a8                xSemaphoreSender1
 .bss.xQueue    0x200002ac        0x4 ./src/main.o
                0x200002ac                xQueue
 .bss.tot1      0x200002b0        0x8 ./src/main.o
                0x200002b0                tot1
 .bss.tot2      0x200002b8        0x8 ./src/main.o
                0x200002b8                tot2
 .bss.tot3      0x200002c0        0x8 ./src/main.o
                0x200002c0                tot3
 .bss.Tsender3  0x200002c8        0x4 ./src/main.o
                0x200002c8                Tsender3
 .bss.Tsender2  0x200002cc        0x4 ./src/main.o
                0x200002cc                Tsender2
 .bss.Tsender1  0x200002d0        0x4 ./src/main.o
                0x200002d0                Tsender1
 .bss.xTimer4   0x200002d4        0x4 ./src/main.o
 .bss.xTimer3   0x200002d8        0x4 ./src/main.o
 .bss.xTimer2   0x200002dc        0x4 ./src/main.o
 .bss.xTimer1   0x200002e0        0x4 ./src/main.o
 .bss.xTimerAutoReload
                0x200002e4        0x4 ./src/main.o
 .bss.xTimerOneShot
                0x200002e8        0x4 ./src/main.o
 .bss.blinkLeds
                0x200002ec       0x40 ./src/main.o
                0x200002ec                blinkLeds
 .bss.csv_file  0x2000032c        0x4 ./src/main.o
                0x2000032c                csv_file
 .bss.xBlockAllocatedBit
                0x20000330        0x4 ./FreeRTOS Source/portable/MemMang/heap_4.o
 .bss.xMinimumEverFreeBytesRemaining
                0x20000334        0x4 ./FreeRTOS Source/portable/MemMang/heap_4.o
 .bss.xFreeBytesRemaining
                0x20000338        0x4 ./FreeRTOS Source/portable/MemMang/heap_4.o
 .bss.pxEnd     0x2000033c        0x4 ./FreeRTOS Source/portable/MemMang/heap_4.o
 .bss.xStart    0x20000340        0x8 ./FreeRTOS Source/portable/MemMang/heap_4.o
 .bss.ucHeap    0x20000348    0x12c00 ./FreeRTOS Source/portable/MemMang/heap_4.o
 .bss.ulMaxPRIGROUPValue
                0x20012f48        0x4 ./FreeRTOS Source/portable/GCC/ARM_CM4F/port.o
 .bss.ucMaxSysCallPriority
                0x20012f4c        0x1 ./FreeRTOS Source/portable/GCC/ARM_CM4F/port.o
 *fill*         0x20012f4d        0x3 
 .bss.xQueueRegistry
                0x20012f50       0x40 ./FreeRTOS Source/queue.o
                0x20012f50                xQueueRegistry
 .bss.uxSchedulerSuspended
                0x20012f90        0x4 ./FreeRTOS Source/tasks.o
 .bss.xIdleTaskHandle
                0x20012f94        0x4 ./FreeRTOS Source/tasks.o
 .bss.xNextTaskUnblockTime
                0x20012f98        0x4 ./FreeRTOS Source/tasks.o
 .bss.uxTaskNumber
                0x20012f9c        0x4 ./FreeRTOS Source/tasks.o
 .bss.xNumOfOverflows
                0x20012fa0        0x4 ./FreeRTOS Source/tasks.o
 .bss.xYieldPending
                0x20012fa4        0x4 ./FreeRTOS Source/tasks.o
 .bss.uxPendedTicks
                0x20012fa8        0x4 ./FreeRTOS Source/tasks.o
 .bss.xSchedulerRunning
                0x20012fac        0x4 ./FreeRTOS Source/tasks.o
 .bss.uxTopReadyPriority
                0x20012fb0        0x4 ./FreeRTOS Source/tasks.o
 .bss.xTickCount
                0x20012fb4        0x4 ./FreeRTOS Source/tasks.o
 .bss.uxCurrentNumberOfTasks
                0x20012fb8        0x4 ./FreeRTOS Source/tasks.o
 .bss.xSuspendedTaskList
                0x20012fbc       0x14 ./FreeRTOS Source/tasks.o
 .bss.uxDeletedTasksWaitingCleanUp
                0x20012fd0        0x4 ./FreeRTOS Source/tasks.o
 .bss.xTasksWaitingTermination
                0x20012fd4       0x14 ./FreeRTOS Source/tasks.o
 .bss.xPendingReadyList
                0x20012fe8       0x14 ./FreeRTOS Source/tasks.o
 .bss.pxOverflowDelayedTaskList
                0x20012ffc        0x4 ./FreeRTOS Source/tasks.o
 .bss.pxDelayedTaskList
                0x20013000        0x4 ./FreeRTOS Source/tasks.o
 .bss.xDelayedTaskList2
                0x20013004       0x14 ./FreeRTOS Source/tasks.o
 .bss.xDelayedTaskList1
                0x20013018       0x14 ./FreeRTOS Source/tasks.o
 .bss.pxReadyTasksLists
                0x2001302c       0x64 ./FreeRTOS Source/tasks.o
 .bss.pxCurrentTCB
                0x20013090        0x4 ./FreeRTOS Source/tasks.o
                0x20013090                pxCurrentTCB
 .bss.xLastTime.0
                0x20013094        0x4 ./FreeRTOS Source/timers.o
 .bss.xTimerTaskHandle
                0x20013098        0x4 ./FreeRTOS Source/timers.o
 .bss.xTimerQueue
                0x2001309c        0x4 ./FreeRTOS Source/timers.o
 .bss.pxOverflowTimerList
                0x200130a0        0x4 ./FreeRTOS Source/timers.o
 .bss.pxCurrentTimerList
                0x200130a4        0x4 ./FreeRTOS Source/timers.o
 .bss.xActiveTimerList2
                0x200130a8       0x14 ./FreeRTOS Source/timers.o
 .bss.xActiveTimerList1
                0x200130bc       0x14 ./FreeRTOS Source/timers.o
 .bss.__sf      0x200130d0      0x138 C:/Users/white/AppData/Roaming/xPacks/@xpack-dev-tools/arm-none-eabi-gcc/13.2.1-1.1.1/.content/bin/../lib/gcc/arm-none-eabi/13.2.1/../../../../arm-none-eabi/lib/thumb/v7e-m+fp/softfp\libg_nano.a(libc_a-findfp.o)
                0x200130d0                __sf
 .bss.__stdio_exit_handler
                0x20013208        0x4 C:/Users/white/AppData/Roaming/xPacks/@xpack-dev-tools/arm-none-eabi-gcc/13.2.1-1.1.1/.content/bin/../lib/gcc/arm-none-eabi/13.2.1/../../../../arm-none-eabi/lib/thumb/v7e-m+fp/softfp\libg_nano.a(libc_a-findfp.o)
                0x20013208                __stdio_exit_handler
 .bss.__lock___malloc_recursive_mutex
                0x2001320c        0x1 C:/Users/white/AppData/Roaming/xPacks/@xpack-dev-tools/arm-none-eabi-gcc/13.2.1-1.1.1/.content/bin/../lib/gcc/arm-none-eabi/13.2.1/../../../../arm-none-eabi/lib/thumb/v7e-m+fp/softfp\libg_nano.a(libc_a-lock.o)
                0x2001320c                __lock___malloc_recursive_mutex
 .bss.__lock___sfp_recursive_mutex
                0x2001320d        0x1 C:/Users/white/AppData/Roaming/xPacks/@xpack-dev-tools/arm-none-eabi-gcc/13.2.1-1.1.1/.content/bin/../lib/gcc/arm-none-eabi/13.2.1/../../../../arm-none-eabi/lib/thumb/v7e-m+fp/softfp\libg_nano.a(libc_a-lock.o)
                0x2001320d                __lock___sfp_recursive_mutex
 *fill*         0x2001320e        0x2 
 .bss.__malloc_sbrk_start
                0x20013210        0x4 C:/Users/white/AppData/Roaming/xPacks/@xpack-dev-tools/arm-none-eabi-gcc/13.2.1-1.1.1/.content/bin/../lib/gcc/arm-none-eabi/13.2.1/../../../../arm-none-eabi/lib/thumb/v7e-m+fp/softfp\libg_nano.a(libc_a-mallocr.o)
                0x20013210                __malloc_sbrk_start
 .bss.__malloc_free_list
                0x20013214        0x4 C:/Users/white/AppData/Roaming/xPacks/@xpack-dev-tools/arm-none-eabi-gcc/13.2.1-1.1.1/.content/bin/../lib/gcc/arm-none-eabi/13.2.1/../../../../arm-none-eabi/lib/thumb/v7e-m+fp/softfp\libg_nano.a(libc_a-mallocr.o)
                0x20013214                __malloc_free_list
 *(COMMON)
 *(.bss_end .bss_end.*)
 .bss_end       0x20013218        0x4 ./system/src/newlib/startup.o
                0x2001321c                        . = ALIGN (0x4)
                0x2001321c                        __bss_end__ = .
                0x2001321c                        _ebss = .

.noinit_CCMRAM
 *(.noinit.CCMRAM .noinit.CCMRAM.*)

.noinit         0x2001321c        0x0
                0x2001321c                        _noinit = .
 *(.noinit .noinit.*)
                0x2001321c                        . = ALIGN (0x4)
                0x2001321c                        _end_noinit = .
                [!provide]                        PROVIDE (end = _end_noinit)
                [!provide]                        PROVIDE (_end = _end_noinit)
                [!provide]                        PROVIDE (__end = _end_noinit)
                [!provide]                        PROVIDE (__end__ = _end_noinit)

._check_stack   0x2001321c      0x100
                0x2001331c                        . = (. + _Minimum_Stack_Size)
 *fill*         0x2001321c      0x100 

.b1text
 *(.b1text)
 *(.b1rodata)
 *(.b1rodata.*)

.eb0text
 *(.eb0text)
 *(.eb0rodata)
 *(.eb0rodata.*)

.eb1text
 *(.eb1text)
 *(.eb1rodata)
 *(.eb1rodata.*)

.eb2text
 *(.eb2text)
 *(.eb2rodata)
 *(.eb2rodata.*)

.eb3text
 *(.eb3text)
 *(.eb3rodata)
 *(.eb3rodata.*)

.stab
 *(.stab)

.stabstr
 *(.stabstr)

.stab.excl
 *(.stab.excl)

.stab.exclstr
 *(.stab.exclstr)

.stab.index
 *(.stab.index)

.stab.indexstr
 *(.stab.indexstr)

.comment        0x00000000       0x39
 *(.comment)
 .comment       0x00000000       0x39 ./system/src/stm32f4-hal/stm32f4xx_hal.o
                                 0x3a (size before relaxing)
 .comment       0x00000039       0x3a ./system/src/stm32f4-hal/stm32f4xx_hal_cortex.o
 .comment       0x00000039       0x3a ./system/src/stm32f4-hal/stm32f4xx_hal_gpio.o
 .comment       0x00000039       0x3a ./system/src/stm32f4-hal/stm32f4xx_hal_rcc.o
 .comment       0x00000039       0x3a ./system/src/newlib/assert.o
 .comment       0x00000039       0x3a ./system/src/newlib/exit.o
 .comment       0x00000039       0x3a ./system/src/newlib/sbrk.o
 .comment       0x00000039       0x3a ./system/src/newlib/startup.o
 .comment       0x00000039       0x3a ./system/src/newlib/syscalls.o
 .comment       0x00000039       0x3a ./system/src/diag/trace-impl.o
 .comment       0x00000039       0x3a ./system/src/diag/trace.o
 .comment       0x00000039       0x3a ./system/src/cortexm/exception-handlers.o
 .comment       0x00000039       0x3a ./system/src/cortexm/initialize-hardware.o
 .comment       0x00000039       0x3a ./system/src/cmsis/system_stm32f4xx.o
 .comment       0x00000039       0x3a ./system/src/cmsis/vectors_stm32f407xx.o
 .comment       0x00000039       0x3a ./src/initialize-hardware.o
 .comment       0x00000039       0x3a ./src/led.o
 .comment       0x00000039       0x3a ./src/main.o
 .comment       0x00000039       0x3a ./src/stm32f4xx_hal_msp.o
 .comment       0x00000039       0x3a ./FreeRTOS Source/portable/MemMang/heap_4.o
 .comment       0x00000039       0x3a ./FreeRTOS Source/portable/GCC/ARM_CM4F/port.o
 .comment       0x00000039       0x3a ./FreeRTOS Source/list.o
 .comment       0x00000039       0x3a ./FreeRTOS Source/queue.o
 .comment       0x00000039       0x3a ./FreeRTOS Source/tasks.o
 .comment       0x00000039       0x3a ./FreeRTOS Source/timers.o
 .comment       0x00000039       0x3a C:/Users/white/AppData/Roaming/xPacks/@xpack-dev-tools/arm-none-eabi-gcc/13.2.1-1.1.1/.content/bin/../lib/gcc/arm-none-eabi/13.2.1/thumb/v7e-m+fp/softfp\libgcc.a(_udivmoddi4.o)
 .comment       0x00000039       0x3a C:/Users/white/AppData/Roaming/xPacks/@xpack-dev-tools/arm-none-eabi-gcc/13.2.1-1.1.1/.content/bin/../lib/gcc/arm-none-eabi/13.2.1/../../../../arm-none-eabi/lib/thumb/v7e-m+fp/softfp\libg_nano.a(libc_a-exit.o)
 .comment       0x00000039       0x3a C:/Users/white/AppData/Roaming/xPacks/@xpack-dev-tools/arm-none-eabi-gcc/13.2.1-1.1.1/.content/bin/../lib/gcc/arm-none-eabi/13.2.1/../../../../arm-none-eabi/lib/thumb/v7e-m+fp/softfp\libg_nano.a(libc_a-rand.o)
 .comment       0x00000039       0x3a C:/Users/white/AppData/Roaming/xPacks/@xpack-dev-tools/arm-none-eabi-gcc/13.2.1-1.1.1/.content/bin/../lib/gcc/arm-none-eabi/13.2.1/../../../../arm-none-eabi/lib/thumb/v7e-m+fp/softfp\libg_nano.a(libc_a-ctype_.o)
 .comment       0x00000039       0x3a C:/Users/white/AppData/Roaming/xPacks/@xpack-dev-tools/arm-none-eabi-gcc/13.2.1-1.1.1/.content/bin/../lib/gcc/arm-none-eabi/13.2.1/../../../../arm-none-eabi/lib/thumb/v7e-m+fp/softfp\libg_nano.a(libc_a-fclose.o)
 .comment       0x00000039       0x3a C:/Users/white/AppData/Roaming/xPacks/@xpack-dev-tools/arm-none-eabi-gcc/13.2.1-1.1.1/.content/bin/../lib/gcc/arm-none-eabi/13.2.1/../../../../arm-none-eabi/lib/thumb/v7e-m+fp/softfp\libg_nano.a(libc_a-fflush.o)
 .comment       0x00000039       0x3a C:/Users/white/AppData/Roaming/xPacks/@xpack-dev-tools/arm-none-eabi-gcc/13.2.1-1.1.1/.content/bin/../lib/gcc/arm-none-eabi/13.2.1/../../../../arm-none-eabi/lib/thumb/v7e-m+fp/softfp\libg_nano.a(libc_a-findfp.o)
 .comment       0x00000039       0x3a C:/Users/white/AppData/Roaming/xPacks/@xpack-dev-tools/arm-none-eabi-gcc/13.2.1-1.1.1/.content/bin/../lib/gcc/arm-none-eabi/13.2.1/../../../../arm-none-eabi/lib/thumb/v7e-m+fp/softfp\libg_nano.a(libc_a-fopen.o)
 .comment       0x00000039       0x3a C:/Users/white/AppData/Roaming/xPacks/@xpack-dev-tools/arm-none-eabi-gcc/13.2.1-1.1.1/.content/bin/../lib/gcc/arm-none-eabi/13.2.1/../../../../arm-none-eabi/lib/thumb/v7e-m+fp/softfp\libg_nano.a(libc_a-fprintf.o)
 .comment       0x00000039       0x3a C:/Users/white/AppData/Roaming/xPacks/@xpack-dev-tools/arm-none-eabi-gcc/13.2.1-1.1.1/.content/bin/../lib/gcc/arm-none-eabi/13.2.1/../../../../arm-none-eabi/lib/thumb/v7e-m+fp/softfp\libg_nano.a(libc_a-fseek.o)
 .comment       0x00000039       0x3a C:/Users/white/AppData/Roaming/xPacks/@xpack-dev-tools/arm-none-eabi-gcc/13.2.1-1.1.1/.content/bin/../lib/gcc/arm-none-eabi/13.2.1/../../../../arm-none-eabi/lib/thumb/v7e-m+fp/softfp\libg_nano.a(libc_a-fwalk.o)
 .comment       0x00000039       0x3a C:/Users/white/AppData/Roaming/xPacks/@xpack-dev-tools/arm-none-eabi-gcc/13.2.1-1.1.1/.content/bin/../lib/gcc/arm-none-eabi/13.2.1/../../../../arm-none-eabi/lib/thumb/v7e-m+fp/softfp\libg_nano.a(libc_a-fwrite.o)
 .comment       0x00000039       0x3a C:/Users/white/AppData/Roaming/xPacks/@xpack-dev-tools/arm-none-eabi-gcc/13.2.1-1.1.1/.content/bin/../lib/gcc/arm-none-eabi/13.2.1/../../../../arm-none-eabi/lib/thumb/v7e-m+fp/softfp\libg_nano.a(libc_a-printf.o)
 .comment       0x00000039       0x3a C:/Users/white/AppData/Roaming/xPacks/@xpack-dev-tools/arm-none-eabi-gcc/13.2.1-1.1.1/.content/bin/../lib/gcc/arm-none-eabi/13.2.1/../../../../arm-none-eabi/lib/thumb/v7e-m+fp/softfp\libg_nano.a(libc_a-puts.o)
 .comment       0x00000039       0x3a C:/Users/white/AppData/Roaming/xPacks/@xpack-dev-tools/arm-none-eabi-gcc/13.2.1-1.1.1/.content/bin/../lib/gcc/arm-none-eabi/13.2.1/../../../../arm-none-eabi/lib/thumb/v7e-m+fp/softfp\libg_nano.a(libc_a-snprintf.o)
 .comment       0x00000039       0x3a C:/Users/white/AppData/Roaming/xPacks/@xpack-dev-tools/arm-none-eabi-gcc/13.2.1-1.1.1/.content/bin/../lib/gcc/arm-none-eabi/13.2.1/../../../../arm-none-eabi/lib/thumb/v7e-m+fp/softfp\libg_nano.a(libc_a-stdio.o)
 .comment       0x00000039       0x3a C:/Users/white/AppData/Roaming/xPacks/@xpack-dev-tools/arm-none-eabi-gcc/13.2.1-1.1.1/.content/bin/../lib/gcc/arm-none-eabi/13.2.1/../../../../arm-none-eabi/lib/thumb/v7e-m+fp/softfp\libg_nano.a(libc_a-vsnprintf.o)
 .comment       0x00000039       0x3a C:/Users/white/AppData/Roaming/xPacks/@xpack-dev-tools/arm-none-eabi-gcc/13.2.1-1.1.1/.content/bin/../lib/gcc/arm-none-eabi/13.2.1/../../../../arm-none-eabi/lib/thumb/v7e-m+fp/softfp\libg_nano.a(libc_a-wbuf.o)
 .comment       0x00000039       0x3a C:/Users/white/AppData/Roaming/xPacks/@xpack-dev-tools/arm-none-eabi-gcc/13.2.1-1.1.1/.content/bin/../lib/gcc/arm-none-eabi/13.2.1/../../../../arm-none-eabi/lib/thumb/v7e-m+fp/softfp\libg_nano.a(libc_a-wsetup.o)
 .comment       0x00000039       0x3a C:/Users/white/AppData/Roaming/xPacks/@xpack-dev-tools/arm-none-eabi-gcc/13.2.1-1.1.1/.content/bin/../lib/gcc/arm-none-eabi/13.2.1/../../../../arm-none-eabi/lib/thumb/v7e-m+fp/softfp\libg_nano.a(libc_a-fseeko.o)
 .comment       0x00000039       0x3a C:/Users/white/AppData/Roaming/xPacks/@xpack-dev-tools/arm-none-eabi-gcc/13.2.1-1.1.1/.content/bin/../lib/gcc/arm-none-eabi/13.2.1/../../../../arm-none-eabi/lib/thumb/v7e-m+fp/softfp\libg_nano.a(libc_a-memset.o)
 .comment       0x00000039       0x3a C:/Users/white/AppData/Roaming/xPacks/@xpack-dev-tools/arm-none-eabi-gcc/13.2.1-1.1.1/.content/bin/../lib/gcc/arm-none-eabi/13.2.1/../../../../arm-none-eabi/lib/thumb/v7e-m+fp/softfp\libg_nano.a(libc_a-time.o)
 .comment       0x00000039       0x3a C:/Users/white/AppData/Roaming/xPacks/@xpack-dev-tools/arm-none-eabi-gcc/13.2.1-1.1.1/.content/bin/../lib/gcc/arm-none-eabi/13.2.1/../../../../arm-none-eabi/lib/thumb/v7e-m+fp/softfp\libg_nano.a(libc_a-closer.o)
 .comment       0x00000039       0x3a C:/Users/white/AppData/Roaming/xPacks/@xpack-dev-tools/arm-none-eabi-gcc/13.2.1-1.1.1/.content/bin/../lib/gcc/arm-none-eabi/13.2.1/../../../../arm-none-eabi/lib/thumb/v7e-m+fp/softfp\libg_nano.a(libc_a-impure.o)
 .comment       0x00000039       0x3a C:/Users/white/AppData/Roaming/xPacks/@xpack-dev-tools/arm-none-eabi-gcc/13.2.1-1.1.1/.content/bin/../lib/gcc/arm-none-eabi/13.2.1/../../../../arm-none-eabi/lib/thumb/v7e-m+fp/softfp\libg_nano.a(libc_a-gettimeofdayr.o)
 .comment       0x00000039       0x3a C:/Users/white/AppData/Roaming/xPacks/@xpack-dev-tools/arm-none-eabi-gcc/13.2.1-1.1.1/.content/bin/../lib/gcc/arm-none-eabi/13.2.1/../../../../arm-none-eabi/lib/thumb/v7e-m+fp/softfp\libg_nano.a(libc_a-lseekr.o)
 .comment       0x00000039       0x3a C:/Users/white/AppData/Roaming/xPacks/@xpack-dev-tools/arm-none-eabi-gcc/13.2.1-1.1.1/.content/bin/../lib/gcc/arm-none-eabi/13.2.1/../../../../arm-none-eabi/lib/thumb/v7e-m+fp/softfp\libg_nano.a(libc_a-openr.o)
 .comment       0x00000039       0x3a C:/Users/white/AppData/Roaming/xPacks/@xpack-dev-tools/arm-none-eabi-gcc/13.2.1-1.1.1/.content/bin/../lib/gcc/arm-none-eabi/13.2.1/../../../../arm-none-eabi/lib/thumb/v7e-m+fp/softfp\libg_nano.a(libc_a-readr.o)
 .comment       0x00000039       0x3a C:/Users/white/AppData/Roaming/xPacks/@xpack-dev-tools/arm-none-eabi-gcc/13.2.1-1.1.1/.content/bin/../lib/gcc/arm-none-eabi/13.2.1/../../../../arm-none-eabi/lib/thumb/v7e-m+fp/softfp\libg_nano.a(libc_a-writer.o)
 .comment       0x00000039       0x3a C:/Users/white/AppData/Roaming/xPacks/@xpack-dev-tools/arm-none-eabi-gcc/13.2.1-1.1.1/.content/bin/../lib/gcc/arm-none-eabi/13.2.1/../../../../arm-none-eabi/lib/thumb/v7e-m+fp/softfp\libg_nano.a(libc_a-errno.o)
 .comment       0x00000039       0x3a C:/Users/white/AppData/Roaming/xPacks/@xpack-dev-tools/arm-none-eabi-gcc/13.2.1-1.1.1/.content/bin/../lib/gcc/arm-none-eabi/13.2.1/../../../../arm-none-eabi/lib/thumb/v7e-m+fp/softfp\libg_nano.a(libc_a-lock.o)
 .comment       0x00000039       0x3a C:/Users/white/AppData/Roaming/xPacks/@xpack-dev-tools/arm-none-eabi-gcc/13.2.1-1.1.1/.content/bin/../lib/gcc/arm-none-eabi/13.2.1/../../../../arm-none-eabi/lib/thumb/v7e-m+fp/softfp\libg_nano.a(libc_a-memcpy-stub.o)
 .comment       0x00000039       0x3a C:/Users/white/AppData/Roaming/xPacks/@xpack-dev-tools/arm-none-eabi-gcc/13.2.1-1.1.1/.content/bin/../lib/gcc/arm-none-eabi/13.2.1/../../../../arm-none-eabi/lib/thumb/v7e-m+fp/softfp\libg_nano.a(libc_a-freer.o)
 .comment       0x00000039       0x3a C:/Users/white/AppData/Roaming/xPacks/@xpack-dev-tools/arm-none-eabi-gcc/13.2.1-1.1.1/.content/bin/../lib/gcc/arm-none-eabi/13.2.1/../../../../arm-none-eabi/lib/thumb/v7e-m+fp/softfp\libg_nano.a(libc_a-malloc.o)
 .comment       0x00000039       0x3a C:/Users/white/AppData/Roaming/xPacks/@xpack-dev-tools/arm-none-eabi-gcc/13.2.1-1.1.1/.content/bin/../lib/gcc/arm-none-eabi/13.2.1/../../../../arm-none-eabi/lib/thumb/v7e-m+fp/softfp\libg_nano.a(libc_a-mallocr.o)
 .comment       0x00000039       0x3a C:/Users/white/AppData/Roaming/xPacks/@xpack-dev-tools/arm-none-eabi-gcc/13.2.1-1.1.1/.content/bin/../lib/gcc/arm-none-eabi/13.2.1/../../../../arm-none-eabi/lib/thumb/v7e-m+fp/softfp\libg_nano.a(libc_a-mlock.o)
 .comment       0x00000039       0x3a C:/Users/white/AppData/Roaming/xPacks/@xpack-dev-tools/arm-none-eabi-gcc/13.2.1-1.1.1/.content/bin/../lib/gcc/arm-none-eabi/13.2.1/../../../../arm-none-eabi/lib/thumb/v7e-m+fp/softfp\libg_nano.a(libc_a-nano-svfprintf.o)
 .comment       0x00000039       0x3a C:/Users/white/AppData/Roaming/xPacks/@xpack-dev-tools/arm-none-eabi-gcc/13.2.1-1.1.1/.content/bin/../lib/gcc/arm-none-eabi/13.2.1/../../../../arm-none-eabi/lib/thumb/v7e-m+fp/softfp\libg_nano.a(libc_a-nano-vfprintf.o)
 .comment       0x00000039       0x3a C:/Users/white/AppData/Roaming/xPacks/@xpack-dev-tools/arm-none-eabi-gcc/13.2.1-1.1.1/.content/bin/../lib/gcc/arm-none-eabi/13.2.1/../../../../arm-none-eabi/lib/thumb/v7e-m+fp/softfp\libg_nano.a(libc_a-nano-vfprintf_i.o)
 .comment       0x00000039       0x3a C:/Users/white/AppData/Roaming/xPacks/@xpack-dev-tools/arm-none-eabi-gcc/13.2.1-1.1.1/.content/bin/../lib/gcc/arm-none-eabi/13.2.1/../../../../arm-none-eabi/lib/thumb/v7e-m+fp/softfp\libg_nano.a(libc_a-flags.o)
 .comment       0x00000039       0x3a C:/Users/white/AppData/Roaming/xPacks/@xpack-dev-tools/arm-none-eabi-gcc/13.2.1-1.1.1/.content/bin/../lib/gcc/arm-none-eabi/13.2.1/../../../../arm-none-eabi/lib/thumb/v7e-m+fp/softfp\libg_nano.a(libc_a-makebuf.o)
 .comment       0x00000039       0x3a C:/Users/white/AppData/Roaming/xPacks/@xpack-dev-tools/arm-none-eabi-gcc/13.2.1-1.1.1/.content/bin/../lib/gcc/arm-none-eabi/13.2.1/../../../../arm-none-eabi/lib/thumb/v7e-m+fp/softfp\libg_nano.a(libc_a-memmove.o)
 .comment       0x00000039       0x3a C:/Users/white/AppData/Roaming/xPacks/@xpack-dev-tools/arm-none-eabi-gcc/13.2.1-1.1.1/.content/bin/../lib/gcc/arm-none-eabi/13.2.1/../../../../arm-none-eabi/lib/thumb/v7e-m+fp/softfp\libg_nano.a(libc_a-fstatr.o)
 .comment       0x00000039       0x3a C:/Users/white/AppData/Roaming/xPacks/@xpack-dev-tools/arm-none-eabi-gcc/13.2.1-1.1.1/.content/bin/../lib/gcc/arm-none-eabi/13.2.1/../../../../arm-none-eabi/lib/thumb/v7e-m+fp/softfp\libg_nano.a(libc_a-isattyr.o)
 .comment       0x00000039       0x3a C:/Users/white/AppData/Roaming/xPacks/@xpack-dev-tools/arm-none-eabi-gcc/13.2.1-1.1.1/.content/bin/../lib/gcc/arm-none-eabi/13.2.1/../../../../arm-none-eabi/lib/thumb/v7e-m+fp/softfp\libg_nano.a(libc_a-sbrkr.o)
 .comment       0x00000039       0x3a C:/Users/white/AppData/Roaming/xPacks/@xpack-dev-tools/arm-none-eabi-gcc/13.2.1-1.1.1/.content/bin/../lib/gcc/arm-none-eabi/13.2.1/../../../../arm-none-eabi/lib/thumb/v7e-m+fp/softfp\libg_nano.a(libc_a-reallocr.o)
 .comment       0x00000039       0x3a C:/Users/white/AppData/Roaming/xPacks/@xpack-dev-tools/arm-none-eabi-gcc/13.2.1-1.1.1/.content/bin/../lib/gcc/arm-none-eabi/13.2.1/../../../../arm-none-eabi/lib/thumb/v7e-m+fp/softfp\libg_nano.a(libc_a-msizer.o)

.ARM.attributes
                0x00000000       0x30
 .ARM.attributes
                0x00000000       0x32 ./system/src/stm32f4-hal/stm32f4xx_hal.o
 .ARM.attributes
                0x00000032       0x32 ./system/src/stm32f4-hal/stm32f4xx_hal_cortex.o
 .ARM.attributes
                0x00000064       0x32 ./system/src/stm32f4-hal/stm32f4xx_hal_gpio.o
 .ARM.attributes
                0x00000096       0x32 ./system/src/stm32f4-hal/stm32f4xx_hal_rcc.o
 .ARM.attributes
                0x000000c8       0x32 ./system/src/newlib/assert.o
 .ARM.attributes
                0x000000fa       0x32 ./system/src/newlib/exit.o
 .ARM.attributes
                0x0000012c       0x32 ./system/src/newlib/sbrk.o
 .ARM.attributes
                0x0000015e       0x32 ./system/src/newlib/startup.o